W/ContextImpl( 2236): Calling a method in the system process without a qualified user: android.app.ContextImpl.sendBroadcast:1327 com.android.server.wm.WindowManagerService.hideStatusbarBroadcast:12002 com.android.server.am.ActivityStackSupervisor.mayAutoHideStatusBar:1849 com.android.server.am.ActivityStackSupervisor.moveHomeStack:453 com.android.server.am.ActivityManagerService$4.unsetHomeStack:2192 
I/ActivityManager( 2236): =============== gchen_tag: stackId: 96 in moveTaskToFrontLocked: moveTaskToFront
W/ContextImpl( 2236): Calling a method in the system process without a qualified user: android.app.ContextImpl.sendBroadcast:1327 com.android.server.am.ActivityStackSupervisor.setFocusedStack:1803 com.android.server.am.ActivityStackSupervisor.setFocusedStack:1791 com.android.server.am.ActivityStack.moveTaskToFrontLocked:3501 com.android.server.am.ActivityStackSupervisor.findTaskToMoveToFrontLocked:2829 
W/ContextImpl( 2236): Calling a method in the system process without a qualified user: android.app.ContextImpl.sendBroadcast:1327 com.android.server.wm.WindowManagerService.hideStatusbarBroadcast:12002 com.android.server.am.ActivityStackSupervisor.mayAutoHideStatusBar:1849 com.android.server.am.ActivityStackSupervisor.adjustStatusBar:1856 com.android.server.am.ActivityStackSupervisor.setFocusedStack:1826 
W/ContextImpl( 2236): Calling a method in the system process without a qualified user: android.app.ContextImpl.sendBroadcast:1327 com.android.server.wm.WindowManagerService.hideStatusbarBroadcast:12002 com.android.server.am.ActivityStackSupervisor.mayAutoHideStatusBar:1849 com.android.server.am.ActivityStackSupervisor.moveHomeStack:453 com.android.server.am.ActivityStack.moveToFront:493 
V/WindowManager( 2236): ++++xiej, 04-13,7:26, getOrientationFromAppTokensLocked
E/Vold    ( 1926): Failed to find mounted volume for /storage/usb0/Android/data/com.microsoft.office.excel/files/
E/Vold    ( 1926): Failed to find mounted volume for /storage/usb1/Android/data/com.microsoft.office.excel/files/
E/Vold    ( 1926): Failed to find mounted volume for /storage/usb2/Android/data/com.microsoft.office.excel/files/
E/Vold    ( 1926): Failed to find mounted volume for /storage/usb3/Android/data/com.microsoft.office.excel/files/
E/Vold    ( 1926): Failed to find mounted volume for /storage/sdcard1/Android/data/com.microsoft.office.excel/files/
V/WindowManager( 2236): not Base app: Adding window Window{3ca74263 u0 com.microsoft.office.excel/com.microsoft.office.excel.excelMainActivity} at 16 of 20
V/WindowManager( 2236): ++++xiej, 04-13,7:26, getOrientationFromAppTokensLocked
V/WindowManager( 2236): ++++xiej, 04-13,7:26, getOrientationFromAppTokensLocked
W/ContextImpl( 2236): Calling a method in the system process without a qualified user: android.app.ContextImpl.sendBroadcast:1327 com.android.server.wm.WindowManagerService.showStatusbarBroadcast:12012 com.android.server.wm.WindowManagerService$H.onCheckingStatusBar:7671 com.android.server.wm.WindowManagerService$H.handleMessage:8190 android.os.Handler.dispatchMessage:102 
W/ContextImpl( 2236): Calling a method in the system process without a qualified user: android.app.ContextImpl.sendBroadcast:1327 com.android.server.wm.WindowManagerService.showStatusbarBroadcast:12012 com.android.server.wm.WindowManagerService$H.onCheckingStatusBar:7671 com.android.server.wm.WindowManagerService$H.handleMessage:8190 android.os.Handler.dispatchMessage:102 
W/ContextImpl( 2236): Calling a method in the system process without a qualified user: android.app.ContextImpl.sendBroadcast:1327 com.android.server.wm.WindowManagerService.showStatusbarBroadcast:12012 com.android.server.wm.WindowManagerService$H.onCheckingStatusBar:7671 com.android.server.wm.WindowManagerService$H.handleMessage:8190 android.os.Handler.dispatchMessage:102 
V/WindowManager( 2236): ++++xiej, 04-13,7:26, getOrientationFromAppTokensLocked
W/ContextImpl( 2236): Calling a method in the system process without a qualified user: android.app.ContextImpl.sendBroadcast:1327 com.android.server.wm.WindowManagerService.showStatusbarBroadcast:12012 com.android.server.wm.WindowManagerService$H.onCheckingStatusBar:7671 com.android.server.wm.WindowManagerService$H.handleMessage:8190 android.os.Handler.dispatchMessage:102 
W/ContextImpl( 2236): Calling a method in the system process without a qualified user: android.app.ContextImpl.sendBroadcast:1327 com.android.server.wm.WindowManagerService.showStatusbarBroadcast:12012 com.android.server.wm.WindowManagerService$H.onCheckingStatusBar:7671 com.android.server.wm.WindowManagerService$H.handleMessage:8190 android.os.Handler.dispatchMessage:102 
W/ContextImpl( 2236): Calling a method in the system process without a qualified user: android.app.ContextImpl.sendBroadcast:1327 com.android.server.wm.WindowManagerService.showStatusbarBroadcast:12012 com.android.server.wm.WindowManagerService$H.onCheckingStatusBar:7671 com.android.server.wm.WindowManagerService$H.handleMessage:8190 android.os.Handler.dispatchMessage:102 
W/ContextImpl( 2236): Calling a method in the system process without a qualified user: android.app.ContextImpl.sendBroadcast:1327 com.android.server.wm.WindowManagerService.showStatusbarBroadcast:12012 com.android.server.wm.WindowManagerService$H.onCheckingStatusBar:7671 com.android.server.wm.WindowManagerService$H.handleMessage:8190 android.os.Handler.dispatchMessage:102 
W/ContextImpl( 2236): Calling a method in the system process without a qualified user: android.app.ContextImpl.sendBroadcast:1327 com.android.server.wm.WindowManagerService.showStatusbarBroadcast:12012 com.android.server.wm.WindowManagerService$H.onCheckingStatusBar:7671 com.android.server.wm.WindowManagerService$H.handleMessage:8190 android.os.Handler.dispatchMessage:102 
W/ContextImpl( 2236): Calling a method in the system process without a qualified user: android.app.ContextImpl.sendBroadcast:1327 com.android.server.wm.WindowManagerService.showStatusbarBroadcast:12012 com.android.server.wm.WindowManagerService$H.onCheckingStatusBar:7671 com.android.server.wm.WindowManagerService$H.handleMessage:8190 android.os.Handler.dispatchMessage:102 
W/ContextImpl( 2236): Calling a method in the system process without a qualified user: android.app.ContextImpl.sendBroadcast:1327 com.android.server.wm.WindowManagerService.showStatusbarBroadcast:12012 com.android.server.wm.WindowManagerService$H.onCheckingStatusBar:7671 com.android.server.wm.WindowManagerService$H.handleMessage:8190 android.os.Handler.dispatchMessage:102 
W/ContextImpl( 2236): Calling a method in the system process without a qualified user: android.app.ContextImpl.sendBroadcast:1327 com.android.server.wm.WindowManagerService.showStatusbarBroadcast:12012 com.android.server.wm.WindowManagerService$H.onCheckingStatusBar:7671 com.android.server.wm.WindowManagerService$H.handleMessage:8190 android.os.Handler.dispatchMessage:102 
W/ContextImpl( 2236): Calling a method in the system process without a qualified user: android.app.ContextImpl.sendBroadcast:1327 com.android.server.wm.WindowManagerService.showStatusbarBroadcast:12012 com.android.server.wm.WindowManagerService$H.onCheckingStatusBar:7671 com.android.server.wm.WindowManagerService$H.handleMessage:8190 android.os.Handler.dispatchMessage:102 
W/ContextImpl( 2236): Calling a method in the system process without a qualified user: android.app.ContextImpl.sendBroadcast:1327 com.android.server.wm.WindowManagerService.showStatusbarBroadcast:12012 com.android.server.wm.WindowManagerService$H.onCheckingStatusBar:7671 com.android.server.wm.WindowManagerService$H.handleMessage:8190 android.os.Handler.dispatchMessage:102 
W/ContextImpl( 2236): Calling a method in the system process without a qualified user: android.app.ContextImpl.sendBroadcast:1327 com.android.server.wm.WindowManagerService.showStatusbarBroadcast:12012 com.android.server.wm.WindowManagerService$H.onCheckingStatusBar:7671 com.android.server.wm.WindowManagerService$H.handleMessage:8190 android.os.Handler.dispatchMessage:102 
W/ContextImpl( 2236): Calling a method in the system process without a qualified user: android.app.ContextImpl.sendBroadcast:1327 com.android.server.wm.WindowManagerService.showStatusbarBroadcast:12012 com.android.server.wm.WindowManagerService$H.onCheckingStatusBar:7671 com.android.server.wm.WindowManagerService$H.handleMessage:8190 android.os.Handler.dispatchMessage:102 
W/ContextImpl( 2236): Calling a method in the system process without a qualified user: android.app.ContextImpl.sendBroadcast:1327 com.android.server.wm.WindowManagerService.showStatusbarBroadcast:12012 com.android.server.wm.WindowManagerService$H.onCheckingStatusBar:7671 com.android.server.wm.WindowManagerService$H.handleMessage:8190 android.os.Handler.dispatchMessage:102 
W/ContextImpl( 2236): Calling a method in the system process without a qualified user: android.app.ContextImpl.sendBroadcast:1327 com.android.server.wm.WindowManagerService.showStatusbarBroadcast:12012 com.android.server.wm.WindowManagerService$H.onCheckingStatusBar:7671 com.android.server.wm.WindowManagerService$H.handleMessage:8190 android.os.Handler.dispatchMessage:102 
W/ContextImpl( 2236): Calling a method in the system process without a qualified user: android.app.ContextImpl.sendBroadcast:1327 com.android.server.wm.WindowManagerService.showStatusbarBroadcast:12012 com.android.server.wm.WindowManagerService$H.onCheckingStatusBar:7671 com.android.server.wm.WindowManagerService$H.handleMessage:8190 android.os.Handler.dispatchMessage:102 
W/ContextImpl( 2236): Calling a method in the system process without a qualified user: android.app.ContextImpl.sendBroadcast:1327 com.android.server.wm.WindowManagerService.showStatusbarBroadcast:12012 com.android.server.wm.WindowManagerService$H.onCheckingStatusBar:7671 com.android.server.wm.WindowManagerService$H.handleMessage:8190 android.os.Handler.dispatchMessage:102 
W/ContextImpl( 2236): Calling a method in the system process without a qualified user: android.app.ContextImpl.sendBroadcast:1327 com.android.server.wm.WindowManagerService.showStatusbarBroadcast:12012 com.android.server.wm.WindowManagerService$H.onCheckingStatusBar:7671 com.android.server.wm.WindowManagerService$H.handleMessage:8190 android.os.Handler.dispatchMessage:102 
W/ContextImpl( 2236): Calling a method in the system process without a qualified user: android.app.ContextImpl.sendBroadcast:1327 com.android.server.wm.WindowManagerService.showStatusbarBroadcast:12012 com.android.server.wm.WindowManagerService$H.onCheckingStatusBar:7671 com.android.server.wm.WindowManagerService$H.handleMessage:8190 android.os.Handler.dispatchMessage:102 
W/ContextImpl( 2236): Calling a method in the system process without a qualified user: android.app.ContextImpl.sendBroadcast:1327 com.android.server.wm.WindowManagerService.showStatusbarBroadcast:12012 com.android.server.wm.WindowManagerService$H.onCheckingStatusBar:7671 com.android.server.wm.WindowManagerService$H.handleMessage:8190 android.os.Handler.dispatchMessage:102 
W/ContextImpl( 2236): Calling a method in the system process without a qualified user: android.app.ContextImpl.sendBroadcast:1327 com.android.server.wm.WindowManagerService.showStatusbarBroadcast:12012 com.android.server.wm.WindowManagerService$H.onCheckingStatusBar:7671 com.android.server.wm.WindowManagerService$H.handleMessage:8190 android.os.Handler.dispatchMessage:102 
W/ContextImpl( 2236): Calling a method in the system process without a qualified user: android.app.ContextImpl.sendBroadcast:1327 com.android.server.wm.WindowManagerService.showStatusbarBroadcast:12012 com.android.server.wm.WindowManagerService$H.onCheckingStatusBar:7671 com.android.server.wm.WindowManagerService$H.handleMessage:8190 android.os.Handler.dispatchMessage:102 
W/ContextImpl( 2236): Calling a method in the system process without a qualified user: android.app.ContextImpl.sendBroadcast:1327 com.android.server.wm.WindowManagerService.showStatusbarBroadcast:12012 com.android.server.wm.WindowManagerService$H.onCheckingStatusBar:7671 com.android.server.wm.WindowManagerService$H.handleMessage:8190 android.os.Handler.dispatchMessage:102 
W/ContextImpl( 2236): Calling a method in the system process without a qualified user: android.app.ContextImpl.sendBroadcast:1327 com.android.server.wm.WindowManagerService.showStatusbarBroadcast:12012 com.android.server.wm.WindowManagerService$H.onCheckingStatusBar:7671 com.android.server.wm.WindowManagerService$H.handleMessage:8190 android.os.Handler.dispatchMessage:102 
W/ContextImpl( 2236): Calling a method in the system process without a qualified user: android.app.ContextImpl.sendBroadcast:1327 com.android.server.wm.WindowManagerService.showStatusbarBroadcast:12012 com.android.server.wm.WindowManagerService$H.onCheckingStatusBar:7671 com.android.server.wm.WindowManagerService$H.handleMessage:8190 android.os.Handler.dispatchMessage:102 
W/ContextImpl( 2236): Calling a method in the system process without a qualified user: android.app.ContextImpl.sendBroadcast:1327 com.android.server.wm.WindowManagerService.showStatusbarBroadcast:12012 com.android.server.wm.WindowManagerService$H.onCheckingStatusBar:7671 com.android.server.wm.WindowManagerService$H.handleMessage:8190 android.os.Handler.dispatchMessage:102 
W/ContextImpl( 2236): Calling a method in the system process without a qualified user: android.app.ContextImpl.sendBroadcast:1327 com.android.server.wm.WindowManagerService.showStatusbarBroadcast:12012 com.android.server.wm.WindowManagerService$H.onCheckingStatusBar:7671 com.android.server.wm.WindowManagerService$H.handleMessage:8190 android.os.Handler.dispatchMessage:102 
W/ContextImpl( 2236): Calling a method in the system process without a qualified user: android.app.ContextImpl.sendBroadcast:1327 com.android.server.wm.WindowManagerService.showStatusbarBroadcast:12012 com.android.server.wm.WindowManagerService$H.onCheckingStatusBar:7671 com.android.server.wm.WindowManagerService$H.handleMessage:8190 android.os.Handler.dispatchMessage:102 
W/ContextImpl( 2236): Calling a method in the system process without a qualified user: android.app.ContextImpl.sendBroadcast:1327 com.android.server.wm.WindowManagerService.showStatusbarBroadcast:12012 com.android.server.wm.WindowManagerService$H.onCheckingStatusBar:7671 com.android.server.wm.WindowManagerService$H.handleMessage:8190 android.os.Handler.dispatchMessage:102 
W/ContextImpl( 2236): Calling a method in the system process without a qualified user: android.app.ContextImpl.sendBroadcast:1327 com.android.server.wm.WindowManagerService.showStatusbarBroadcast:12012 com.android.server.wm.WindowManagerService$H.onCheckingStatusBar:7671 com.android.server.wm.WindowManagerService$H.handleMessage:8190 android.os.Handler.dispatchMessage:102 
W/ContextImpl( 2236): Calling a method in the system process without a qualified user: android.app.ContextImpl.sendBroadcast:1327 com.android.server.wm.WindowManagerService.showStatusbarBroadcast:12012 com.android.server.wm.WindowManagerService$H.onCheckingStatusBar:7671 com.android.server.wm.WindowManagerService$H.handleMessage:8190 android.os.Handler.dispatchMessage:102 
W/ContextImpl( 2236): Calling a method in the system process without a qualified user: android.app.ContextImpl.sendBroadcast:1327 com.android.server.wm.WindowManagerService.showStatusbarBroadcast:12012 com.android.server.wm.WindowManagerService$H.onCheckingStatusBar:7671 com.android.server.wm.WindowManagerService$H.handleMessage:8190 android.os.Handler.dispatchMessage:102 
V/WindowManager( 2236): ++++xiej, 04-13,7:26, getOrientationFromAppTokensLocked
V/WindowManager( 2236): ++++xiej, 04-13,7:26, getOrientationFromAppTokensLocked
V/WindowManager( 2236): ++++xiej, 04-13,7:26, getOrientationFromAppTokensLocked
I/ActivityManager( 2236): =============== gchen_tag: stackId: 96 in moveTaskToFrontLocked: moveTaskToFront
W/ContextImpl( 2236): Calling a method in the system process without a qualified user: android.app.ContextImpl.sendBroadcast:1327 com.android.server.am.ActivityStackSupervisor.setFocusedStack:1803 com.android.server.am.ActivityStackSupervisor.setFocusedStack:1791 com.android.server.am.ActivityStack.moveTaskToFrontLocked:3501 com.android.server.am.ActivityStackSupervisor.findTaskToMoveToFrontLocked:2829 
W/ContextImpl( 2236): Calling a method in the system process without a qualified user: android.app.ContextImpl.sendBroadcast:1327 com.android.server.wm.WindowManagerService.hideStatusbarBroadcast:12002 com.android.server.am.ActivityStackSupervisor.mayAutoHideStatusBar:1849 com.android.server.am.ActivityStackSupervisor.adjustStatusBar:1856 com.android.server.am.ActivityStackSupervisor.setFocusedStack:1826 
W/ContextImpl( 2236): Calling a method in the system process without a qualified user: android.app.ContextImpl.sendBroadcast:1327 com.android.server.wm.WindowManagerService.hideStatusbarBroadcast:12002 com.android.server.am.ActivityStackSupervisor.mayAutoHideStatusBar:1849 com.android.server.am.ActivityStackSupervisor.moveHomeStack:453 com.android.server.am.ActivityStack.moveToFront:493 
V/WindowManager( 2236): ++++xiej, 04-13,7:26, getOrientationFromAppTokensLocked
V/WindowManager( 2236): ++++xiej, 04-13,7:26, getOrientationFromAppTokensLocked
I/ActivityManager( 2236): =============== gchen_tag: stackId: 96 in moveTaskToFrontLocked: moveTaskToFront
W/ContextImpl( 2236): Calling a method in the system process without a qualified user: android.app.ContextImpl.sendBroadcast:1327 com.android.server.am.ActivityStackSupervisor.setFocusedStack:1803 com.android.server.am.ActivityStackSupervisor.setFocusedStack:1791 com.android.server.am.ActivityStack.moveTaskToFrontLocked:3501 com.android.server.am.ActivityStackSupervisor.findTaskToMoveToFrontLocked:2829 
W/ContextImpl( 2236): Calling a method in the system process without a qualified user: android.app.ContextImpl.sendBroadcast:1327 com.android.server.wm.WindowManagerService.hideStatusbarBroadcast:12002 com.android.server.am.ActivityStackSupervisor.mayAutoHideStatusBar:1849 com.android.server.am.ActivityStackSupervisor.adjustStatusBar:1856 com.android.server.am.ActivityStackSupervisor.setFocusedStack:1826 
W/ContextImpl( 2236): Calling a method in the system process without a qualified user: android.app.ContextImpl.sendBroadcast:1327 com.android.server.wm.WindowManagerService.hideStatusbarBroadcast:12002 com.android.server.am.ActivityStackSupervisor.mayAutoHideStatusBar:1849 com.android.server.am.ActivityStackSupervisor.moveHomeStack:453 com.android.server.am.ActivityStack.moveToFront:493 
V/WindowManager( 2236): ++++xiej, 04-13,7:26, getOrientationFromAppTokensLocked
W/ActivityManager( 2236): getRunningAppProcesses: caller 10061 does not hold REAL_GET_TASKS; limiting output
I/ActivityManager( 2236): =============== gchen_tag: stackId: 96 in moveTaskToFrontLocked: moveTaskToFront
W/ContextImpl( 2236): Calling a method in the system process without a qualified user: android.app.ContextImpl.sendBroadcast:1327 com.android.server.am.ActivityStackSupervisor.setFocusedStack:1803 com.android.server.am.ActivityStackSupervisor.setFocusedStack:1791 com.android.server.am.ActivityStack.moveTaskToFrontLocked:3501 com.android.server.am.ActivityStackSupervisor.findTaskToMoveToFrontLocked:2829 
W/ContextImpl( 2236): Calling a method in the system process without a qualified user: android.app.ContextImpl.sendBroadcast:1327 com.android.server.wm.WindowManagerService.hideStatusbarBroadcast:12002 com.android.server.am.ActivityStackSupervisor.mayAutoHideStatusBar:1849 com.android.server.am.ActivityStackSupervisor.adjustStatusBar:1856 com.android.server.am.ActivityStackSupervisor.setFocusedStack:1826 
W/ContextImpl( 2236): Calling a method in the system process without a qualified user: android.app.ContextImpl.sendBroadcast:1327 com.android.server.wm.WindowManagerService.hideStatusbarBroadcast:12002 com.android.server.am.ActivityStackSupervisor.mayAutoHideStatusBar:1849 com.android.server.am.ActivityStackSupervisor.moveHomeStack:453 com.android.server.am.ActivityStack.moveToFront:493 
V/WindowManager( 2236): ++++xiej, 04-13,7:26, getOrientationFromAppTokensLocked
I/ActivityManager( 2236): =============== gchen_tag: stackId: 96 in moveTaskToFrontLocked: moveTaskToFront
W/ContextImpl( 2236): Calling a method in the system process without a qualified user: android.app.ContextImpl.sendBroadcast:1327 com.android.server.am.ActivityStackSupervisor.setFocusedStack:1803 com.android.server.am.ActivityStackSupervisor.setFocusedStack:1791 com.android.server.am.ActivityStack.moveTaskToFrontLocked:3501 com.android.server.am.ActivityStackSupervisor.findTaskToMoveToFrontLocked:2829 
W/ContextImpl( 2236): Calling a method in the system process without a qualified user: android.app.ContextImpl.sendBroadcast:1327 com.android.server.wm.WindowManagerService.hideStatusbarBroadcast:12002 com.android.server.am.ActivityStackSupervisor.mayAutoHideStatusBar:1849 com.android.server.am.ActivityStackSupervisor.adjustStatusBar:1856 com.android.server.am.ActivityStackSupervisor.setFocusedStack:1826 
W/ContextImpl( 2236): Calling a method in the system process without a qualified user: android.app.ContextImpl.sendBroadcast:1327 com.android.server.wm.WindowManagerService.hideStatusbarBroadcast:12002 com.android.server.am.ActivityStackSupervisor.mayAutoHideStatusBar:1849 com.android.server.am.ActivityStackSupervisor.moveHomeStack:453 com.android.server.am.ActivityStack.moveToFront:493 
V/WindowManager( 2236): ++++xiej, 04-13,7:26, getOrientationFromAppTokensLocked
W/ActivityManager( 2236): getRunningAppProcesses: caller 10056 does not hold REAL_GET_TASKS; limiting output
W/ActivityManager( 2236): getRunningAppProcesses: caller 10056 does not hold REAL_GET_TASKS; limiting output
I/ActivityManager( 2236): =============== gchen_tag: stackId: 96 in moveTaskToFrontLocked: moveTaskToFront
W/ContextImpl( 2236): Calling a method in the system process without a qualified user: android.app.ContextImpl.sendBroadcast:1327 com.android.server.am.ActivityStackSupervisor.setFocusedStack:1803 com.android.server.am.ActivityStackSupervisor.setFocusedStack:1791 com.android.server.am.ActivityStack.moveTaskToFrontLocked:3501 com.android.server.am.ActivityStackSupervisor.findTaskToMoveToFrontLocked:2829 
W/ContextImpl( 2236): Calling a method in the system process without a qualified user: android.app.ContextImpl.sendBroadcast:1327 com.android.server.wm.WindowManagerService.hideStatusbarBroadcast:12002 com.android.server.am.ActivityStackSupervisor.mayAutoHideStatusBar:1849 com.android.server.am.ActivityStackSupervisor.adjustStatusBar:1856 com.android.server.am.ActivityStackSupervisor.setFocusedStack:1826 
W/ContextImpl( 2236): Calling a method in the system process without a qualified user: android.app.ContextImpl.sendBroadcast:1327 com.android.server.wm.WindowManagerService.hideStatusbarBroadcast:12002 com.android.server.am.ActivityStackSupervisor.mayAutoHideStatusBar:1849 com.android.server.am.ActivityStackSupervisor.moveHomeStack:453 com.android.server.am.ActivityStack.moveToFront:493 
V/WindowManager( 2236): ++++xiej, 04-13,7:26, getOrientationFromAppTokensLocked
I/ActivityManager( 2236): =============== gchen_tag: stackId: 96 in moveTaskToFrontLocked: moveTaskToFront
W/ContextImpl( 2236): Calling a method in the system process without a qualified user: android.app.ContextImpl.sendBroadcast:1327 com.android.server.am.ActivityStackSupervisor.setFocusedStack:1803 com.android.server.am.ActivityStackSupervisor.setFocusedStack:1791 com.android.server.am.ActivityStack.moveTaskToFrontLocked:3501 com.android.server.am.ActivityStackSupervisor.findTaskToMoveToFrontLocked:2829 
W/ContextImpl( 2236): Calling a method in the system process without a qualified user: android.app.ContextImpl.sendBroadcast:1327 com.android.server.wm.WindowManagerService.hideStatusbarBroadcast:12002 com.android.server.am.ActivityStackSupervisor.mayAutoHideStatusBar:1849 com.android.server.am.ActivityStackSupervisor.adjustStatusBar:1856 com.android.server.am.ActivityStackSupervisor.setFocusedStack:1826 
W/ContextImpl( 2236): Calling a method in the system process without a qualified user: android.app.ContextImpl.sendBroadcast:1327 com.android.server.wm.WindowManagerService.hideStatusbarBroadcast:12002 com.android.server.am.ActivityStackSupervisor.mayAutoHideStatusBar:1849 com.android.server.am.ActivityStackSupervisor.moveHomeStack:453 com.android.server.am.ActivityStack.moveToFront:493 
V/WindowManager( 2236): ++++xiej, 04-13,7:26, getOrientationFromAppTokensLocked
I/ActivityManager( 2236): =============== gchen_tag: stackId: 96 in moveTaskToFrontLocked: moveTaskToFront
W/ContextImpl( 2236): Calling a method in the system process without a qualified user: android.app.ContextImpl.sendBroadcast:1327 com.android.server.am.ActivityStackSupervisor.setFocusedStack:1803 com.android.server.am.ActivityStackSupervisor.setFocusedStack:1791 com.android.server.am.ActivityStack.moveTaskToFrontLocked:3501 com.android.server.am.ActivityStackSupervisor.findTaskToMoveToFrontLocked:2829 
W/ContextImpl( 2236): Calling a method in the system process without a qualified user: android.app.ContextImpl.sendBroadcast:1327 com.android.server.wm.WindowManagerService.hideStatusbarBroadcast:12002 com.android.server.am.ActivityStackSupervisor.mayAutoHideStatusBar:1849 com.android.server.am.ActivityStackSupervisor.adjustStatusBar:1856 com.android.server.am.ActivityStackSupervisor.setFocusedStack:1826 
W/ContextImpl( 2236): Calling a method in the system process without a qualified user: android.app.ContextImpl.sendBroadcast:1327 com.android.server.wm.WindowManagerService.hideStatusbarBroadcast:12002 com.android.server.am.ActivityStackSupervisor.mayAutoHideStatusBar:1849 com.android.server.am.ActivityStackSupervisor.moveHomeStack:453 com.android.server.am.ActivityStack.moveToFront:493 
V/WindowManager( 2236): ++++xiej, 04-13,7:26, getOrientationFromAppTokensLocked
--------- beginning of main
I/K2_ULS bjtct Activity( 4707): ActivityStarted {"Name": "Office.Text.ResourceClient.ReadResourceMetaData", "CV": "YyI4mxlKTcG7ddjqZvs0Cw.731.4"}
I/K2_ULS bjtcw Activity( 4707): ActivityEnded {"Name": "Office.Text.ResourceClient.ReadResourceMetaData", "CV": "YyI4mxlKTcG7ddjqZvs0Cw.731.4"}
I/K2_ULS biyhq Telemetry Event( 4707): SendEvent {"EventName": "Office.Text.ResourceClient.ReadResourceMetaData", "Flags": 0, "Contract": "Office.System.Activity", "Activity.CV": "YyI4mxlKTcG7ddjqZvs0Cw.731.4", "Activity.Duration": 0, "Activity.Count": 1, "Activity.AggMode": 0, "Activity.Success": true}
I/K2_ULS biyh7 NexusTenantTokenTextAndFonts( 4707): SendEventForRuleTransport {"EventName": "Office.Text.ResourceClient.ReadResourceMetaData", "EventContract": "Office.System.Activity", "EventFlags": 0, "EventData": "{\"Activity.CV\": \"YyI4mxlKTcG7ddjqZvs0Cw.731.4\", \"Activity.Duration\": 0, \"Activity.Count\": 1, \"Activity.AggMode\": 0, \"Activity.Success\": true}", "EventContractInfo": "{\"zC.Activity\": \"Office.System.Activity\"}", "EventTypeInfo": "{\"zT.Activity.CV\": \"string\", \"zT.Activity.Duration\": \"uint64\", \"zT.Activity.Count\": \"uint64\", \"zT.Activity.AggMode\": \"uint8\", \"zT.Activity.Success\": \"bool\"}", "EventDataClassificationInfo": "{\"zDC.Activity.CV\": \"SM\", \"zDC.Activity.Duration\": \"SM\", \"zDC.Activity.Count\": \"SM\", \"zDC.Activity.AggMode\": \"SM\", \"zDC.Activity.Success\": \"SM\"}"}
I/K2_ULS bf6fh Telemetry Event( 4707): The following events were triggered while servicing this thread's previous event. {"cEventsDeferred": 0}
I/K2_ULS bh7q8 FontClient Generic( 4707): UpdateResourceMetaData updating the font cache metadata {"id": "Microsoft YaHei UI_26215680", "before": "2017-01-03T06:56:36Z", "now": "2017-01-03T06:56:38Z"}
I/K2_ULS bjtct Activity( 4707): ActivityStarted {"Name": "Office.Text.ResourceClient.WriteResourceMetaData", "CV": "YyI4mxlKTcG7ddjqZvs0Cw.731.5"}
I/K2_ULS bemy6 FontClient Generic( 4707): GetCachedPath Returning -  wzreturnFilePath:   {"Value": "/data/data/com.microsoft.office.excel/files/data/FontCache/2/FontCacheMetaData.xml"}
E/0:4152192672( 4707): platstubs.cpp,Line#2086:NOTIMPL
I/K2_ULS bjtcw Activity( 4707): ActivityEnded {"Name": "Office.Text.ResourceClient.WriteResourceMetaData", "CV": "YyI4mxlKTcG7ddjqZvs0Cw.731.5"}
I/K2_ULS biyhq Telemetry Event( 4707): SendEvent {"EventName": "Office.Text.ResourceClient.WriteResourceMetaData", "Flags": 0, "Contract": "Office.System.Activity", "Activity.CV": "YyI4mxlKTcG7ddjqZvs0Cw.731.5", "Activity.Duration": 1000, "Activity.Count": 1, "Activity.AggMode": 0, "Activity.Success": true, "Data.fontFolderPath": "/data/data/com.microsoft.office.excel/files/data/FontCache/2/FontCacheMetaData.xml"}
I/K2_ULS biyh7 NexusTenantTokenTextAndFonts( 4707): SendEventForRuleTransport {"EventName": "Office.Text.ResourceClient.WriteResourceMetaData", "EventContract": "Office.System.Activity", "EventFlags": 0, "EventData": "{\"Activity.CV\": \"YyI4mxlKTcG7ddjqZvs0Cw.731.5\", \"Activity.Duration\": 1000, \"Activity.Count\": 1, \"Activity.AggMode\": 0, \"Activity.Success\": true, \"Data.fontFolderPath\": \"/data/data/com.microsoft.office.excel/files/data/FontCache/2/FontCacheMetaData.xml\"}", "EventContractInfo": "{\"zC.Activity\": \"Office.System.Activity\"}", "EventTypeInfo": "{\"zT.Activity.CV\": \"string\", \"zT.Activity.Duration\": \"uint64\", \"zT.Activity.Count\": \"uint64\", \"zT.Activity.AggMode\": \"uint8\", \"zT.Activity.Success\": \"bool\", \"zT.Data.fontFolderPath\": \"string\"}", "EventDataClassificationInfo": "{\"zDC.Activity.CV\": \"SM\", \"zDC.Activity.Duration\": \"SM\", \"zDC.Activity.Count\": \"SM\", \"zDC.Activity.AggMode\": \"SM\", \"zDC.Activity.Success\": \"SM\", \"zDC.Data.fontFolderPath\": \"SM\"}"}
I/K2_ULS bf6fh Telemetry Event( 4707): The following events were triggered while servicing this thread's previous event. {"cEventsDeferred": 0}
I/K2_ULS bemy6 FontClient Generic( 4707): GetCachedPath Returning -  wzreturnFilePath:   {"Value": "/data/data/com.microsoft.office.excel/files/data/FontCache/2/CloudFonts/TTC/80496206830.ttc"}
I/K2_ULS bgzk9 Scope( 4707): {"ScopeAction": "Stop", "ScopeInstance": 1830, "ScopeParentInstance": 1827, "TopActivityInstance": 1827}
I/K2_ULS bgzk9 File IO Resource Usage( 4707): FileIO {"ScopeInstance": 1830, "FilesCreated": 1, "NumberOfFileReads": 0, "TotalBytesRead": 0, "NumberOfFileWrites": 0, "TotalBytesWritten": 0, "NumberOfSetEndOfFiles": 0, "NumberOfSeeks": 0, "NumberOfLocks": 0, "NumberOfUnlocks": 0}
I/K2_ULS bgzk9 Scope( 4707): {"ScopeAction": "Complete", "ScopeInstance": 1830, "ScopeParentInstance": 1827, "TopActivityInstance": 1827, "Success": true}
I/K2_ULS bgzk9 Scope Summary( 4707): {"ScopeName": "CXE.FontCollection.GetFontFamilyFullFilePath", "StartTime": "2017-01-03T06:56:38Z", "DurationToCompleteInMilliseconds": 2, "DurationToCompleteInMillisecondsHighPrecision": 2.079533, "ParentScopeName": "MsoDocs.DocumentInfoHelper.UpdateSilhouetteFromSyncState", "ParentScopeTag": 20240475, "ScopeInstance": 1830, "ScopeParentInstance": 1827, "TopActivityInstance": 1827, "Success": true}
I/K2_ULS bnn71 Scope( 4707): {"ScopeAction": "Stop", "ScopeInstance": 1827, "ScopeParentInstance": 0, "TopActivityInstance": 1827}
I/K2_ULS bnn71 File IO Resource Usage( 4707): FileIO {"ScopeInstance": 1827, "FilesCreated": 1, "NumberOfFileReads": 0, "TotalBytesRead": 0, "NumberOfFileWrites": 0, "TotalBytesWritten": 0, "NumberOfSetEndOfFiles": 0, "NumberOfSeeks": 0, "NumberOfLocks": 0, "NumberOfUnlocks": 0}
I/K2_ULS bnn71 Memory Resource Usage( 4707): CurrentProcessWideMemoryUsage {"ScopeInstance": 1827, "BytesUsedDelta": 57344, "BytesUsedAtComplete": 371871744}
I/K2_ULS bnn71 Scope( 4707): {"ScopeAction": "Complete", "ScopeInstance": 1827, "ScopeParentInstance": 0, "TopActivityInstance": 1827, "Success": true}
I/K2_ULS bnn71 Scope Summary( 4707): {"ScopeName": "MsoDocs.DocumentInfoHelper.UpdateSilhouetteFromSyncState", "StartTime": "2017-01-03T06:56:38Z", "DurationToCompleteInMilliseconds": 6, "DurationToCompleteInMillisecondsHighPrecision": 6.516910, "ScopeInstance": 1827, "ScopeParentInstance": 0, "TopActivityInstance": 1827, "Success": true}
I/K2_ULS bjtcw Activity( 4707): ActivityEnded {"Name": "Office.Docs.DocumentInfoCallout.DocumentInfoHelperUpdateSilhouetteFromSyncState", "CV": "YyI4mxlKTcG7ddjqZvs0Cw.731"}
I/K2_ULS biyhq Telemetry Event( 4707): SendEvent {"EventName": "Office.Docs.DocumentInfoCallout.DocumentInfoHelperUpdateSilhouetteFromSyncState", "Flags": 0, "Contract": "Office.System.Activity", "Activity.CV": "YyI4mxlKTcG7ddjqZvs0Cw.731", "Activity.Duration": 8000, "Activity.Count": 1, "Activity.AggMode": 0, "Activity.Success": true, "Activity.Result.Code": 0, "Activity.Result.Type": "HRESULT", "Activity.Result.Tag": 20240476, "Data.StopwatchDuration": 7620}
I/K2_ULS biyh7 NexusTenantTokenDocs( 4707): SendEventForRuleTransport {"EventName": "Office.Docs.DocumentInfoCallout.DocumentInfoHelperUpdateSilhouetteFromSyncState", "EventContract": "Office.System.Activity", "EventFlags": 0, "EventData": "{\"Activity.CV\": \"YyI4mxlKTcG7ddjqZvs0Cw.731\", \"Activity.Duration\": 8000, \"Activity.Count\": 1, \"Activity.AggMode\": 0, \"Activity.Success\": true, \"Activity.Result.Code\": 0, \"Activity.Result.Type\": \"HRESULT\", \"Activity.Result.Tag\": 20240476, \"Data.StopwatchDuration\": 7620}", "EventContractInfo": "{\"zC.Activity\": \"Office.System.Activity\", \"zC.Activity.Result\": \"Office.System.Result\"}", "EventTypeInfo": "{\"zT.Activity.CV\": \"string\", \"zT.Activity.Duration\": \"uint64\", \"zT.Activity.Count\": \"uint64\", \"zT.Activity.AggMode\": \"uint8\", \"zT.Activity.Success\": \"bool\", \"zT.Activity.Result.Code\": \"int32\", \"zT.Activity.Result.Type\": \"string\", \"zT.Activity.Result.Tag\": \"uint32\", \"zT.Data.StopwatchDuration\": \"uint64\"}", "EventDataClassificationInfo": "{\"zDC.Activity.CV\": \"SM\", \"zDC.Activity.Duration\": \"SM\", \"zDC.Activity.Count\": \"SM\", \"zDC.Activity.AggMode\": \"SM\", \"zDC.Activity.Success\": \"SM\", \"zDC.Activity.Result.Code\": \"SM\", \"zDC.Activity.Result.Type\": \"SM\", \"zDC.Activity.Result.Tag\": \"SM\", \"zDC.Data.StopwatchDuration\": \"SM\"}"}
I/K2_ULS bf6fh Telemetry Event( 4707): The following events were triggered while servicing this thread's previous event. {"cEventsDeferred": 0}
I/K2_ULS bnn72 Document Info Callout( 4707): __Scrubbed__
W/linker  ( 7400): [vdso]: unused DT entry: type 0x6ffffef5 arg 0x160
W/ResourceType( 2362): No package identifier when getting value for resource number 0x00000000
W/PackageManager( 2362): Failure retrieving resources for com.android.inputmethod.pinyin: Resource ID #0x0
I/K2_ULS a0tsg AppHost( 4707): IdleQueueUserActivityTracker::PointerDown::Disable
W/ResourceType( 2362): No package identifier when getting value for resource number 0x00000000
W/PackageManager( 2362): Failure retrieving resources for com.android.inputmethod.pinyin: Resource ID #0x0
I/ActivityManager( 2236): =============== gchen_tag: stackId: 96 in moveTaskToFrontLocked: moveTaskToFront
W/ContextImpl( 2236): Calling a method in the system process without a qualified user: android.app.ContextImpl.sendBroadcast:1327 com.android.server.am.ActivityStackSupervisor.setFocusedStack:1803 com.android.server.am.ActivityStackSupervisor.setFocusedStack:1791 com.android.server.am.ActivityStack.moveTaskToFrontLocked:3501 com.android.server.am.ActivityStackSupervisor.findTaskToMoveToFrontLocked:2829 
W/ContextImpl( 2236): Calling a method in the system process without a qualified user: android.app.ContextImpl.sendBroadcast:1327 com.android.server.wm.WindowManagerService.hideStatusbarBroadcast:12002 com.android.server.am.ActivityStackSupervisor.mayAutoHideStatusBar:1849 com.android.server.am.ActivityStackSupervisor.adjustStatusBar:1856 com.android.server.am.ActivityStackSupervisor.setFocusedStack:1826 
W/ContextImpl( 2236): Calling a method in the system process without a qualified user: android.app.ContextImpl.sendBroadcast:1327 com.android.server.wm.WindowManagerService.hideStatusbarBroadcast:12002 com.android.server.am.ActivityStackSupervisor.mayAutoHideStatusBar:1849 com.android.server.am.ActivityStackSupervisor.moveHomeStack:453 com.android.server.am.ActivityStack.moveToFront:493 
V/WindowManager( 2236): ++++xiej, 04-13,7:26, getOrientationFromAppTokensLocked
I/K2_ULS a0tsh AppHost( 4707): IdleQueueUserActivityTracker::PointerUp::Enable
W/AudioTrack( 2236): AUDIO_OUTPUT_FLAG_FAST denied by client
I/K2_ULS bkvcr File Share( 4707): Share a Link Invoked {"Location": "OneDrive-Personal", "Dirty": false}
I/K2_ULS bhb9z DWA Font Collection( 4707): Forwarding TranslateColorGlyphRun call to DWrite
I/K2_ULS bm4p2 WRTools:DLS:StringLoad( 4707): String Resource {"alias": 3348365189, "ids": 3975484174}
W/ResourceType( 2362): No package identifier when getting value for resource number 0x00000000
W/PackageManager( 2362): Failure retrieving resources for com.android.inputmethod.pinyin: Resource ID #0x0
I/K2_ULS bhb9z DWA Font Collection( 4707): Forwarding TranslateColorGlyphRun call to DWrite
D/audio_hw_primary( 1934): found out /dev/snd/pcmC0D0p
I/K2_ULS bm4p2 WRTools:DLS:StringLoad( 4707): String Resource {"alias": 3348365189, "ids": 1203663273}
I/K2_ULS bjtct Activity( 4707): ActivityStarted {"Name": "Office.Docs.AppDocs.ProxyAndroidGetCurrentDescriptor", "CV": "YyI4mxlKTcG7ddjqZvs0Cw.732"}
I/K2_ULS bdo5z Scope( 4707): {"ScopeAction": "Start", "ScopeName": "MsoDocs.AppDocs.ProxyAndroid.GetCurrentDescriptor", "ScopeInstance": 1832, "ScopeParentInstance": 0, "TopActivityInstance": 1832}
I/K2_ULS bdo5z AppDocsTelemetry( 4707): __Scrubbed__
I/K2_ULS bjtct Activity( 4707): ActivityStarted {"Name": "Office.Docs.AppDocs.CsiDocumentGetLocation", "CV": "YyI4mxlKTcG7ddjqZvs0Cw.732.1"}
I/K2_ULS bdo41 Scope( 4707): {"ScopeAction": "Start", "ScopeName": "MsoDocs.AppDocs.CsiDocument.GetLocation", "ScopeInstance": 1833, "ScopeParentInstance": 1832, "TopActivityInstance": 1832}
I/K2_ULS bdo41 AppDocsTelemetry( 4707): __Scrubbed__
I/K2_ULS bdo41 Scope( 4707): {"ScopeAction": "Stop", "ScopeInstance": 1833, "ScopeParentInstance": 1832, "TopActivityInstance": 1832}
I/K2_ULS bdo41 Scope( 4707): {"ScopeAction": "Complete", "ScopeInstance": 1833, "ScopeParentInstance": 1832, "TopActivityInstance": 1832, "Success": true}
I/K2_ULS bdo41 Scope Summary( 4707): {"ScopeName": "MsoDocs.AppDocs.CsiDocument.GetLocation", "StartTime": "2017-01-03T06:56:38Z", "DurationToCompleteInMilliseconds": 0, "DurationToCompleteInMillisecondsHighPrecision": 0.477181, "ParentScopeName": "MsoDocs.AppDocs.ProxyAndroid.GetCurrentDescriptor", "ParentScopeTag": 17623001, "ScopeInstance": 1833, "ScopeParentInstance": 1832, "TopActivityInstance": 1832, "Success": true}
I/K2_ULS bjtcw Activity( 4707): ActivityEnded {"Name": "Office.Docs.AppDocs.CsiDocumentGetLocation", "CV": "YyI4mxlKTcG7ddjqZvs0Cw.732.1"}
I/K2_ULS biyhq Telemetry Event( 4707): SendEvent {"EventName": "Office.Docs.AppDocs.CsiDocumentGetLocation", "Flags": 0, "Contract": "Office.System.Activity", "Activity.CV": "YyI4mxlKTcG7ddjqZvs0Cw.732.1", "Activity.Duration": 1000, "Activity.Count": 1, "Activity.AggMode": 0, "Activity.Success": true, "Activity.Result.Code": 0, "Activity.Result.Type": "HRESULT", "Activity.Result.Tag": 17622940, "Data.StopwatchDuration": 385}
I/K2_ULS biyh7 NexusTenantTokenDocs( 4707): SendEventForRuleTransport {"EventName": "Office.Docs.AppDocs.CsiDocumentGetLocation", "EventContract": "Office.System.Activity", "EventFlags": 0, "EventData": "{\"Activity.CV\": \"YyI4mxlKTcG7ddjqZvs0Cw.732.1\", \"Activity.Duration\": 1000, \"Activity.Count\": 1, \"Activity.AggMode\": 0, \"Activity.Success\": true, \"Activity.Result.Code\": 0, \"Activity.Result.Type\": \"HRESULT\", \"Activity.Result.Tag\": 17622940, \"Data.StopwatchDuration\": 385}", "EventContractInfo": "{\"zC.Activity\": \"Office.System.Activity\", \"zC.Activity.Result\": \"Office.System.Result\"}", "EventTypeInfo": "{\"zT.Activity.CV\": \"string\", \"zT.Activity.Duration\": \"uint64\", \"zT.Activity.Count\": \"uint64\", \"zT.Activity.AggMode\": \"uint8\", \"zT.Activity.Success\": \"bool\", \"zT.Activity.Result.Code\": \"int32\", \"zT.Activity.Result.Type\": \"string\", \"zT.Activity.Result.Tag\": \"uint32\", \"zT.Data.StopwatchDuration\": \"uint64\"}", "EventDataClassificationInfo": "{\"zDC.Activity.CV\": \"SM\", \"zDC.Activity.Duration\": \"SM\", \"zDC.Activity.Count\": \"SM\", \"zDC.Activity.AggMode\": \"SM\", \"zDC.Activity.Success\": \"SM\", \"zDC.Activity.Result.Code\": \"SM\", \"zDC.Activity.Result.Type\": \"SM\", \"zDC.Activity.Result.Tag\": \"SM\", \"zDC.Data.StopwatchDuration\": \"SM\"}"}
I/K2_ULS a24qy Logging Liblet( 4707): The following traces were triggered while servicing this thread's previous trace. {"cTracesDeferred": 2}
I/K2_ULS bf6fh Telemetry Event( 4707): The following events were triggered while servicing this thread's previous event. {"cEventsDeferred": 0}
I/K2_ULS bdo42 AppDocsTelemetry( 4707): __Scrubbed__
I/K2_ULS bjtct Activity( 4707): ActivityStarted {"Name": "Office.Docs.AppDocs.CsiDocumentGetLocation", "CV": "YyI4mxlKTcG7ddjqZvs0Cw.732.2"}
I/K2_ULS bdo41 Scope( 4707): {"ScopeAction": "Start", "ScopeName": "MsoDocs.AppDocs.CsiDocument.GetLocation", "ScopeInstance": 1834, "ScopeParentInstance": 1832, "TopActivityInstance": 1832}
I/K2_ULS bdo41 AppDocsTelemetry( 4707): __Scrubbed__
I/K2_ULS bdo41 Scope( 4707): {"ScopeAction": "Stop", "ScopeInstance": 1834, "ScopeParentInstance": 1832, "TopActivityInstance": 1832}
I/K2_ULS bdo41 Scope( 4707): {"ScopeAction": "Complete", "ScopeInstance": 1834, "ScopeParentInstance": 1832, "TopActivityInstance": 1832, "Success": true}
I/K2_ULS bdo41 Scope Summary( 4707): {"ScopeName": "MsoDocs.AppDocs.CsiDocument.GetLocation", "StartTime": "2017-01-03T06:56:38Z", "DurationToCompleteInMilliseconds": 0, "DurationToCompleteInMillisecondsHighPrecision": 0.340433, "ParentScopeName": "MsoDocs.AppDocs.ProxyAndroid.GetCurrentDescriptor", "ParentScopeTag": 17623001, "ScopeInstance": 1834, "ScopeParentInstance": 1832, "TopActivityInstance": 1832, "Success": true}
I/K2_ULS bjtcw Activity( 4707): ActivityEnded {"Name": "Office.Docs.AppDocs.CsiDocumentGetLocation", "CV": "YyI4mxlKTcG7ddjqZvs0Cw.732.2"}
I/K2_ULS biyhq Telemetry Event( 4707): SendEvent {"EventName": "Office.Docs.AppDocs.CsiDocumentGetLocation", "Flags": 0, "Contract": "Office.System.Activity", "Activity.CV": "YyI4mxlKTcG7ddjqZvs0Cw.732.2", "Activity.Duration": 1000, "Activity.Count": 1, "Activity.AggMode": 0, "Activity.Success": true, "Activity.Result.Code": 0, "Activity.Result.Type": "HRESULT", "Activity.Result.Tag": 17622940, "Data.StopwatchDuration": 277}
I/K2_ULS biyh7 NexusTenantTokenDocs( 4707): SendEventForRuleTransport {"EventName": "Office.Docs.AppDocs.CsiDocumentGetLocation", "EventContract": "Office.System.Activity", "EventFlags": 0, "EventData": "{\"Activity.CV\": \"YyI4mxlKTcG7ddjqZvs0Cw.732.2\", \"Activity.Duration\": 1000, \"Activity.Count\": 1, \"Activity.AggMode\": 0, \"Activity.Success\": true, \"Activity.Result.Code\": 0, \"Activity.Result.Type\": \"HRESULT\", \"Activity.Result.Tag\": 17622940, \"Data.StopwatchDuration\": 277}", "EventContractInfo": "{\"zC.Activity\": \"Office.System.Activity\", \"zC.Activity.Result\": \"Office.System.Result\"}", "EventTypeInfo": "{\"zT.Activity.CV\": \"string\", \"zT.Activity.Duration\": \"uint64\", \"zT.Activity.Count\": \"uint64\", \"zT.Activity.AggMode\": \"uint8\", \"zT.Activity.Success\": \"bool\", \"zT.Activity.Result.Code\": \"int32\", \"zT.Activity.Result.Type\": \"string\", \"zT.Activity.Result.Tag\": \"uint32\", \"zT.Data.StopwatchDuration\": \"uint64\"}", "EventDataClassificationInfo": "{\"zDC.Activity.CV\": \"SM\", \"zDC.Activity.Duration\": \"SM\", \"zDC.Activity.Count\": \"SM\", \"zDC.Activity.AggMode\": \"SM\", \"zDC.Activity.Success\": \"SM\", \"zDC.Activity.Result.Code\": \"SM\", \"zDC.Activity.Result.Type\": \"SM\", \"zDC.Activity.Result.Tag\": \"SM\", \"zDC.Data.StopwatchDuration\": \"SM\"}"}
I/K2_ULS bf6fh Telemetry Event( 4707): The following events were triggered while servicing this thread's previous event. {"cEventsDeferred": 0}
I/K2_ULS bdo42 AppDocsTelemetry( 4707): __Scrubbed__
I/K2_ULS bjtct Activity( 4707): ActivityStarted {"Name": "Office.Docs.AppDocs.CsiDocumentGetFutureAccessToken", "CV": "YyI4mxlKTcG7ddjqZvs0Cw.732.3"}
I/K2_ULS bdo47 Scope( 4707): {"ScopeAction": "Start", "ScopeName": "MsoDocs.AppDocs.CsiDocument.GetFutureAccessToken", "ScopeInstance": 1835, "ScopeParentInstance": 1832, "TopActivityInstance": 1832}
I/K2_ULS bdo47 AppDocsTelemetry( 4707): __Scrubbed__
I/K2_ULS bdo47 Scope( 4707): {"ScopeAction": "Stop", "ScopeInstance": 1835, "ScopeParentInstance": 1832, "TopActivityInstance": 1832}
I/K2_ULS bdo47 Scope( 4707): {"ScopeAction": "Complete", "ScopeInstance": 1835, "ScopeParentInstance": 1832, "TopActivityInstance": 1832, "Success": true}
I/K2_ULS bdo47 Scope Summary( 4707): {"ScopeName": "MsoDocs.AppDocs.CsiDocument.GetFutureAccessToken", "StartTime": "2017-01-03T06:56:38Z", "DurationToCompleteInMilliseconds": 0, "DurationToCompleteInMillisecondsHighPrecision": 0.256487, "ParentScopeName": "MsoDocs.AppDocs.ProxyAndroid.GetCurrentDescriptor", "ParentScopeTag": 17623001, "ScopeInstance": 1835, "ScopeParentInstance": 1832, "TopActivityInstance": 1832, "Success": true}
I/K2_ULS bjtcw Activity( 4707): ActivityEnded {"Name": "Office.Docs.AppDocs.CsiDocumentGetFutureAccessToken", "CV": "YyI4mxlKTcG7ddjqZvs0Cw.732.3"}
I/K2_ULS biyhq Telemetry Event( 4707): SendEvent {"EventName": "Office.Docs.AppDocs.CsiDocumentGetFutureAccessToken", "Flags": 0, "Contract": "Office.System.Activity", "Activity.CV": "YyI4mxlKTcG7ddjqZvs0Cw.732.3", "Activity.Duration": 0, "Activity.Count": 1, "Activity.AggMode": 0, "Activity.Success": true, "Activity.Result.Code": 0, "Activity.Result.Type": "HRESULT", "Activity.Result.Tag": 17622946, "Data.StopwatchDuration": 221}
I/K2_ULS biyh7 NexusTenantTokenDocs( 4707): SendEventForRuleTransport {"EventName": "Office.Docs.AppDocs.CsiDocumentGetFutureAccessToken", "EventContract": "Office.System.Activity", "EventFlags": 0, "EventData": "{\"Activity.CV\": \"YyI4mxlKTcG7ddjqZvs0Cw.732.3\", \"Activity.Duration\": 0, \"Activity.Count\": 1, \"Activity.AggMode\": 0, \"Activity.Success\": true, \"Activity.Result.Code\": 0, \"Activity.Result.Type\": \"HRESULT\", \"Activity.Result.Tag\": 17622946, \"Data.StopwatchDuration\": 221}", "EventContractInfo": "{\"zC.Activity\": \"Office.System.Activity\", \"zC.Activity.Result\": \"Office.System.Result\"}", "EventTypeInfo": "{\"zT.Activity.CV\": \"string\", \"zT.Activity.Duration\": \"uint64\", \"zT.Activity.Count\": \"uint64\", \"zT.Activity.AggMode\": \"uint8\", \"zT.Activity.Success\": \"bool\", \"zT.Activity.Result.Code\": \"int32\", \"zT.Activity.Result.Type\": \"string\", \"zT.Activity.Result.Tag\": \"uint32\", \"zT.Data.StopwatchDuration\": \"uint64\"}", "EventDataClassificationInfo": "{\"zDC.Activity.CV\": \"SM\", \"zDC.Activity.Duration\": \"SM\", \"zDC.Activity.Count\": \"SM\", \"zDC.Activity.AggMode\": \"SM\", \"zDC.Activity.Success\": \"SM\", \"zDC.Activity.Result.Code\": \"SM\", \"zDC.Activity.Result.Type\": \"SM\", \"zDC.Activity.Result.Tag\": \"SM\", \"zDC.Data.StopwatchDuration\": \"SM\"}"}
I/K2_ULS bf6fh Telemetry Event( 4707): The following events were triggered while servicing this thread's previous event. {"cEventsDeferred": 0}
I/K2_ULS bdo48 AppDocsTelemetry( 4707): __Scrubbed__
I/K2_ULS bjtct Activity( 4707): ActivityStarted {"Name": "Office.Docs.AppDocs.AndroidGetCurrentDescriptor", "CV": "YyI4mxlKTcG7ddjqZvs0Cw.732.4"}
I/K2_ULS benx9 Scope( 4707): {"ScopeAction": "Start", "ScopeName": "MsoDocs.AppDocs.Proxy_Android.GetCurrentDescriptor", "ScopeInstance": 1836, "ScopeParentInstance": 1832, "TopActivityInstance": 1832}
I/K2_ULS benx9 AppDocsTelemetry( 4707): __Scrubbed__
E/0:4152192672( 4707): nls_stubs.cpp,Line#94:IdnToAscii NOIMPL
E/0:4152192672( 4707): nls_stubs.cpp,Line#94:IdnToAscii NOIMPL
E/0:4152192672( 4707): nls_stubs.cpp,Line#94:IdnToAscii NOIMPL
E/0:4152192672( 4707): nls_stubs.cpp,Line#94:IdnToAscii NOIMPL
I/K2_ULS bdqxh Csi Central Table( 4707): Starting runtime transaction [bdoom]
I/K2_ULS bdqxh Csi Central Table( 4707): Starting runtime transaction [bdoom]
I/K2_ULS benx9 Scope( 4707): {"ScopeAction": "Stop", "ScopeInstance": 1836, "ScopeParentInstance": 1832, "TopActivityInstance": 1832}
I/K2_ULS benx9 Scope( 4707): {"ScopeAction": "Complete", "ScopeInstance": 1836, "ScopeParentInstance": 1832, "TopActivityInstance": 1832, "Success": true}
I/K2_ULS benx9 Scope Summary( 4707): {"ScopeName": "MsoDocs.AppDocs.Proxy_Android.GetCurrentDescriptor", "StartTime": "2017-01-03T06:56:38Z", "DurationToCompleteInMilliseconds": 4, "DurationToCompleteInMillisecondsHighPrecision": 4.969129, "ParentScopeName": "MsoDocs.AppDocs.ProxyAndroid.GetCurrentDescriptor", "ParentScopeTag": 17623001, "ScopeInstance": 1836, "ScopeParentInstance": 1832, "TopActivityInstance": 1832, "Success": true}
I/K2_ULS bjtcw Activity( 4707): ActivityEnded {"Name": "Office.Docs.AppDocs.AndroidGetCurrentDescriptor", "CV": "YyI4mxlKTcG7ddjqZvs0Cw.732.4"}
I/K2_ULS biyhq Telemetry Event( 4707): SendEvent {"EventName": "Office.Docs.AppDocs.AndroidGetCurrentDescriptor", "Flags": 0, "Contract": "Office.System.Activity", "Activity.CV": "YyI4mxlKTcG7ddjqZvs0Cw.732.4", "Activity.Duration": 5000, "Activity.Count": 1, "Activity.AggMode": 0, "Activity.Success": true, "Activity.Result.Code": 0, "Activity.Result.Type": "HRESULT", "Activity.Result.Tag": 17880576, "Data.StopwatchDuration": 4926}
