W/PackageManager( 2362): Failure retrieving resources for com.android.inputmethod.pinyin: Resource ID #0x0
W/ResourceType( 2362): No package identifier when getting value for resource number 0x00000000
W/PackageManager( 2362): Failure retrieving resources for com.android.inputmethod.pinyin: Resource ID #0x0
W/ResourceType( 2362): No package identifier when getting value for resource number 0x00000000
W/PackageManager( 2362): Failure retrieving resources for com.android.inputmethod.pinyin: Resource ID #0x0
W/ResourceType( 2362): No package identifier when getting value for resource number 0x00000000
W/PackageManager( 2362): Failure retrieving resources for com.android.inputmethod.pinyin: Resource ID #0x0
W/linker  ( 7413): [vdso]: unused DT entry: type 0x6ffffef5 arg 0x160
W/ResourceType( 2362): No package identifier when getting value for resource number 0x00000000
W/PackageManager( 2362): Failure retrieving resources for com.android.inputmethod.pinyin: Resource ID #0x0
W/ResourceType( 2362): No package identifier when getting value for resource number 0x00000000
W/PackageManager( 2362): Failure retrieving resources for com.android.inputmethod.pinyin: Resource ID #0x0
W/ResourceType( 2362): No package identifier when getting value for resource number 0x00000000
W/PackageManager( 2362): Failure retrieving resources for com.android.inputmethod.pinyin: Resource ID #0x0
W/ResourceType( 2362): No package identifier when getting value for resource number 0x00000000
W/PackageManager( 2362): Failure retrieving resources for com.android.inputmethod.pinyin: Resource ID #0x0
W/ResourceType( 2362): No package identifier when getting value for resource number 0x00000000
W/PackageManager( 2362): Failure retrieving resources for com.android.inputmethod.pinyin: Resource ID #0x0
W/InputDispatcher( 2236): channel '33a77b66 com.microsoft.office.excel/com.microsoft.office.excel.excelMainActivity (server)' ~ Consumer closed input channel or an error occurred.  events=0xd
E/InputDispatcher( 2236): channel '33a77b66 com.microsoft.office.excel/com.microsoft.office.excel.excelMainActivity (server)' ~ Channel is unrecoverably broken and will be disposed!
W/InputDispatcher( 2236): channel '15390354 com.microsoft.office.excel/com.microsoft.office.excel.excelMainActivity (server)' ~ Consumer closed input channel or an error occurred.  events=0x9
E/InputDispatcher( 2236): channel '15390354 com.microsoft.office.excel/com.microsoft.office.excel.excelMainActivity (server)' ~ Channel is unrecoverably broken and will be disposed!
I/WindowState( 2236): WIN DEATH: Window{33a77b66 u0 com.microsoft.office.excel/com.microsoft.office.excel.excelMainActivity}
W/InputDispatcher( 2236): Attempted to unregister already unregistered input channel '33a77b66 com.microsoft.office.excel/com.microsoft.office.excel.excelMainActivity (server)'
D/KbdSensor( 2236): poll_setDelay: dev=0x7f95ed866680 delay-ns=66667000
I/WindowState( 2236): WIN DEATH: Window{15390354 u0 com.microsoft.office.excel/com.microsoft.office.excel.excelMainActivity}
W/InputDispatcher( 2236): Attempted to unregister already unregistered input channel '15390354 com.microsoft.office.excel/com.microsoft.office.excel.excelMainActivity (server)'
V/WindowManager( 2236): ++++xiej, 04-13,7:26, getOrientationFromAppTokensLocked
I/ActivityManager( 2236): Process com.microsoft.office.excel (pid 4707) has died
W/ActivityManager( 2236): Force removing ActivityRecord{23d044a8 u0 com.microsoft.office.excel/.excelMainActivity t97}: app died, no saved state
I/Zygote  ( 1939): Process 4707 exited cleanly (14)
W/ContextImpl( 2236): Calling a method in the system process without a qualified user: android.app.ContextImpl.sendBroadcast:1327 com.android.server.wm.WindowManagerService.hideStatusbarBroadcast:12002 com.android.server.am.ActivityStackSupervisor.mayAutoHideStatusBar:1849 com.android.server.am.ActivityStackSupervisor.moveHomeStack:453 com.android.server.am.ActivityStack.removeTask:4091 
W/ContextImpl( 2236): Calling a method in the system process without a qualified user: android.app.ContextImpl.sendBroadcast:1327 com.android.server.am.ActivityStackSupervisor.setFocusedStack:1803 com.android.server.am.ActivityStackSupervisor$ActivityDisplay.detachActivitiesLocked:4398 com.android.server.am.ActivityStackSupervisor$ActivityContainer.detachLocked:4120 com.android.server.am.ActivityStackSupervisor$ActivityContainer.onTaskListEmptyLocked:4240 
W/ContextImpl( 2236): Calling a method in the system process without a qualified user: android.app.ContextImpl.sendBroadcast:1327 com.android.server.wm.WindowManagerService.hideStatusbarBroadcast:12002 com.android.server.am.ActivityStackSupervisor.mayAutoHideStatusBar:1849 com.android.server.am.ActivityStackSupervisor.adjustStatusBar:1856 com.android.server.am.ActivityStackSupervisor.setFocusedStack:1826 
W/ResourceType( 2362): No package identifier when getting value for resource number 0x00000000
W/PackageManager( 2362): Failure retrieving resources for com.android.inputmethod.pinyin: Resource ID #0x0
W/ResourceType( 2362): No package identifier when getting value for resource number 0x00000000
W/PackageManager( 2362): Failure retrieving resources for com.android.inputmethod.pinyin: Resource ID #0x0
W/ResourceType( 2362): No package identifier when getting value for resource number 0x00000000
W/PackageManager( 2362): Failure retrieving resources for com.android.inputmethod.pinyin: Resource ID #0x0
W/ResourceType( 2362): No package identifier when getting value for resource number 0x00000000
W/PackageManager( 2362): Failure retrieving resources for com.android.inputmethod.pinyin: Resource ID #0x0
W/ResourceType( 2362): No package identifier when getting value for resource number 0x00000000
W/PackageManager( 2362): Failure retrieving resources for com.android.inputmethod.pinyin: Resource ID #0x0
W/linker  ( 7414): [vdso]: unused DT entry: type 0x6ffffef5 arg 0x160
W/ResourceType( 2362): No package identifier when getting value for resource number 0x00000000
W/PackageManager( 2362): Failure retrieving resources for com.android.inputmethod.pinyin: Resource ID #0x0
W/ResourceType( 2362): No package identifier when getting value for resource number 0x00000000
W/PackageManager( 2362): Failure retrieving resources for com.android.inputmethod.pinyin: Resource ID #0x0
W/ResourceType( 2362): No package identifier when getting value for resource number 0x00000000
W/PackageManager( 2362): Failure retrieving resources for com.android.inputmethod.pinyin: Resource ID #0x0
W/ResourceType( 2362): No package identifier when getting value for resource number 0x00000000
W/PackageManager( 2362): Failure retrieving resources for com.android.inputmethod.pinyin: Resource ID #0x0
W/ResourceType( 2362): No package identifier when getting value for resource number 0x00000000
W/PackageManager( 2362): Failure retrieving resources for com.android.inputmethod.pinyin: Resource ID #0x0
W/ResourceType( 2362): No package identifier when getting value for resource number 0x00000000
W/PackageManager( 2362): Failure retrieving resources for com.android.inputmethod.pinyin: Resource ID #0x0
W/ContextImpl( 2236): Calling a method in the system process without a qualified user: android.app.ContextImpl.sendBroadcast:1327 com.android.server.wm.WindowManagerService.showStatusbarBroadcast:12012 com.android.server.wm.WindowManagerService$H.onCheckingStatusBar:7671 com.android.server.wm.WindowManagerService$H.handleMessage:8190 android.os.Handler.dispatchMessage:102 
W/ContextImpl( 2236): Calling a method in the system process without a qualified user: android.app.ContextImpl.sendBroadcast:1327 com.android.server.wm.WindowManagerService.showStatusbarBroadcast:12012 com.android.server.wm.WindowManagerService$H.onCheckingStatusBar:7671 com.android.server.wm.WindowManagerService$H.handleMessage:8190 android.os.Handler.dispatchMessage:102 
W/ContextImpl( 2236): Calling a method in the system process without a qualified user: android.app.ContextImpl.sendBroadcast:1327 com.android.server.wm.WindowManagerService.showStatusbarBroadcast:12012 com.android.server.wm.WindowManagerService$H.onCheckingStatusBar:7671 com.android.server.wm.WindowManagerService$H.handleMessage:8190 android.os.Handler.dispatchMessage:102 
W/ContextImpl( 2236): Calling a method in the system process without a qualified user: android.app.ContextImpl.sendBroadcast:1327 com.android.server.wm.WindowManagerService.showStatusbarBroadcast:12012 com.android.server.wm.WindowManagerService$H.onCheckingStatusBar:7671 com.android.server.wm.WindowManagerService$H.handleMessage:8190 android.os.Handler.dispatchMessage:102 
V/WindowManager( 2236): ++++xiej, 04-13,7:26, getOrientationFromAppTokensLocked
W/ContextImpl( 2236): Calling a method in the system process without a qualified user: android.app.ContextImpl.sendBroadcast:1327 com.android.server.wm.WindowManagerService.showStatusbarBroadcast:12012 com.android.server.wm.WindowManagerService$H.onCheckingStatusBar:7671 com.android.server.wm.WindowManagerService$H.handleMessage:8190 android.os.Handler.dispatchMessage:102 
W/ResourceType( 2362): No package identifier when getting value for resource number 0x00000000
W/PackageManager( 2362): Failure retrieving resources for com.android.inputmethod.pinyin: Resource ID #0x0
W/ContextImpl( 2236): Calling a method in the system process without a qualified user: android.app.ContextImpl.sendBroadcast:1327 com.android.server.wm.WindowManagerService.showStatusbarBroadcast:12012 com.android.server.wm.WindowManagerService$H.onCheckingStatusBar:7671 com.android.server.wm.WindowManagerService$H.handleMessage:8190 android.os.Handler.dispatchMessage:102 
W/ContextImpl( 2236): Calling a method in the system process without a qualified user: android.app.ContextImpl.sendBroadcast:1327 com.android.server.wm.WindowManagerService.showStatusbarBroadcast:12012 com.android.server.wm.WindowManagerService$H.onCheckingStatusBar:7671 com.android.server.wm.WindowManagerService$H.handleMessage:8190 android.os.Handler.dispatchMessage:102 
W/ContextImpl( 2236): Calling a method in the system process without a qualified user: android.app.ContextImpl.sendBroadcast:1327 com.android.server.wm.WindowManagerService.showStatusbarBroadcast:12012 com.android.server.wm.WindowManagerService$H.onCheckingStatusBar:7671 com.android.server.wm.WindowManagerService$H.handleMessage:8190 android.os.Handler.dispatchMessage:102 
W/ContextImpl( 2236): Calling a method in the system process without a qualified user: android.app.ContextImpl.sendBroadcast:1327 com.android.server.wm.WindowManagerService.showStatusbarBroadcast:12012 com.android.server.wm.WindowManagerService$H.onCheckingStatusBar:7671 com.android.server.wm.WindowManagerService$H.handleMessage:8190 android.os.Handler.dispatchMessage:102 
W/ContextImpl( 2236): Calling a method in the system process without a qualified user: android.app.ContextImpl.sendBroadcast:1327 com.android.server.wm.WindowManagerService.showStatusbarBroadcast:12012 com.android.server.wm.WindowManagerService$H.onCheckingStatusBar:7671 com.android.server.wm.WindowManagerService$H.handleMessage:8190 android.os.Handler.dispatchMessage:102 
W/ContextImpl( 2236): Calling a method in the system process without a qualified user: android.app.ContextImpl.sendBroadcast:1327 com.android.server.wm.WindowManagerService.showStatusbarBroadcast:12012 com.android.server.wm.WindowManagerService$H.onCheckingStatusBar:7671 com.android.server.wm.WindowManagerService$H.handleMessage:8190 android.os.Handler.dispatchMessage:102 
W/ContextImpl( 2236): Calling a method in the system process without a qualified user: android.app.ContextImpl.sendBroadcast:1327 com.android.server.wm.WindowManagerService.showStatusbarBroadcast:12012 com.android.server.wm.WindowManagerService$H.onCheckingStatusBar:7671 com.android.server.wm.WindowManagerService$H.handleMessage:8190 android.os.Handler.dispatchMessage:102 
W/ContextImpl( 2236): Calling a method in the system process without a qualified user: android.app.ContextImpl.sendBroadcast:1327 com.android.server.wm.WindowManagerService.showStatusbarBroadcast:12012 com.android.server.wm.WindowManagerService$H.onCheckingStatusBar:7671 com.android.server.wm.WindowManagerService$H.handleMessage:8190 android.os.Handler.dispatchMessage:102 
W/ContextImpl( 2236): Calling a method in the system process without a qualified user: android.app.ContextImpl.sendBroadcast:1327 com.android.server.wm.WindowManagerService.showStatusbarBroadcast:12012 com.android.server.wm.WindowManagerService$H.onCheckingStatusBar:7671 com.android.server.wm.WindowManagerService$H.handleMessage:8190 android.os.Handler.dispatchMessage:102 
W/ContextImpl( 2236): Calling a method in the system process without a qualified user: android.app.ContextImpl.sendBroadcast:1327 com.android.server.wm.WindowManagerService.showStatusbarBroadcast:12012 com.android.server.wm.WindowManagerService$H.onCheckingStatusBar:7671 com.android.server.wm.WindowManagerService$H.handleMessage:8190 android.os.Handler.dispatchMessage:102 
W/ContextImpl( 2236): Calling a method in the system process without a qualified user: android.app.ContextImpl.sendBroadcast:1327 com.android.server.wm.WindowManagerService.showStatusbarBroadcast:12012 com.android.server.wm.WindowManagerService$H.onCheckingStatusBar:7671 com.android.server.wm.WindowManagerService$H.handleMessage:8190 android.os.Handler.dispatchMessage:102 
W/ContextImpl( 2236): Calling a method in the system process without a qualified user: android.app.ContextImpl.sendBroadcast:1327 com.android.server.wm.WindowManagerService.showStatusbarBroadcast:12012 com.android.server.wm.WindowManagerService$H.onCheckingStatusBar:7671 com.android.server.wm.WindowManagerService$H.handleMessage:8190 android.os.Handler.dispatchMessage:102 
W/ResourceType( 2362): No package identifier when getting value for resource number 0x00000000
W/PackageManager( 2362): Failure retrieving resources for com.android.inputmethod.pinyin: Resource ID #0x0
W/ContextImpl( 2236): Calling a method in the system process without a qualified user: android.app.ContextImpl.sendBroadcast:1327 com.android.server.wm.WindowManagerService.showStatusbarBroadcast:12012 com.android.server.wm.WindowManagerService$H.onCheckingStatusBar:7671 com.android.server.wm.WindowManagerService$H.handleMessage:8190 android.os.Handler.dispatchMessage:102 
W/ContextImpl( 2236): Calling a method in the system process without a qualified user: android.app.ContextImpl.sendBroadcast:1327 com.android.server.wm.WindowManagerService.showStatusbarBroadcast:12012 com.android.server.wm.WindowManagerService$H.onCheckingStatusBar:7671 com.android.server.wm.WindowManagerService$H.handleMessage:8190 android.os.Handler.dispatchMessage:102 
W/ResourceType( 2362): No package identifier when getting value for resource number 0x00000000
W/PackageManager( 2362): Failure retrieving resources for com.android.inputmethod.pinyin: Resource ID #0x0
W/ContextImpl( 2236): Calling a method in the system process without a qualified user: android.app.ContextImpl.sendBroadcast:1327 com.android.server.wm.WindowManagerService.showStatusbarBroadcast:12012 com.android.server.wm.WindowManagerService$H.onCheckingStatusBar:7671 com.android.server.wm.WindowManagerService$H.handleMessage:8190 android.os.Handler.dispatchMessage:102 
W/ContextImpl( 2236): Calling a method in the system process without a qualified user: android.app.ContextImpl.sendBroadcast:1327 com.android.server.wm.WindowManagerService.showStatusbarBroadcast:12012 com.android.server.wm.WindowManagerService$H.onCheckingStatusBar:7671 com.android.server.wm.WindowManagerService$H.handleMessage:8190 android.os.Handler.dispatchMessage:102 
W/linker  ( 7415): [vdso]: unused DT entry: type 0x6ffffef5 arg 0x160
V/WindowManager( 2236): ++++xiej, 04-13,7:26, getOrientationFromAppTokensLocked
V/WindowManager( 2236): ++++xiej, 04-13,7:26, getOrientationFromAppTokensLocked
W/linker  ( 7416): [vdso]: unused DT entry: type 0x6ffffef5 arg 0x160
W/InputMethodManagerService( 2236): Got RemoteException sending setActive(false) notification to pid 4707 uid 10057
W/ResourceType( 2362): No package identifier when getting value for resource number 0x00000000
W/PackageManager( 2362): Failure retrieving resources for com.android.inputmethod.pinyin: Resource ID #0x0
W/ResourceType( 2362): No package identifier when getting value for resource number 0x00000000
W/PackageManager( 2362): Failure retrieving resources for com.android.inputmethod.pinyin: Resource ID #0x0
W/ResourceType( 2362): No package identifier when getting value for resource number 0x00000000
W/PackageManager( 2362): Failure retrieving resources for com.android.inputmethod.pinyin: Resource ID #0x0
V/WindowManager( 2236): ++++xiej, 04-13,7:26, getOrientationFromAppTokensLocked
V/WindowManager( 2236): ++++xiej, 04-13,7:26, getOrientationFromAppTokensLocked
W/ResourceType( 2362): No package identifier when getting value for resource number 0x00000000
W/PackageManager( 2362): Failure retrieving resources for com.android.inputmethod.pinyin: Resource ID #0x0
W/ResourceType( 2362): No package identifier when getting value for resource number 0x00000000
W/PackageManager( 2362): Failure retrieving resources for com.android.inputmethod.pinyin: Resource ID #0x0
W/ResourceType( 2362): No package identifier when getting value for resource number 0x00000000
W/PackageManager( 2362): Failure retrieving resources for com.android.inputmethod.pinyin: Resource ID #0x0
W/ResourceType( 2362): No package identifier when getting value for resource number 0x00000000
W/PackageManager( 2362): Failure retrieving resources for com.android.inputmethod.pinyin: Resource ID #0x0
W/ResourceType( 2362): No package identifier when getting value for resource number 0x00000000
W/PackageManager( 2362): Failure retrieving resources for com.android.inputmethod.pinyin: Resource ID #0x0
W/ResourceType( 2362): No package identifier when getting value for resource number 0x00000000
W/PackageManager( 2362): Failure retrieving resources for com.android.inputmethod.pinyin: Resource ID #0x0
V/WindowManager( 2236): ++++xiej, 04-13,7:26, getOrientationFromAppTokensLocked
V/WindowManager( 2236): ++++xiej, 04-13,7:26, getOrientationFromAppTokensLocked
W/ResourceType( 2362): No package identifier when getting value for resource number 0x00000000
W/PackageManager( 2362): Failure retrieving resources for com.android.inputmethod.pinyin: Resource ID #0x0
W/linker  ( 7417): [vdso]: unused DT entry: type 0x6ffffef5 arg 0x160
W/ResourceType( 2362): No package identifier when getting value for resource number 0x00000000
W/PackageManager( 2362): Failure retrieving resources for com.android.inputmethod.pinyin: Resource ID #0x0
W/ContextImpl( 2236): Calling a method in the system process without a qualified user: android.app.ContextImpl.sendBroadcast:1327 com.android.server.am.ActivityStackSupervisor.setFocusedStack:1803 com.android.server.am.ActivityStackSupervisor.setFocusedStack:1784 com.android.server.am.ActivityManagerService.setFocusedActivityLocked:2465 com.android.server.am.ActivityManagerService.setFocusedStack:2498 
W/ContextImpl( 2236): Calling a method in the system process without a qualified user: android.app.ContextImpl.sendBroadcast:1327 com.android.server.wm.WindowManagerService.showStatusbarBroadcast:12012 com.android.server.am.ActivityStackSupervisor.adjustStatusBar:1879 com.android.server.am.ActivityStackSupervisor.setFocusedStack:1826 com.android.server.am.ActivityStackSupervisor.setFocusedStack:1784 
I/ActivityManager( 2236): =============== gchen_tag: stackId: 105 in moveTaskToFrontLocked: moveTaskToFront
W/ContextImpl( 2236): Calling a method in the system process without a qualified user: android.app.ContextImpl.sendBroadcast:1327 com.android.server.am.ActivityStackSupervisor.setFocusedStack:1803 com.android.server.am.ActivityStackSupervisor.setFocusedStack:1791 com.android.server.am.ActivityStack.moveTaskToFrontLocked:3501 com.android.server.am.ActivityStackSupervisor.findTaskToMoveToFrontLocked:2829 
W/ContextImpl( 2236): Calling a method in the system process without a qualified user: android.app.ContextImpl.sendBroadcast:1327 com.android.server.wm.WindowManagerService.showStatusbarBroadcast:12012 com.android.server.am.ActivityStackSupervisor.adjustStatusBar:1879 com.android.server.am.ActivityStackSupervisor.setFocusedStack:1826 com.android.server.am.ActivityStackSupervisor.setFocusedStack:1791 
V/WindowManager( 2236): ++++xiej, 04-13,7:26, getOrientationFromAppTokensLocked
W/ResourceType( 2362): No package identifier when getting value for resource number 0x00000000
W/PackageManager( 2362): Failure retrieving resources for com.android.inputmethod.pinyin: Resource ID #0x0
V/WindowManager( 2236): ++++xiej, 04-13,7:26, getOrientationFromAppTokensLocked
V/WindowManager( 2236): ++++xiej, 04-13,7:26, getOrientationFromAppTokensLocked
W/InputMethodManagerService( 2236): Starting input on non-focused client com.android.internal.view.IInputMethodClient$Stub$Proxy@9ac32c9 (uid=10056 pid=19711)
W/ResourceType( 2362): No package identifier when getting value for resource number 0x00000000
W/PackageManager( 2362): Failure retrieving resources for com.android.inputmethod.pinyin: Resource ID #0x0
W/ResourceType( 2362): No package identifier when getting value for resource number 0x00000000
W/PackageManager( 2362): Failure retrieving resources for com.android.inputmethod.pinyin: Resource ID #0x0
W/ResourceType( 2362): No package identifier when getting value for resource number 0x00000000
W/PackageManager( 2362): Failure retrieving resources for com.android.inputmethod.pinyin: Resource ID #0x0
W/ResourceType( 2362): No package identifier when getting value for resource number 0x00000000
W/PackageManager( 2362): Failure retrieving resources for com.android.inputmethod.pinyin: Resource ID #0x0
W/ResourceType( 2362): No package identifier when getting value for resource number 0x00000000
W/PackageManager( 2362): Failure retrieving resources for com.android.inputmethod.pinyin: Resource ID #0x0
W/ResourceType( 2362): No package identifier when getting value for resource number 0x00000000
W/PackageManager( 2362): Failure retrieving resources for com.android.inputmethod.pinyin: Resource ID #0x0
W/ResourceType( 2362): No package identifier when getting value for resource number 0x00000000
W/PackageManager( 2362): Failure retrieving resources for com.android.inputmethod.pinyin: Resource ID #0x0
W/ResourceType( 2362): No package identifier when getting value for resource number 0x00000000
W/PackageManager( 2362): Failure retrieving resources for com.android.inputmethod.pinyin: Resource ID #0x0
W/linker  ( 7418): [vdso]: unused DT entry: type 0x6ffffef5 arg 0x160
W/ResourceType( 2362): No package identifier when getting value for resource number 0x00000000
W/PackageManager( 2362): Failure retrieving resources for com.android.inputmethod.pinyin: Resource ID #0x0
W/ResourceType( 2362): No package identifier when getting value for resource number 0x00000000
W/PackageManager( 2362): Failure retrieving resources for com.android.inputmethod.pinyin: Resource ID #0x0
W/ResourceType( 2362): No package identifier when getting value for resource number 0x00000000
W/PackageManager( 2362): Failure retrieving resources for com.android.inputmethod.pinyin: Resource ID #0x0
W/ResourceType( 2362): No package identifier when getting value for resource number 0x00000000
W/PackageManager( 2362): Failure retrieving resources for com.android.inputmethod.pinyin: Resource ID #0x0
W/ResourceType( 2362): No package identifier when getting value for resource number 0x00000000
W/PackageManager( 2362): Failure retrieving resources for com.android.inputmethod.pinyin: Resource ID #0x0
W/ResourceType( 2362): No package identifier when getting value for resource number 0x00000000
W/PackageManager( 2362): Failure retrieving resources for com.android.inputmethod.pinyin: Resource ID #0x0
W/ResourceType( 2362): No package identifier when getting value for resource number 0x00000000
W/PackageManager( 2362): Failure retrieving resources for com.android.inputmethod.pinyin: Resource ID #0x0
W/ResourceType( 2362): No package identifier when getting value for resource number 0x00000000
W/PackageManager( 2362): Failure retrieving resources for com.android.inputmethod.pinyin: Resource ID #0x0
W/ResourceType( 2362): No package identifier when getting value for resource number 0x00000000
W/PackageManager( 2362): Failure retrieving resources for com.android.inputmethod.pinyin: Resource ID #0x0
W/ResourceType( 2362): No package identifier when getting value for resource number 0x00000000
W/PackageManager( 2362): Failure retrieving resources for com.android.inputmethod.pinyin: Resource ID #0x0
W/linker  ( 7419): [vdso]: unused DT entry: type 0x6ffffef5 arg 0x160
W/ResourceType( 2362): No package identifier when getting value for resource number 0x00000000
W/PackageManager( 2362): Failure retrieving resources for com.android.inputmethod.pinyin: Resource ID #0x0
W/ResourceType( 2362): No package identifier when getting value for resource number 0x00000000
W/PackageManager( 2362): Failure retrieving resources for com.android.inputmethod.pinyin: Resource ID #0x0
W/ResourceType( 2362): No package identifier when getting value for resource number 0x00000000
W/PackageManager( 2362): Failure retrieving resources for com.android.inputmethod.pinyin: Resource ID #0x0
W/MessageQueue(19711): MMInnerHandler{listener = MTimerHandler(com.tencent.mm.sdk.platformtools.ah){mCallBack = com.tencent.mm.modelstat.n$4}} sending message to a Handler on a dead thread
W/MessageQueue(19711): java.lang.IllegalStateException: MMInnerHandler{listener = MTimerHandler(com.tencent.mm.sdk.platformtools.ah){mCallBack = com.tencent.mm.modelstat.n$4}} sending message to a Handler on a dead thread
W/MessageQueue(19711): 	at android.os.MessageQueue.enqueueMessage(MessageQueue.java:325)
W/MessageQueue(19711): 	at android.os.Handler.enqueueMessage(Handler.java:631)
W/MessageQueue(19711): 	at android.os.Handler.sendMessageAtTime(Handler.java:600)
W/MessageQueue(19711): 	at com.tencent.mm.sdk.platformtools.ae.sendMessageAtTime(SourceFile:76)
W/MessageQueue(19711): 	at android.os.Handler.sendMessageDelayed(Handler.java:570)
W/MessageQueue(19711): 	at android.os.Handler.sendEmptyMessageDelayed(Handler.java:534)
W/MessageQueue(19711): 	at com.tencent.mm.sdk.platformtools.ac.sendEmptyMessageDelayed(SourceFile:367)
W/MessageQueue(19711): 	at com.tencent.mm.sdk.platformtools.ah.ea(SourceFile:84)
W/MessageQueue(19711): 	at com.tencent.mm.modelstat.n.b(SourceFile:613)
W/MessageQueue(19711): 	at com.tencent.mm.modelstat.n.gp(SourceFile:753)
W/MessageQueue(19711): 	at com.tencent.mm.modelstat.n$a.onReceive(SourceFile:104)
W/MessageQueue(19711): 	at android.app.LoadedApk$ReceiverDispatcher$Args.run(LoadedApk.java:866)
W/MessageQueue(19711): 	at android.os.Handler.handleCallback(Handler.java:739)
W/MessageQueue(19711): 	at android.os.Handler.dispatchMessage(Handler.java:95)
W/MessageQueue(19711): 	at android.os.Looper.loop(Looper.java:135)
W/MessageQueue(19711): 	at android.app.ActivityThread.main(ActivityThread.java:5254)
W/MessageQueue(19711): 	at java.lang.reflect.Method.invoke(Native Method)
W/MessageQueue(19711): 	at java.lang.reflect.Method.invoke(Method.java:372)
W/MessageQueue(19711): 	at com.android.internal.os.ZygoteInit$MethodAndArgsCaller.run(ZygoteInit.java:903)
W/MessageQueue(19711): 	at com.android.internal.os.ZygoteInit.main(ZygoteInit.java:698)
W/ResourceType( 2362): No package identifier when getting value for resource number 0x00000000
W/PackageManager( 2362): Failure retrieving resources for com.android.inputmethod.pinyin: Resource ID #0x0
W/ResourceType( 2362): No package identifier when getting value for resource number 0x00000000
W/PackageManager( 2362): Failure retrieving resources for com.android.inputmethod.pinyin: Resource ID #0x0
W/ResourceType( 2362): No package identifier when getting value for resource number 0x00000000
W/PackageManager( 2362): Failure retrieving resources for com.android.inputmethod.pinyin: Resource ID #0x0
W/ResourceType( 2362): No package identifier when getting value for resource number 0x00000000
W/PackageManager( 2362): Failure retrieving resources for com.android.inputmethod.pinyin: Resource ID #0x0
W/ResourceType( 2362): No package identifier when getting value for resource number 0x00000000
W/PackageManager( 2362): Failure retrieving resources for com.android.inputmethod.pinyin: Resource ID #0x0
W/ResourceType( 2362): No package identifier when getting value for resource number 0x00000000
W/PackageManager( 2362): Failure retrieving resources for com.android.inputmethod.pinyin: Resource ID #0x0
W/linker  ( 7420): [vdso]: unused DT entry: type 0x6ffffef5 arg 0x160
W/ResourceType( 2362): No package identifier when getting value for resource number 0x00000000
W/PackageManager( 2362): Failure retrieving resources for com.android.inputmethod.pinyin: Resource ID #0x0
V/GeckoDynamicToolbarAnimator(31271): All fingers lifted, completing show
V/GeckoDynamicToolbarAnimator(31271): Requested toolbar animation to translation 0.0
V/GeckoDynamicToolbarAnimator(31271): Changing animation to immediate jump
W/ContextImpl( 2236): Calling a method in the system process without a qualified user: android.app.ContextImpl.sendBroadcast:1327 com.android.server.am.ActivityStackSupervisor.setFocusedStack:1803 com.android.server.am.ActivityStackSupervisor.setFocusedStack:1784 com.android.server.am.ActivityManagerService.setFocusedActivityLocked:2465 com.android.server.am.ActivityManagerService.setFocusedStack:2498 
W/ContextImpl( 2236): Calling a method in the system process without a qualified user: android.app.ContextImpl.sendBroadcast:1327 com.android.server.wm.WindowManagerService.hideStatusbarBroadcast:12002 com.android.server.am.ActivityStackSupervisor.mayAutoHideStatusBar:1849 com.android.server.am.ActivityStackSupervisor.adjustStatusBar:1856 com.android.server.am.ActivityStackSupervisor.setFocusedStack:1826 
I/ActivityManager( 2236): =============== gchen_tag: stackId: 71 in moveTaskToFrontLocked: moveTaskToFront
W/ContextImpl( 2236): Calling a method in the system process without a qualified user: android.app.ContextImpl.sendBroadcast:1327 com.android.server.am.ActivityStackSupervisor.setFocusedStack:1803 com.android.server.am.ActivityStackSupervisor.setFocusedStack:1791 com.android.server.am.ActivityStack.moveTaskToFrontLocked:3501 com.android.server.am.ActivityStackSupervisor.findTaskToMoveToFrontLocked:2829 
W/ContextImpl( 2236): Calling a method in the system process without a qualified user: android.app.ContextImpl.sendBroadcast:1327 com.android.server.wm.WindowManagerService.hideStatusbarBroadcast:12002 com.android.server.am.ActivityStackSupervisor.mayAutoHideStatusBar:1849 com.android.server.am.ActivityStackSupervisor.adjustStatusBar:1856 com.android.server.am.ActivityStackSupervisor.setFocusedStack:1826 
W/ContextImpl( 2236): Calling a method in the system process without a qualified user: android.app.ContextImpl.sendBroadcast:1327 com.android.server.wm.WindowManagerService.hideStatusbarBroadcast:12002 com.android.server.am.ActivityStackSupervisor.mayAutoHideStatusBar:1849 com.android.server.am.ActivityStackSupervisor.moveHomeStack:453 com.android.server.am.ActivityStack.moveToFront:493 
V/WindowManager( 2236): ++++xiej, 04-13,7:26, getOrientationFromAppTokensLocked
V/WindowManager( 2236): ++++xiej, 04-13,7:26, getOrientationFromAppTokensLocked
W/ResourceType( 2362): No package identifier when getting value for resource number 0x00000000
W/PackageManager( 2362): Failure retrieving resources for com.android.inputmethod.pinyin: Resource ID #0x0
W/ResourceType( 2362): No package identifier when getting value for resource number 0x00000000
W/PackageManager( 2362): Failure retrieving resources for com.android.inputmethod.pinyin: Resource ID #0x0
W/ResourceType( 2362): No package identifier when getting value for resource number 0x00000000
W/PackageManager( 2362): Failure retrieving resources for com.android.inputmethod.pinyin: Resource ID #0x0
W/ResourceType( 2362): No package identifier when getting value for resource number 0x00000000
W/PackageManager( 2362): Failure retrieving resources for com.android.inputmethod.pinyin: Resource ID #0x0
W/ResourceType( 2362): No package identifier when getting value for resource number 0x00000000
W/PackageManager( 2362): Failure retrieving resources for com.android.inputmethod.pinyin: Resource ID #0x0
W/ResourceType( 2362): No package identifier when getting value for resource number 0x00000000
W/PackageManager( 2362): Failure retrieving resources for com.android.inputmethod.pinyin: Resource ID #0x0
W/ResourceType( 2362): No package identifier when getting value for resource number 0x00000000
W/PackageManager( 2362): Failure retrieving resources for com.android.inputmethod.pinyin: Resource ID #0x0
W/ResourceType( 2362): No package identifier when getting value for resource number 0x00000000
W/PackageManager( 2362): Failure retrieving resources for com.android.inputmethod.pinyin: Resource ID #0x0
W/ContextImpl( 2236): Calling a method in the system process without a qualified user: android.app.ContextImpl.sendBroadcast:1327 com.android.server.wm.WindowManagerService.showStatusbarBroadcast:12012 com.android.server.wm.WindowManagerService$H.onCheckingStatusBar:7671 com.android.server.wm.WindowManagerService$H.handleMessage:8190 android.os.Handler.dispatchMessage:102 
W/ContextImpl( 2236): Calling a method in the system process without a qualified user: android.app.ContextImpl.sendBroadcast:1327 com.android.server.wm.WindowManagerService.showStatusbarBroadcast:12012 com.android.server.wm.WindowManagerService$H.onCheckingStatusBar:7671 com.android.server.wm.WindowManagerService$H.handleMessage:8190 android.os.Handler.dispatchMessage:102 
W/ContextImpl( 2236): Calling a method in the system process without a qualified user: android.app.ContextImpl.sendBroadcast:1327 com.android.server.wm.WindowManagerService.showStatusbarBroadcast:12012 com.android.server.wm.WindowManagerService$H.onCheckingStatusBar:7671 com.android.server.wm.WindowManagerService$H.handleMessage:8190 android.os.Handler.dispatchMessage:102 
W/ContextImpl( 2236): Calling a method in the system process without a qualified user: android.app.ContextImpl.sendBroadcast:1327 com.android.server.wm.WindowManagerService.showStatusbarBroadcast:12012 com.android.server.wm.WindowManagerService$H.onCheckingStatusBar:7671 com.android.server.wm.WindowManagerService$H.handleMessage:8190 android.os.Handler.dispatchMessage:102 
W/ContextImpl( 2236): Calling a method in the system process without a qualified user: android.app.ContextImpl.sendBroadcast:1327 com.android.server.wm.WindowManagerService.showStatusbarBroadcast:12012 com.android.server.wm.WindowManagerService$H.onCheckingStatusBar:7671 com.android.server.wm.WindowManagerService$H.handleMessage:8190 android.os.Handler.dispatchMessage:102 
W/ContextImpl( 2236): Calling a method in the system process without a qualified user: android.app.ContextImpl.sendBroadcast:1327 com.android.server.wm.WindowManagerService.showStatusbarBroadcast:12012 com.android.server.wm.WindowManagerService$H.onCheckingStatusBar:7671 com.android.server.wm.WindowManagerService$H.handleMessage:8190 android.os.Handler.dispatchMessage:102 
W/ContextImpl( 2236): Calling a method in the system process without a qualified user: android.app.ContextImpl.sendBroadcast:1327 com.android.server.wm.WindowManagerService.showStatusbarBroadcast:12012 com.android.server.wm.WindowManagerService$H.onCheckingStatusBar:7671 com.android.server.wm.WindowManagerService$H.handleMessage:8190 android.os.Handler.dispatchMessage:102 
W/ContextImpl( 2236): Calling a method in the system process without a qualified user: android.app.ContextImpl.sendBroadcast:1327 com.android.server.wm.WindowManagerService.showStatusbarBroadcast:12012 com.android.server.wm.WindowManagerService$H.onCheckingStatusBar:7671 com.android.server.wm.WindowManagerService$H.handleMessage:8190 android.os.Handler.dispatchMessage:102 
W/ContextImpl( 2236): Calling a method in the system process without a qualified user: android.app.ContextImpl.sendBroadcast:1327 com.android.server.wm.WindowManagerService.showStatusbarBroadcast:12012 com.android.server.wm.WindowManagerService$H.onCheckingStatusBar:7671 com.android.server.wm.WindowManagerService$H.handleMessage:8190 android.os.Handler.dispatchMessage:102 
W/ContextImpl( 2236): Calling a method in the system process without a qualified user: android.app.ContextImpl.sendBroadcast:1327 com.android.server.wm.WindowManagerService.showStatusbarBroadcast:12012 com.android.server.wm.WindowManagerService$H.onCheckingStatusBar:7671 com.android.server.wm.WindowManagerService$H.handleMessage:8190 android.os.Handler.dispatchMessage:102 
W/ContextImpl( 2236): Calling a method in the system process without a qualified user: android.app.ContextImpl.sendBroadcast:1327 com.android.server.wm.WindowManagerService.showStatusbarBroadcast:12012 com.android.server.wm.WindowManagerService$H.onCheckingStatusBar:7671 com.android.server.wm.WindowManagerService$H.handleMessage:8190 android.os.Handler.dispatchMessage:102 
W/ContextImpl( 2236): Calling a method in the system process without a qualified user: android.app.ContextImpl.sendBroadcast:1327 com.android.server.wm.WindowManagerService.showStatusbarBroadcast:12012 com.android.server.wm.WindowManagerService$H.onCheckingStatusBar:7671 com.android.server.wm.WindowManagerService$H.handleMessage:8190 android.os.Handler.dispatchMessage:102 
W/ContextImpl( 2236): Calling a method in the system process without a qualified user: android.app.ContextImpl.sendBroadcast:1327 com.android.server.wm.WindowManagerService.showStatusbarBroadcast:12012 com.android.server.wm.WindowManagerService$H.onCheckingStatusBar:7671 com.android.server.wm.WindowManagerService$H.handleMessage:8190 android.os.Handler.dispatchMessage:102 
W/ContextImpl( 2236): Calling a method in the system process without a qualified user: android.app.ContextImpl.sendBroadcast:1327 com.android.server.wm.WindowManagerService.showStatusbarBroadcast:12012 com.android.server.wm.WindowManagerService$H.onCheckingStatusBar:7671 com.android.server.wm.WindowManagerService$H.handleMessage:8190 android.os.Handler.dispatchMessage:102 
W/ContextImpl( 2236): Calling a method in the system process without a qualified user: android.app.ContextImpl.sendBroadcast:1327 com.android.server.wm.WindowManagerService.showStatusbarBroadcast:12012 com.android.server.wm.WindowManagerService$H.onCheckingStatusBar:7671 com.android.server.wm.WindowManagerService$H.handleMessage:8190 android.os.Handler.dispatchMessage:102 
W/ContextImpl( 2236): Calling a method in the system process without a qualified user: android.app.ContextImpl.sendBroadcast:1327 com.android.server.wm.WindowManagerService.showStatusbarBroadcast:12012 com.android.server.wm.WindowManagerService$H.onCheckingStatusBar:7671 com.android.server.wm.WindowManagerService$H.handleMessage:8190 android.os.Handler.dispatchMessage:102 
W/ContextImpl( 2236): Calling a method in the system process without a qualified user: android.app.ContextImpl.sendBroadcast:1327 com.android.server.wm.WindowManagerService.showStatusbarBroadcast:12012 com.android.server.wm.WindowManagerService$H.onCheckingStatusBar:7671 com.android.server.wm.WindowManagerService$H.handleMessage:8190 android.os.Handler.dispatchMessage:102 
V/WindowManager( 2236): ++++xiej, 04-13,7:26, getOrientationFromAppTokensLocked
W/ContextImpl( 2236): Calling a method in the system process without a qualified user: android.app.ContextImpl.sendBroadcast:1327 com.android.server.wm.WindowManagerService.showStatusbarBroadcast:12012 com.android.server.wm.WindowManagerService$H.onCheckingStatusBar:7671 com.android.server.wm.WindowManagerService$H.handleMessage:8190 android.os.Handler.dispatchMessage:102 
W/ContextImpl( 2236): Calling a method in the system process without a qualified user: android.app.ContextImpl.sendBroadcast:1327 com.android.server.wm.WindowManagerService.showStatusbarBroadcast:12012 com.android.server.wm.WindowManagerService$H.onCheckingStatusBar:7671 com.android.server.wm.WindowManagerService$H.handleMessage:8190 android.os.Handler.dispatchMessage:102 
W/ContextImpl( 2236): Calling a method in the system process without a qualified user: android.app.ContextImpl.sendBroadcast:1327 com.android.server.wm.WindowManagerService.showStatusbarBroadcast:12012 com.android.server.wm.WindowManagerService$H.onCheckingStatusBar:7671 com.android.server.wm.WindowManagerService$H.handleMessage:8190 android.os.Handler.dispatchMessage:102 
W/linker  ( 7421): [vdso]: unused DT entry: type 0x6ffffef5 arg 0x160
W/ResourceType( 2362): No package identifier when getting value for resource number 0x00000000
W/PackageManager( 2362): Failure retrieving resources for com.android.inputmethod.pinyin: Resource ID #0x0
W/ContextImpl( 2236): Calling a method in the system process without a qualified user: android.app.ContextImpl.sendBroadcast:1327 com.android.server.wm.WindowManagerService.showStatusbarBroadcast:12012 com.android.server.wm.WindowManagerService$H.onCheckingStatusBar:7671 com.android.server.wm.WindowManagerService$H.handleMessage:8190 android.os.Handler.dispatchMessage:102 
W/ContextImpl( 2236): Calling a method in the system process without a qualified user: android.app.ContextImpl.sendBroadcast:1327 com.android.server.wm.WindowManagerService.showStatusbarBroadcast:12012 com.android.server.wm.WindowManagerService$H.onCheckingStatusBar:7671 com.android.server.wm.WindowManagerService$H.handleMessage:8190 android.os.Handler.dispatchMessage:102 
W/ContextImpl( 2236): Calling a method in the system process without a qualified user: android.app.ContextImpl.sendBroadcast:1327 com.android.server.wm.WindowManagerService.showStatusbarBroadcast:12012 com.android.server.wm.WindowManagerService$H.onCheckingStatusBar:7671 com.android.server.wm.WindowManagerService$H.handleMessage:8190 android.os.Handler.dispatchMessage:102 
V/WindowManager( 2236): ++++xiej, 04-13,7:26, getOrientationFromAppTokensLocked
V/WindowManager( 2236): ++++xiej, 04-13,7:26, getOrientationFromAppTokensLocked
W/linker  ( 7422): [vdso]: unused DT entry: type 0x6ffffef5 arg 0x160
W/ResourceType( 2362): No package identifier when getting value for resource number 0x00000000
W/PackageManager( 2362): Failure retrieving resources for com.android.inputmethod.pinyin: Resource ID #0x0
W/ResourceType( 2362): No package identifier when getting value for resource number 0x00000000
W/PackageManager( 2362): Failure retrieving resources for com.android.inputmethod.pinyin: Resource ID #0x0
W/ResourceType( 2362): No package identifier when getting value for resource number 0x00000000
W/PackageManager( 2362): Failure retrieving resources for com.android.inputmethod.pinyin: Resource ID #0x0
V/WindowManager( 2236): ++++xiej, 04-13,7:26, getOrientationFromAppTokensLocked
V/WindowManager( 2236): ++++xiej, 04-13,7:26, getOrientationFromAppTokensLocked
V/WindowManager( 2236): ++++xiej, 04-13,7:26, getOrientationFromAppTokensLocked
V/WindowManager( 2236): ++++xiej, 04-13,7:26, getOrientationFromAppTokensLocked
W/ResourceType( 2362): No package identifier when getting value for resource number 0x00000000
W/PackageManager( 2362): Failure retrieving resources for com.android.inputmethod.pinyin: Resource ID #0x0
W/ResourceType( 2362): No package identifier when getting value for resource number 0x00000000
W/PackageManager( 2362): Failure retrieving resources for com.android.inputmethod.pinyin: Resource ID #0x0
V/WindowManager( 2236): ++++xiej, 04-13,7:26, getOrientationFromAppTokensLocked
V/WindowManager( 2236): ++++xiej, 04-13,7:26, getOrientationFromAppTokensLocked
W/ResourceType( 2362): No package identifier when getting value for resource number 0x00000000
W/PackageManager( 2362): Failure retrieving resources for com.android.inputmethod.pinyin: Resource ID #0x0
W/ResourceType( 2362): No package identifier when getting value for resource number 0x00000000
W/PackageManager( 2362): Failure retrieving resources for com.android.inputmethod.pinyin: Resource ID #0x0
W/ResourceType( 2362): No package identifier when getting value for resource number 0x00000000
W/PackageManager( 2362): Failure retrieving resources for com.android.inputmethod.pinyin: Resource ID #0x0
W/MessageQueue(19711): MMInnerHandler{listener = MTimerHandler(com.tencent.mm.sdk.platformtools.ah){mCallBack = com.tencent.mm.modelstat.n$4}} sending message to a Handler on a dead thread
W/MessageQueue(19711): java.lang.IllegalStateException: MMInnerHandler{listener = MTimerHandler(com.tencent.mm.sdk.platformtools.ah){mCallBack = com.tencent.mm.modelstat.n$4}} sending message to a Handler on a dead thread
W/MessageQueue(19711): 	at android.os.MessageQueue.enqueueMessage(MessageQueue.java:325)
W/MessageQueue(19711): 	at android.os.Handler.enqueueMessage(Handler.java:631)
W/MessageQueue(19711): 	at android.os.Handler.sendMessageAtTime(Handler.java:600)
W/MessageQueue(19711): 	at com.tencent.mm.sdk.platformtools.ae.sendMessageAtTime(SourceFile:76)
W/MessageQueue(19711): 	at android.os.Handler.sendMessageDelayed(Handler.java:570)
W/MessageQueue(19711): 	at android.os.Handler.sendEmptyMessageDelayed(Handler.java:534)
W/MessageQueue(19711): 	at com.tencent.mm.sdk.platformtools.ac.sendEmptyMessageDelayed(SourceFile:367)
W/MessageQueue(19711): 	at com.tencent.mm.sdk.platformtools.ah.ea(SourceFile:84)
W/MessageQueue(19711): 	at com.tencent.mm.modelstat.n.b(SourceFile:613)
W/MessageQueue(19711): 	at com.tencent.mm.modelstat.n.gp(SourceFile:753)
W/MessageQueue(19711): 	at com.tencent.mm.modelstat.n$a.onReceive(SourceFile:104)
W/MessageQueue(19711): 	at android.app.LoadedApk$ReceiverDispatcher$Args.run(LoadedApk.java:866)
W/MessageQueue(19711): 	at android.os.Handler.handleCallback(Handler.java:739)
W/MessageQueue(19711): 	at android.os.Handler.dispatchMessage(Handler.java:95)
W/MessageQueue(19711): 	at android.os.Looper.loop(Looper.java:135)
W/MessageQueue(19711): 	at android.app.ActivityThread.main(ActivityThread.java:5254)
W/MessageQueue(19711): 	at java.lang.reflect.Method.invoke(Native Method)
W/MessageQueue(19711): 	at java.lang.reflect.Method.invoke(Method.java:372)
W/MessageQueue(19711): 	at com.android.internal.os.ZygoteInit$MethodAndArgsCaller.run(ZygoteInit.java:903)
W/MessageQueue(19711): 	at com.android.internal.os.ZygoteInit.main(ZygoteInit.java:698)
W/ResourceType( 2362): No package identifier when getting value for resource number 0x00000000
W/PackageManager( 2362): Failure retrieving resources for com.android.inputmethod.pinyin: Resource ID #0x0
W/ResourceType( 2362): No package identifier when getting value for resource number 0x00000000
W/PackageManager( 2362): Failure retrieving resources for com.android.inputmethod.pinyin: Resource ID #0x0
W/linker  ( 7423): [vdso]: unused DT entry: type 0x6ffffef5 arg 0x160
W/ResourceType( 2362): No package identifier when getting value for resource number 0x00000000
W/PackageManager( 2362): Failure retrieving resources for com.android.inputmethod.pinyin: Resource ID #0x0
W/ResourceType( 2362): No package identifier when getting value for resource number 0x00000000
W/PackageManager( 2362): Failure retrieving resources for com.android.inputmethod.pinyin: Resource ID #0x0
W/ResourceType( 2362): No package identifier when getting value for resource number 0x00000000
W/PackageManager( 2362): Failure retrieving resources for com.android.inputmethod.pinyin: Resource ID #0x0
W/ResourceType( 2362): No package identifier when getting value for resource number 0x00000000
W/PackageManager( 2362): Failure retrieving resources for com.android.inputmethod.pinyin: Resource ID #0x0
W/ResourceType( 2362): No package identifier when getting value for resource number 0x00000000
W/PackageManager( 2362): Failure retrieving resources for com.android.inputmethod.pinyin: Resource ID #0x0
W/ResourceType( 2362): No package identifier when getting value for resource number 0x00000000
W/PackageManager( 2362): Failure retrieving resources for com.android.inputmethod.pinyin: Resource ID #0x0
W/ResourceType( 2362): No package identifier when getting value for resource number 0x00000000
W/PackageManager( 2362): Failure retrieving resources for com.android.inputmethod.pinyin: Resource ID #0x0
W/ResourceType( 2362): No package identifier when getting value for resource number 0x00000000
W/PackageManager( 2362): Failure retrieving resources for com.android.inputmethod.pinyin: Resource ID #0x0
W/ResourceType( 2362): No package identifier when getting value for resource number 0x00000000
W/PackageManager( 2362): Failure retrieving resources for com.android.inputmethod.pinyin: Resource ID #0x0
W/ResourceType( 2362): No package identifier when getting value for resource number 0x00000000
W/PackageManager( 2362): Failure retrieving resources for com.android.inputmethod.pinyin: Resource ID #0x0
W/linker  ( 7424): [vdso]: unused DT entry: type 0x6ffffef5 arg 0x160
W/ResourceType( 2362): No package identifier when getting value for resource number 0x00000000
W/PackageManager( 2362): Failure retrieving resources for com.android.inputmethod.pinyin: Resource ID #0x0
W/ResourceType( 2362): No package identifier when getting value for resource number 0x00000000
W/PackageManager( 2362): Failure retrieving resources for com.android.inputmethod.pinyin: Resource ID #0x0
W/ResourceType( 2362): No package identifier when getting value for resource number 0x00000000
W/PackageManager( 2362): Failure retrieving resources for com.android.inputmethod.pinyin: Resource ID #0x0
W/ResourceType( 2362): No package identifier when getting value for resource number 0x00000000
W/PackageManager( 2362): Failure retrieving resources for com.android.inputmethod.pinyin: Resource ID #0x0
