W/ResourceType( 2362): No package identifier when getting value for resource number 0x00000000
W/PackageManager( 2362): Failure retrieving resources for com.android.inputmethod.pinyin: Resource ID #0x0
W/ResourceType( 2362): No package identifier when getting value for resource number 0x00000000
W/PackageManager( 2362): Failure retrieving resources for com.android.inputmethod.pinyin: Resource ID #0x0
W/ResourceType( 2362): No package identifier when getting value for resource number 0x00000000
W/PackageManager( 2362): Failure retrieving resources for com.android.inputmethod.pinyin: Resource ID #0x0
W/ResourceType( 2362): No package identifier when getting value for resource number 0x00000000
W/PackageManager( 2362): Failure retrieving resources for com.android.inputmethod.pinyin: Resource ID #0x0
W/ResourceType( 2362): No package identifier when getting value for resource number 0x00000000
W/PackageManager( 2362): Failure retrieving resources for com.android.inputmethod.pinyin: Resource ID #0x0
W/linker  ( 7425): [vdso]: unused DT entry: type 0x6ffffef5 arg 0x160
W/ResourceType( 2362): No package identifier when getting value for resource number 0x00000000
W/PackageManager( 2362): Failure retrieving resources for com.android.inputmethod.pinyin: Resource ID #0x0
W/ResourceType( 2362): No package identifier when getting value for resource number 0x00000000
W/PackageManager( 2362): Failure retrieving resources for com.android.inputmethod.pinyin: Resource ID #0x0
W/ResourceType( 2362): No package identifier when getting value for resource number 0x00000000
W/PackageManager( 2362): Failure retrieving resources for com.android.inputmethod.pinyin: Resource ID #0x0
W/ResourceType( 2362): No package identifier when getting value for resource number 0x00000000
W/PackageManager( 2362): Failure retrieving resources for com.android.inputmethod.pinyin: Resource ID #0x0
W/ResourceType( 2362): No package identifier when getting value for resource number 0x00000000
W/PackageManager( 2362): Failure retrieving resources for com.android.inputmethod.pinyin: Resource ID #0x0
W/ResourceType( 2362): No package identifier when getting value for resource number 0x00000000
W/PackageManager( 2362): Failure retrieving resources for com.android.inputmethod.pinyin: Resource ID #0x0
W/ResourceType( 2362): No package identifier when getting value for resource number 0x00000000
W/PackageManager( 2362): Failure retrieving resources for com.android.inputmethod.pinyin: Resource ID #0x0
W/ResourceType( 2362): No package identifier when getting value for resource number 0x00000000
W/PackageManager( 2362): Failure retrieving resources for com.android.inputmethod.pinyin: Resource ID #0x0
W/ResourceType( 2362): No package identifier when getting value for resource number 0x00000000
W/PackageManager( 2362): Failure retrieving resources for com.android.inputmethod.pinyin: Resource ID #0x0
W/ResourceType( 2362): No package identifier when getting value for resource number 0x00000000
W/PackageManager( 2362): Failure retrieving resources for com.android.inputmethod.pinyin: Resource ID #0x0
W/linker  ( 7426): [vdso]: unused DT entry: type 0x6ffffef5 arg 0x160
W/ResourceType( 2362): No package identifier when getting value for resource number 0x00000000
W/PackageManager( 2362): Failure retrieving resources for com.android.inputmethod.pinyin: Resource ID #0x0
W/ResourceType( 2362): No package identifier when getting value for resource number 0x00000000
W/PackageManager( 2362): Failure retrieving resources for com.android.inputmethod.pinyin: Resource ID #0x0
W/ResourceType( 2362): No package identifier when getting value for resource number 0x00000000
W/PackageManager( 2362): Failure retrieving resources for com.android.inputmethod.pinyin: Resource ID #0x0
W/ResourceType( 2362): No package identifier when getting value for resource number 0x00000000
W/PackageManager( 2362): Failure retrieving resources for com.android.inputmethod.pinyin: Resource ID #0x0
W/ResourceType( 2362): No package identifier when getting value for resource number 0x00000000
W/PackageManager( 2362): Failure retrieving resources for com.android.inputmethod.pinyin: Resource ID #0x0
W/ResourceType( 2362): No package identifier when getting value for resource number 0x00000000
W/PackageManager( 2362): Failure retrieving resources for com.android.inputmethod.pinyin: Resource ID #0x0
W/ResourceType( 2362): No package identifier when getting value for resource number 0x00000000
W/PackageManager( 2362): Failure retrieving resources for com.android.inputmethod.pinyin: Resource ID #0x0
W/ResourceType( 2362): No package identifier when getting value for resource number 0x00000000
W/PackageManager( 2362): Failure retrieving resources for com.android.inputmethod.pinyin: Resource ID #0x0
W/ResourceType( 2362): No package identifier when getting value for resource number 0x00000000
W/PackageManager( 2362): Failure retrieving resources for com.android.inputmethod.pinyin: Resource ID #0x0
W/linker  ( 7428): [vdso]: unused DT entry: type 0x6ffffef5 arg 0x160
W/ResourceType( 2362): No package identifier when getting value for resource number 0x00000000
W/PackageManager( 2362): Failure retrieving resources for com.android.inputmethod.pinyin: Resource ID #0x0
W/linker  ( 7429): [vdso]: unused DT entry: type 0x6ffffef5 arg 0x160
W/ResourceType( 2362): No package identifier when getting value for resource number 0x00000000
W/PackageManager( 2362): Failure retrieving resources for com.android.inputmethod.pinyin: Resource ID #0x0
W/ResourceType( 2362): No package identifier when getting value for resource number 0x00000000
W/PackageManager( 2362): Failure retrieving resources for com.android.inputmethod.pinyin: Resource ID #0x0
W/ResourceType( 2362): No package identifier when getting value for resource number 0x00000000
W/PackageManager( 2362): Failure retrieving resources for com.android.inputmethod.pinyin: Resource ID #0x0
W/ResourceType( 2362): No package identifier when getting value for resource number 0x00000000
W/PackageManager( 2362): Failure retrieving resources for com.android.inputmethod.pinyin: Resource ID #0x0
W/ResourceType( 2362): No package identifier when getting value for resource number 0x00000000
W/PackageManager( 2362): Failure retrieving resources for com.android.inputmethod.pinyin: Resource ID #0x0
W/ResourceType( 2362): No package identifier when getting value for resource number 0x00000000
W/PackageManager( 2362): Failure retrieving resources for com.android.inputmethod.pinyin: Resource ID #0x0
W/ResourceType( 2362): No package identifier when getting value for resource number 0x00000000
W/PackageManager( 2362): Failure retrieving resources for com.android.inputmethod.pinyin: Resource ID #0x0
W/ResourceType( 2362): No package identifier when getting value for resource number 0x00000000
W/PackageManager( 2362): Failure retrieving resources for com.android.inputmethod.pinyin: Resource ID #0x0
W/ResourceType( 2362): No package identifier when getting value for resource number 0x00000000
W/PackageManager( 2362): Failure retrieving resources for com.android.inputmethod.pinyin: Resource ID #0x0
W/ResourceType( 2362): No package identifier when getting value for resource number 0x00000000
W/PackageManager( 2362): Failure retrieving resources for com.android.inputmethod.pinyin: Resource ID #0x0
W/linker  ( 7430): [vdso]: unused DT entry: type 0x6ffffef5 arg 0x160
W/ResourceType( 2362): No package identifier when getting value for resource number 0x00000000
W/PackageManager( 2362): Failure retrieving resources for com.android.inputmethod.pinyin: Resource ID #0x0
W/ResourceType( 2362): No package identifier when getting value for resource number 0x00000000
W/PackageManager( 2362): Failure retrieving resources for com.android.inputmethod.pinyin: Resource ID #0x0
W/ActivityManager( 2236): getRunningAppProcesses: caller 10061 does not hold REAL_GET_TASKS; limiting output
W/ResourceType( 2362): No package identifier when getting value for resource number 0x00000000
W/PackageManager( 2362): Failure retrieving resources for com.android.inputmethod.pinyin: Resource ID #0x0
W/ResourceType( 2362): No package identifier when getting value for resource number 0x00000000
W/PackageManager( 2362): Failure retrieving resources for com.android.inputmethod.pinyin: Resource ID #0x0
W/ResourceType( 2362): No package identifier when getting value for resource number 0x00000000
W/PackageManager( 2362): Failure retrieving resources for com.android.inputmethod.pinyin: Resource ID #0x0
W/ResourceType( 2362): No package identifier when getting value for resource number 0x00000000
W/PackageManager( 2362): Failure retrieving resources for com.android.inputmethod.pinyin: Resource ID #0x0
W/ResourceType( 2362): No package identifier when getting value for resource number 0x00000000
W/PackageManager( 2362): Failure retrieving resources for com.android.inputmethod.pinyin: Resource ID #0x0
W/ResourceType( 2362): No package identifier when getting value for resource number 0x00000000
W/PackageManager( 2362): Failure retrieving resources for com.android.inputmethod.pinyin: Resource ID #0x0
W/ResourceType( 2362): No package identifier when getting value for resource number 0x00000000
W/PackageManager( 2362): Failure retrieving resources for com.android.inputmethod.pinyin: Resource ID #0x0
W/linker  ( 7431): [vdso]: unused DT entry: type 0x6ffffef5 arg 0x160
W/ResourceType( 2362): No package identifier when getting value for resource number 0x00000000
W/PackageManager( 2362): Failure retrieving resources for com.android.inputmethod.pinyin: Resource ID #0x0
W/ResourceType( 2362): No package identifier when getting value for resource number 0x00000000
W/PackageManager( 2362): Failure retrieving resources for com.android.inputmethod.pinyin: Resource ID #0x0
W/ResourceType( 2362): No package identifier when getting value for resource number 0x00000000
W/PackageManager( 2362): Failure retrieving resources for com.android.inputmethod.pinyin: Resource ID #0x0
W/ResourceType( 2362): No package identifier when getting value for resource number 0x00000000
W/PackageManager( 2362): Failure retrieving resources for com.android.inputmethod.pinyin: Resource ID #0x0
W/ResourceType( 2362): No package identifier when getting value for resource number 0x00000000
W/PackageManager( 2362): Failure retrieving resources for com.android.inputmethod.pinyin: Resource ID #0x0
W/ResourceType( 2362): No package identifier when getting value for resource number 0x00000000
W/PackageManager( 2362): Failure retrieving resources for com.android.inputmethod.pinyin: Resource ID #0x0
W/linker  ( 7432): [vdso]: unused DT entry: type 0x6ffffef5 arg 0x160
W/ResourceType( 2362): No package identifier when getting value for resource number 0x00000000
W/PackageManager( 2362): Failure retrieving resources for com.android.inputmethod.pinyin: Resource ID #0x0
W/ResourceType( 2362): No package identifier when getting value for resource number 0x00000000
W/PackageManager( 2362): Failure retrieving resources for com.android.inputmethod.pinyin: Resource ID #0x0
W/ResourceType( 2362): No package identifier when getting value for resource number 0x00000000
W/PackageManager( 2362): Failure retrieving resources for com.android.inputmethod.pinyin: Resource ID #0x0
W/MessageQueue(19711): MMInnerHandler{listener = MTimerHandler(com.tencent.mm.sdk.platformtools.ah){mCallBack = com.tencent.mm.modelstat.n$4}} sending message to a Handler on a dead thread
W/MessageQueue(19711): java.lang.IllegalStateException: MMInnerHandler{listener = MTimerHandler(com.tencent.mm.sdk.platformtools.ah){mCallBack = com.tencent.mm.modelstat.n$4}} sending message to a Handler on a dead thread
W/MessageQueue(19711): 	at android.os.MessageQueue.enqueueMessage(MessageQueue.java:325)
W/MessageQueue(19711): 	at android.os.Handler.enqueueMessage(Handler.java:631)
W/MessageQueue(19711): 	at android.os.Handler.sendMessageAtTime(Handler.java:600)
W/MessageQueue(19711): 	at com.tencent.mm.sdk.platformtools.ae.sendMessageAtTime(SourceFile:76)
W/MessageQueue(19711): 	at android.os.Handler.sendMessageDelayed(Handler.java:570)
W/MessageQueue(19711): 	at android.os.Handler.sendEmptyMessageDelayed(Handler.java:534)
W/MessageQueue(19711): 	at com.tencent.mm.sdk.platformtools.ac.sendEmptyMessageDelayed(SourceFile:367)
W/MessageQueue(19711): 	at com.tencent.mm.sdk.platformtools.ah.ea(SourceFile:84)
W/MessageQueue(19711): 	at com.tencent.mm.modelstat.n.b(SourceFile:613)
W/MessageQueue(19711): 	at com.tencent.mm.modelstat.n.gp(SourceFile:753)
W/MessageQueue(19711): 	at com.tencent.mm.modelstat.n$a.onReceive(SourceFile:104)
W/MessageQueue(19711): 	at android.app.LoadedApk$ReceiverDispatcher$Args.run(LoadedApk.java:866)
W/MessageQueue(19711): 	at android.os.Handler.handleCallback(Handler.java:739)
W/MessageQueue(19711): 	at android.os.Handler.dispatchMessage(Handler.java:95)
W/MessageQueue(19711): 	at android.os.Looper.loop(Looper.java:135)
W/MessageQueue(19711): 	at android.app.ActivityThread.main(ActivityThread.java:5254)
W/MessageQueue(19711): 	at java.lang.reflect.Method.invoke(Native Method)
W/MessageQueue(19711): 	at java.lang.reflect.Method.invoke(Method.java:372)
W/MessageQueue(19711): 	at com.android.internal.os.ZygoteInit$MethodAndArgsCaller.run(ZygoteInit.java:903)
W/MessageQueue(19711): 	at com.android.internal.os.ZygoteInit.main(ZygoteInit.java:698)
W/ResourceType( 2362): No package identifier when getting value for resource number 0x00000000
W/PackageManager( 2362): Failure retrieving resources for com.android.inputmethod.pinyin: Resource ID #0x0
W/ResourceType( 2362): No package identifier when getting value for resource number 0x00000000
W/PackageManager( 2362): Failure retrieving resources for com.android.inputmethod.pinyin: Resource ID #0x0
W/ResourceType( 2362): No package identifier when getting value for resource number 0x00000000
W/PackageManager( 2362): Failure retrieving resources for com.android.inputmethod.pinyin: Resource ID #0x0
W/ResourceType( 2362): No package identifier when getting value for resource number 0x00000000
W/PackageManager( 2362): Failure retrieving resources for com.android.inputmethod.pinyin: Resource ID #0x0
W/ResourceType( 2362): No package identifier when getting value for resource number 0x00000000
W/PackageManager( 2362): Failure retrieving resources for com.android.inputmethod.pinyin: Resource ID #0x0
W/ResourceType( 2362): No package identifier when getting value for resource number 0x00000000
W/PackageManager( 2362): Failure retrieving resources for com.android.inputmethod.pinyin: Resource ID #0x0
W/ResourceType( 2362): No package identifier when getting value for resource number 0x00000000
W/PackageManager( 2362): Failure retrieving resources for com.android.inputmethod.pinyin: Resource ID #0x0
W/linker  ( 7433): [vdso]: unused DT entry: type 0x6ffffef5 arg 0x160
W/ResourceType( 2362): No package identifier when getting value for resource number 0x00000000
W/PackageManager( 2362): Failure retrieving resources for com.android.inputmethod.pinyin: Resource ID #0x0
W/ResourceType( 2362): No package identifier when getting value for resource number 0x00000000
W/PackageManager( 2362): Failure retrieving resources for com.android.inputmethod.pinyin: Resource ID #0x0
W/ResourceType( 2362): No package identifier when getting value for resource number 0x00000000
W/PackageManager( 2362): Failure retrieving resources for com.android.inputmethod.pinyin: Resource ID #0x0
W/ResourceType( 2362): No package identifier when getting value for resource number 0x00000000
W/PackageManager( 2362): Failure retrieving resources for com.android.inputmethod.pinyin: Resource ID #0x0
W/ResourceType( 2362): No package identifier when getting value for resource number 0x00000000
W/PackageManager( 2362): Failure retrieving resources for com.android.inputmethod.pinyin: Resource ID #0x0
W/ResourceType( 2362): No package identifier when getting value for resource number 0x00000000
W/PackageManager( 2362): Failure retrieving resources for com.android.inputmethod.pinyin: Resource ID #0x0
W/ResourceType( 2362): No package identifier when getting value for resource number 0x00000000
W/PackageManager( 2362): Failure retrieving resources for com.android.inputmethod.pinyin: Resource ID #0x0
W/ResourceType( 2362): No package identifier when getting value for resource number 0x00000000
W/PackageManager( 2362): Failure retrieving resources for com.android.inputmethod.pinyin: Resource ID #0x0
W/ResourceType( 2362): No package identifier when getting value for resource number 0x00000000
W/PackageManager( 2362): Failure retrieving resources for com.android.inputmethod.pinyin: Resource ID #0x0
W/linker  ( 7434): [vdso]: unused DT entry: type 0x6ffffef5 arg 0x160
W/ResourceType( 2362): No package identifier when getting value for resource number 0x00000000
W/PackageManager( 2362): Failure retrieving resources for com.android.inputmethod.pinyin: Resource ID #0x0
W/linker  ( 7435): [vdso]: unused DT entry: type 0x6ffffef5 arg 0x160
W/ResourceType( 2362): No package identifier when getting value for resource number 0x00000000
W/PackageManager( 2362): Failure retrieving resources for com.android.inputmethod.pinyin: Resource ID #0x0
W/ResourceType( 2362): No package identifier when getting value for resource number 0x00000000
W/PackageManager( 2362): Failure retrieving resources for com.android.inputmethod.pinyin: Resource ID #0x0
W/ResourceType( 2362): No package identifier when getting value for resource number 0x00000000
W/PackageManager( 2362): Failure retrieving resources for com.android.inputmethod.pinyin: Resource ID #0x0
W/ResourceType( 2362): No package identifier when getting value for resource number 0x00000000
W/PackageManager( 2362): Failure retrieving resources for com.android.inputmethod.pinyin: Resource ID #0x0
W/ResourceType( 2362): No package identifier when getting value for resource number 0x00000000
W/PackageManager( 2362): Failure retrieving resources for com.android.inputmethod.pinyin: Resource ID #0x0
W/ResourceType( 2362): No package identifier when getting value for resource number 0x00000000
W/PackageManager( 2362): Failure retrieving resources for com.android.inputmethod.pinyin: Resource ID #0x0
W/ResourceType( 2362): No package identifier when getting value for resource number 0x00000000
W/PackageManager( 2362): Failure retrieving resources for com.android.inputmethod.pinyin: Resource ID #0x0
W/ResourceType( 2362): No package identifier when getting value for resource number 0x00000000
W/PackageManager( 2362): Failure retrieving resources for com.android.inputmethod.pinyin: Resource ID #0x0
W/ResourceType( 2362): No package identifier when getting value for resource number 0x00000000
W/PackageManager( 2362): Failure retrieving resources for com.android.inputmethod.pinyin: Resource ID #0x0
W/linker  ( 7436): [vdso]: unused DT entry: type 0x6ffffef5 arg 0x160
W/ResourceType( 2362): No package identifier when getting value for resource number 0x00000000
W/PackageManager( 2362): Failure retrieving resources for com.android.inputmethod.pinyin: Resource ID #0x0
W/ResourceType( 2362): No package identifier when getting value for resource number 0x00000000
W/PackageManager( 2362): Failure retrieving resources for com.android.inputmethod.pinyin: Resource ID #0x0
W/ResourceType( 2362): No package identifier when getting value for resource number 0x00000000
W/PackageManager( 2362): Failure retrieving resources for com.android.inputmethod.pinyin: Resource ID #0x0
W/ResourceType( 2362): No package identifier when getting value for resource number 0x00000000
W/PackageManager( 2362): Failure retrieving resources for com.android.inputmethod.pinyin: Resource ID #0x0
W/ResourceType( 2362): No package identifier when getting value for resource number 0x00000000
W/PackageManager( 2362): Failure retrieving resources for com.android.inputmethod.pinyin: Resource ID #0x0
W/ResourceType( 2362): No package identifier when getting value for resource number 0x00000000
W/PackageManager( 2362): Failure retrieving resources for com.android.inputmethod.pinyin: Resource ID #0x0
W/ResourceType( 2362): No package identifier when getting value for resource number 0x00000000
W/PackageManager( 2362): Failure retrieving resources for com.android.inputmethod.pinyin: Resource ID #0x0
W/ResourceType( 2362): No package identifier when getting value for resource number 0x00000000
W/PackageManager( 2362): Failure retrieving resources for com.android.inputmethod.pinyin: Resource ID #0x0
W/ResourceType( 2362): No package identifier when getting value for resource number 0x00000000
W/PackageManager( 2362): Failure retrieving resources for com.android.inputmethod.pinyin: Resource ID #0x0
W/ResourceType( 2362): No package identifier when getting value for resource number 0x00000000
W/PackageManager( 2362): Failure retrieving resources for com.android.inputmethod.pinyin: Resource ID #0x0
W/linker  ( 7437): [vdso]: unused DT entry: type 0x6ffffef5 arg 0x160
W/ResourceType( 2362): No package identifier when getting value for resource number 0x00000000
W/PackageManager( 2362): Failure retrieving resources for com.android.inputmethod.pinyin: Resource ID #0x0
W/ResourceType( 2362): No package identifier when getting value for resource number 0x00000000
W/PackageManager( 2362): Failure retrieving resources for com.android.inputmethod.pinyin: Resource ID #0x0
W/ResourceType( 2362): No package identifier when getting value for resource number 0x00000000
W/PackageManager( 2362): Failure retrieving resources for com.android.inputmethod.pinyin: Resource ID #0x0
W/ResourceType( 2362): No package identifier when getting value for resource number 0x00000000
W/PackageManager( 2362): Failure retrieving resources for com.android.inputmethod.pinyin: Resource ID #0x0
W/ResourceType( 2362): No package identifier when getting value for resource number 0x00000000
W/PackageManager( 2362): Failure retrieving resources for com.android.inputmethod.pinyin: Resource ID #0x0
W/ResourceType( 2362): No package identifier when getting value for resource number 0x00000000
W/PackageManager( 2362): Failure retrieving resources for com.android.inputmethod.pinyin: Resource ID #0x0
W/ResourceType( 2362): No package identifier when getting value for resource number 0x00000000
W/PackageManager( 2362): Failure retrieving resources for com.android.inputmethod.pinyin: Resource ID #0x0
W/ResourceType( 2362): No package identifier when getting value for resource number 0x00000000
W/PackageManager( 2362): Failure retrieving resources for com.android.inputmethod.pinyin: Resource ID #0x0
W/ResourceType( 2362): No package identifier when getting value for resource number 0x00000000
W/PackageManager( 2362): Failure retrieving resources for com.android.inputmethod.pinyin: Resource ID #0x0
W/ResourceType( 2362): No package identifier when getting value for resource number 0x00000000
W/PackageManager( 2362): Failure retrieving resources for com.android.inputmethod.pinyin: Resource ID #0x0
W/linker  ( 7438): [vdso]: unused DT entry: type 0x6ffffef5 arg 0x160
W/ResourceType( 2362): No package identifier when getting value for resource number 0x00000000
W/PackageManager( 2362): Failure retrieving resources for com.android.inputmethod.pinyin: Resource ID #0x0
W/ResourceType( 2362): No package identifier when getting value for resource number 0x00000000
W/PackageManager( 2362): Failure retrieving resources for com.android.inputmethod.pinyin: Resource ID #0x0
W/ResourceType( 2362): No package identifier when getting value for resource number 0x00000000
W/PackageManager( 2362): Failure retrieving resources for com.android.inputmethod.pinyin: Resource ID #0x0
W/ResourceType( 2362): No package identifier when getting value for resource number 0x00000000
W/PackageManager( 2362): Failure retrieving resources for com.android.inputmethod.pinyin: Resource ID #0x0
W/ResourceType( 2362): No package identifier when getting value for resource number 0x00000000
W/PackageManager( 2362): Failure retrieving resources for com.android.inputmethod.pinyin: Resource ID #0x0
W/ResourceType( 2362): No package identifier when getting value for resource number 0x00000000
W/PackageManager( 2362): Failure retrieving resources for com.android.inputmethod.pinyin: Resource ID #0x0
W/ResourceType( 2362): No package identifier when getting value for resource number 0x00000000
W/PackageManager( 2362): Failure retrieving resources for com.android.inputmethod.pinyin: Resource ID #0x0
W/ResourceType( 2362): No package identifier when getting value for resource number 0x00000000
W/PackageManager( 2362): Failure retrieving resources for com.android.inputmethod.pinyin: Resource ID #0x0
W/ResourceType( 2362): No package identifier when getting value for resource number 0x00000000
W/PackageManager( 2362): Failure retrieving resources for com.android.inputmethod.pinyin: Resource ID #0x0
W/ResourceType( 2362): No package identifier when getting value for resource number 0x00000000
W/PackageManager( 2362): Failure retrieving resources for com.android.inputmethod.pinyin: Resource ID #0x0
W/linker  ( 7439): [vdso]: unused DT entry: type 0x6ffffef5 arg 0x160
W/ResourceType( 2362): No package identifier when getting value for resource number 0x00000000
W/PackageManager( 2362): Failure retrieving resources for com.android.inputmethod.pinyin: Resource ID #0x0
W/ResourceType( 2362): No package identifier when getting value for resource number 0x00000000
W/PackageManager( 2362): Failure retrieving resources for com.android.inputmethod.pinyin: Resource ID #0x0
W/ResourceType( 2362): No package identifier when getting value for resource number 0x00000000
W/PackageManager( 2362): Failure retrieving resources for com.android.inputmethod.pinyin: Resource ID #0x0
W/ResourceType( 2362): No package identifier when getting value for resource number 0x00000000
W/PackageManager( 2362): Failure retrieving resources for com.android.inputmethod.pinyin: Resource ID #0x0
W/linker  ( 7440): [vdso]: unused DT entry: type 0x6ffffef5 arg 0x160
W/ResourceType( 2362): No package identifier when getting value for resource number 0x00000000
W/PackageManager( 2362): Failure retrieving resources for com.android.inputmethod.pinyin: Resource ID #0x0
W/linker  ( 7441): [vdso]: unused DT entry: type 0x6ffffef5 arg 0x160
W/ResourceType( 2362): No package identifier when getting value for resource number 0x00000000
W/PackageManager( 2362): Failure retrieving resources for com.android.inputmethod.pinyin: Resource ID #0x0
W/ResourceType( 2362): No package identifier when getting value for resource number 0x00000000
W/PackageManager( 2362): Failure retrieving resources for com.android.inputmethod.pinyin: Resource ID #0x0
W/ResourceType( 2362): No package identifier when getting value for resource number 0x00000000
W/PackageManager( 2362): Failure retrieving resources for com.android.inputmethod.pinyin: Resource ID #0x0
W/ResourceType( 2362): No package identifier when getting value for resource number 0x00000000
W/PackageManager( 2362): Failure retrieving resources for com.android.inputmethod.pinyin: Resource ID #0x0
W/ResourceType( 2362): No package identifier when getting value for resource number 0x00000000
W/PackageManager( 2362): Failure retrieving resources for com.android.inputmethod.pinyin: Resource ID #0x0
W/ResourceType( 2362): No package identifier when getting value for resource number 0x00000000
W/PackageManager( 2362): Failure retrieving resources for com.android.inputmethod.pinyin: Resource ID #0x0
W/ResourceType( 2362): No package identifier when getting value for resource number 0x00000000
W/PackageManager( 2362): Failure retrieving resources for com.android.inputmethod.pinyin: Resource ID #0x0
W/ResourceType( 2362): No package identifier when getting value for resource number 0x00000000
W/PackageManager( 2362): Failure retrieving resources for com.android.inputmethod.pinyin: Resource ID #0x0
W/MessageQueue(19711): MMInnerHandler{listener = MTimerHandler(com.tencent.mm.sdk.platformtools.ah){mCallBack = com.tencent.mm.modelstat.n$4}} sending message to a Handler on a dead thread
W/MessageQueue(19711): java.lang.IllegalStateException: MMInnerHandler{listener = MTimerHandler(com.tencent.mm.sdk.platformtools.ah){mCallBack = com.tencent.mm.modelstat.n$4}} sending message to a Handler on a dead thread
W/MessageQueue(19711): 	at android.os.MessageQueue.enqueueMessage(MessageQueue.java:325)
W/MessageQueue(19711): 	at android.os.Handler.enqueueMessage(Handler.java:631)
W/MessageQueue(19711): 	at android.os.Handler.sendMessageAtTime(Handler.java:600)
W/MessageQueue(19711): 	at com.tencent.mm.sdk.platformtools.ae.sendMessageAtTime(SourceFile:76)
W/MessageQueue(19711): 	at android.os.Handler.sendMessageDelayed(Handler.java:570)
W/MessageQueue(19711): 	at android.os.Handler.sendEmptyMessageDelayed(Handler.java:534)
W/MessageQueue(19711): 	at com.tencent.mm.sdk.platformtools.ac.sendEmptyMessageDelayed(SourceFile:367)
W/MessageQueue(19711): 	at com.tencent.mm.sdk.platformtools.ah.ea(SourceFile:84)
W/MessageQueue(19711): 	at com.tencent.mm.modelstat.n.b(SourceFile:613)
W/MessageQueue(19711): 	at com.tencent.mm.modelstat.n.gp(SourceFile:753)
W/MessageQueue(19711): 	at com.tencent.mm.modelstat.n$a.onReceive(SourceFile:104)
W/MessageQueue(19711): 	at android.app.LoadedApk$ReceiverDispatcher$Args.run(LoadedApk.java:866)
W/MessageQueue(19711): 	at android.os.Handler.handleCallback(Handler.java:739)
W/MessageQueue(19711): 	at android.os.Handler.dispatchMessage(Handler.java:95)
W/MessageQueue(19711): 	at android.os.Looper.loop(Looper.java:135)
W/MessageQueue(19711): 	at android.app.ActivityThread.main(ActivityThread.java:5254)
W/MessageQueue(19711): 	at java.lang.reflect.Method.invoke(Native Method)
W/MessageQueue(19711): 	at java.lang.reflect.Method.invoke(Method.java:372)
W/MessageQueue(19711): 	at com.android.internal.os.ZygoteInit$MethodAndArgsCaller.run(ZygoteInit.java:903)
W/MessageQueue(19711): 	at com.android.internal.os.ZygoteInit.main(ZygoteInit.java:698)
W/ResourceType( 2362): No package identifier when getting value for resource number 0x00000000
W/PackageManager( 2362): Failure retrieving resources for com.android.inputmethod.pinyin: Resource ID #0x0
W/ResourceType( 2362): No package identifier when getting value for resource number 0x00000000
W/PackageManager( 2362): Failure retrieving resources for com.android.inputmethod.pinyin: Resource ID #0x0
W/linker  ( 7442): [vdso]: unused DT entry: type 0x6ffffef5 arg 0x160
W/ResourceType( 2362): No package identifier when getting value for resource number 0x00000000
W/PackageManager( 2362): Failure retrieving resources for com.android.inputmethod.pinyin: Resource ID #0x0
W/ResourceType( 2362): No package identifier when getting value for resource number 0x00000000
W/PackageManager( 2362): Failure retrieving resources for com.android.inputmethod.pinyin: Resource ID #0x0
W/ResourceType( 2362): No package identifier when getting value for resource number 0x00000000
W/PackageManager( 2362): Failure retrieving resources for com.android.inputmethod.pinyin: Resource ID #0x0
W/ResourceType( 2362): No package identifier when getting value for resource number 0x00000000
W/PackageManager( 2362): Failure retrieving resources for com.android.inputmethod.pinyin: Resource ID #0x0
W/ResourceType( 2362): No package identifier when getting value for resource number 0x00000000
W/PackageManager( 2362): Failure retrieving resources for com.android.inputmethod.pinyin: Resource ID #0x0
W/ResourceType( 2362): No package identifier when getting value for resource number 0x00000000
W/PackageManager( 2362): Failure retrieving resources for com.android.inputmethod.pinyin: Resource ID #0x0
W/ResourceType( 2362): No package identifier when getting value for resource number 0x00000000
W/PackageManager( 2362): Failure retrieving resources for com.android.inputmethod.pinyin: Resource ID #0x0
W/ResourceType( 2362): No package identifier when getting value for resource number 0x00000000
W/PackageManager( 2362): Failure retrieving resources for com.android.inputmethod.pinyin: Resource ID #0x0
W/linker  ( 7443): [vdso]: unused DT entry: type 0x6ffffef5 arg 0x160
W/ResourceType( 2362): No package identifier when getting value for resource number 0x00000000
W/PackageManager( 2362): Failure retrieving resources for com.android.inputmethod.pinyin: Resource ID #0x0
W/ResourceType( 2362): No package identifier when getting value for resource number 0x00000000
W/PackageManager( 2362): Failure retrieving resources for com.android.inputmethod.pinyin: Resource ID #0x0
W/ResourceType( 2362): No package identifier when getting value for resource number 0x00000000
W/PackageManager( 2362): Failure retrieving resources for com.android.inputmethod.pinyin: Resource ID #0x0
W/ResourceType( 2362): No package identifier when getting value for resource number 0x00000000
W/PackageManager( 2362): Failure retrieving resources for com.android.inputmethod.pinyin: Resource ID #0x0
W/ResourceType( 2362): No package identifier when getting value for resource number 0x00000000
W/PackageManager( 2362): Failure retrieving resources for com.android.inputmethod.pinyin: Resource ID #0x0
W/ResourceType( 2362): No package identifier when getting value for resource number 0x00000000
W/PackageManager( 2362): Failure retrieving resources for com.android.inputmethod.pinyin: Resource ID #0x0
W/linker  ( 7444): [vdso]: unused DT entry: type 0x6ffffef5 arg 0x160
W/ResourceType( 2362): No package identifier when getting value for resource number 0x00000000
W/PackageManager( 2362): Failure retrieving resources for com.android.inputmethod.pinyin: Resource ID #0x0
W/ResourceType( 2362): No package identifier when getting value for resource number 0x00000000
W/PackageManager( 2362): Failure retrieving resources for com.android.inputmethod.pinyin: Resource ID #0x0
W/ResourceType( 2362): No package identifier when getting value for resource number 0x00000000
W/PackageManager( 2362): Failure retrieving resources for com.android.inputmethod.pinyin: Resource ID #0x0
W/MessageQueue(19711): MMInnerHandler{listener = MTimerHandler(com.tencent.mm.sdk.platformtools.ah){mCallBack = com.tencent.mm.modelstat.n$4}} sending message to a Handler on a dead thread
W/MessageQueue(19711): java.lang.IllegalStateException: MMInnerHandler{listener = MTimerHandler(com.tencent.mm.sdk.platformtools.ah){mCallBack = com.tencent.mm.modelstat.n$4}} sending message to a Handler on a dead thread
W/MessageQueue(19711): 	at android.os.MessageQueue.enqueueMessage(MessageQueue.java:325)
W/MessageQueue(19711): 	at android.os.Handler.enqueueMessage(Handler.java:631)
W/MessageQueue(19711): 	at android.os.Handler.sendMessageAtTime(Handler.java:600)
W/MessageQueue(19711): 	at com.tencent.mm.sdk.platformtools.ae.sendMessageAtTime(SourceFile:76)
W/MessageQueue(19711): 	at android.os.Handler.sendMessageDelayed(Handler.java:570)
W/MessageQueue(19711): 	at android.os.Handler.sendEmptyMessageDelayed(Handler.java:534)
W/MessageQueue(19711): 	at com.tencent.mm.sdk.platformtools.ac.sendEmptyMessageDelayed(SourceFile:367)
W/MessageQueue(19711): 	at com.tencent.mm.sdk.platformtools.ah.ea(SourceFile:84)
W/MessageQueue(19711): 	at com.tencent.mm.modelstat.n.b(SourceFile:613)
W/MessageQueue(19711): 	at com.tencent.mm.modelstat.n.gp(SourceFile:753)
W/MessageQueue(19711): 	at com.tencent.mm.modelstat.n$a.onReceive(SourceFile:104)
W/MessageQueue(19711): 	at android.app.LoadedApk$ReceiverDispatcher$Args.run(LoadedApk.java:866)
W/MessageQueue(19711): 	at android.os.Handler.handleCallback(Handler.java:739)
W/MessageQueue(19711): 	at android.os.Handler.dispatchMessage(Handler.java:95)
W/MessageQueue(19711): 	at android.os.Looper.loop(Looper.java:135)
W/MessageQueue(19711): 	at android.app.ActivityThread.main(ActivityThread.java:5254)
W/MessageQueue(19711): 	at java.lang.reflect.Method.invoke(Native Method)
W/MessageQueue(19711): 	at java.lang.reflect.Method.invoke(Method.java:372)
W/MessageQueue(19711): 	at com.android.internal.os.ZygoteInit$MethodAndArgsCaller.run(ZygoteInit.java:903)
W/MessageQueue(19711): 	at com.android.internal.os.ZygoteInit.main(ZygoteInit.java:698)
W/ResourceType( 2362): No package identifier when getting value for resource number 0x00000000
W/PackageManager( 2362): Failure retrieving resources for com.android.inputmethod.pinyin: Resource ID #0x0
W/ResourceType( 2362): No package identifier when getting value for resource number 0x00000000
W/PackageManager( 2362): Failure retrieving resources for com.android.inputmethod.pinyin: Resource ID #0x0
W/ResourceType( 2362): No package identifier when getting value for resource number 0x00000000
W/PackageManager( 2362): Failure retrieving resources for com.android.inputmethod.pinyin: Resource ID #0x0
W/ResourceType( 2362): No package identifier when getting value for resource number 0x00000000
W/PackageManager( 2362): Failure retrieving resources for com.android.inputmethod.pinyin: Resource ID #0x0
W/ResourceType( 2362): No package identifier when getting value for resource number 0x00000000
W/PackageManager( 2362): Failure retrieving resources for com.android.inputmethod.pinyin: Resource ID #0x0
W/ResourceType( 2362): No package identifier when getting value for resource number 0x00000000
W/PackageManager( 2362): Failure retrieving resources for com.android.inputmethod.pinyin: Resource ID #0x0
W/linker  ( 7445): [vdso]: unused DT entry: type 0x6ffffef5 arg 0x160
W/ResourceType( 2362): No package identifier when getting value for resource number 0x00000000
W/PackageManager( 2362): Failure retrieving resources for com.android.inputmethod.pinyin: Resource ID #0x0
W/ResourceType( 2362): No package identifier when getting value for resource number 0x00000000
W/PackageManager( 2362): Failure retrieving resources for com.android.inputmethod.pinyin: Resource ID #0x0
W/ResourceType( 2362): No package identifier when getting value for resource number 0x00000000
W/PackageManager( 2362): Failure retrieving resources for com.android.inputmethod.pinyin: Resource ID #0x0
W/ResourceType( 2362): No package identifier when getting value for resource number 0x00000000
W/PackageManager( 2362): Failure retrieving resources for com.android.inputmethod.pinyin: Resource ID #0x0
W/ResourceType( 2362): No package identifier when getting value for resource number 0x00000000
W/PackageManager( 2362): Failure retrieving resources for com.android.inputmethod.pinyin: Resource ID #0x0
W/ResourceType( 2362): No package identifier when getting value for resource number 0x00000000
W/PackageManager( 2362): Failure retrieving resources for com.android.inputmethod.pinyin: Resource ID #0x0
D/SurfaceFlinger( 1927): Set power mode=0, type=0 flinger=0x7f8be3862000
W/ResourceType( 2362): No package identifier when getting value for resource number 0x00000000
W/PackageManager( 2362): Failure retrieving resources for com.android.inputmethod.pinyin: Resource ID #0x0
W/ResourceType( 2362): No package identifier when getting value for resource number 0x00000000
W/PackageManager( 2362): Failure retrieving resources for com.android.inputmethod.pinyin: Resource ID #0x0
W/ResourceType( 2362): No package identifier when getting value for resource number 0x00000000
W/PackageManager( 2362): Failure retrieving resources for com.android.inputmethod.pinyin: Resource ID #0x0
W/linker  ( 7446): [vdso]: unused DT entry: type 0x6ffffef5 arg 0x160
W/ResourceType( 2362): No package identifier when getting value for resource number 0x00000000
W/PackageManager( 2362): Failure retrieving resources for com.android.inputmethod.pinyin: Resource ID #0x0
W/linker  ( 7447): [vdso]: unused DT entry: type 0x6ffffef5 arg 0x160
W/ResourceType( 2362): No package identifier when getting value for resource number 0x00000000
W/PackageManager( 2362): Failure retrieving resources for com.android.inputmethod.pinyin: Resource ID #0x0
W/ResourceType( 2362): No package identifier when getting value for resource number 0x00000000
W/PackageManager( 2362): Failure retrieving resources for com.android.inputmethod.pinyin: Resource ID #0x0
W/ResourceType( 2362): No package identifier when getting value for resource number 0x00000000
W/PackageManager( 2362): Failure retrieving resources for com.android.inputmethod.pinyin: Resource ID #0x0
W/ResourceType( 2362): No package identifier when getting value for resource number 0x00000000
W/PackageManager( 2362): Failure retrieving resources for com.android.inputmethod.pinyin: Resource ID #0x0
W/ResourceType( 2362): No package identifier when getting value for resource number 0x00000000
W/PackageManager( 2362): Failure retrieving resources for com.android.inputmethod.pinyin: Resource ID #0x0
W/ResourceType( 2362): No package identifier when getting value for resource number 0x00000000
W/PackageManager( 2362): Failure retrieving resources for com.android.inputmethod.pinyin: Resource ID #0x0
W/ResourceType( 2362): No package identifier when getting value for resource number 0x00000000
W/PackageManager( 2362): Failure retrieving resources for com.android.inputmethod.pinyin: Resource ID #0x0
W/ResourceType( 2362): No package identifier when getting value for resource number 0x00000000
W/PackageManager( 2362): Failure retrieving resources for com.android.inputmethod.pinyin: Resource ID #0x0
W/ResourceType( 2362): No package identifier when getting value for resource number 0x00000000
W/PackageManager( 2362): Failure retrieving resources for com.android.inputmethod.pinyin: Resource ID #0x0
W/ResourceType( 2362): No package identifier when getting value for resource number 0x00000000
W/PackageManager( 2362): Failure retrieving resources for com.android.inputmethod.pinyin: Resource ID #0x0
W/linker  ( 7448): [vdso]: unused DT entry: type 0x6ffffef5 arg 0x160
W/ResourceType( 2362): No package identifier when getting value for resource number 0x00000000
W/PackageManager( 2362): Failure retrieving resources for com.android.inputmethod.pinyin: Resource ID #0x0
W/ResourceType( 2362): No package identifier when getting value for resource number 0x00000000
W/PackageManager( 2362): Failure retrieving resources for com.android.inputmethod.pinyin: Resource ID #0x0
W/ResourceType( 2362): No package identifier when getting value for resource number 0x00000000
W/PackageManager( 2362): Failure retrieving resources for com.android.inputmethod.pinyin: Resource ID #0x0
W/ResourceType( 2362): No package identifier when getting value for resource number 0x00000000
W/PackageManager( 2362): Failure retrieving resources for com.android.inputmethod.pinyin: Resource ID #0x0
W/ResourceType( 2362): No package identifier when getting value for resource number 0x00000000
W/PackageManager( 2362): Failure retrieving resources for com.android.inputmethod.pinyin: Resource ID #0x0
W/ResourceType( 2362): No package identifier when getting value for resource number 0x00000000
W/PackageManager( 2362): Failure retrieving resources for com.android.inputmethod.pinyin: Resource ID #0x0
W/ResourceType( 2362): No package identifier when getting value for resource number 0x00000000
W/PackageManager( 2362): Failure retrieving resources for com.android.inputmethod.pinyin: Resource ID #0x0
W/ResourceType( 2362): No package identifier when getting value for resource number 0x00000000
W/PackageManager( 2362): Failure retrieving resources for com.android.inputmethod.pinyin: Resource ID #0x0
W/ResourceType( 2362): No package identifier when getting value for resource number 0x00000000
W/PackageManager( 2362): Failure retrieving resources for com.android.inputmethod.pinyin: Resource ID #0x0
W/ResourceType( 2362): No package identifier when getting value for resource number 0x00000000
W/PackageManager( 2362): Failure retrieving resources for com.android.inputmethod.pinyin: Resource ID #0x0
W/linker  ( 7449): [vdso]: unused DT entry: type 0x6ffffef5 arg 0x160
W/ResourceType( 2362): No package identifier when getting value for resource number 0x00000000
W/PackageManager( 2362): Failure retrieving resources for com.android.inputmethod.pinyin: Resource ID #0x0
W/ResourceType( 2362): No package identifier when getting value for resource number 0x00000000
W/PackageManager( 2362): Failure retrieving resources for com.android.inputmethod.pinyin: Resource ID #0x0
W/ResourceType( 2362): No package identifier when getting value for resource number 0x00000000
W/PackageManager( 2362): Failure retrieving resources for com.android.inputmethod.pinyin: Resource ID #0x0
W/ResourceType( 2362): No package identifier when getting value for resource number 0x00000000
W/PackageManager( 2362): Failure retrieving resources for com.android.inputmethod.pinyin: Resource ID #0x0
W/ResourceType( 2362): No package identifier when getting value for resource number 0x00000000
W/PackageManager( 2362): Failure retrieving resources for com.android.inputmethod.pinyin: Resource ID #0x0
W/ResourceType( 2362): No package identifier when getting value for resource number 0x00000000
W/PackageManager( 2362): Failure retrieving resources for com.android.inputmethod.pinyin: Resource ID #0x0
W/ResourceType( 2362): No package identifier when getting value for resource number 0x00000000
W/PackageManager( 2362): Failure retrieving resources for com.android.inputmethod.pinyin: Resource ID #0x0
W/ResourceType( 2362): No package identifier when getting value for resource number 0x00000000
W/PackageManager( 2362): Failure retrieving resources for com.android.inputmethod.pinyin: Resource ID #0x0
W/ResourceType( 2362): No package identifier when getting value for resource number 0x00000000
W/PackageManager( 2362): Failure retrieving resources for com.android.inputmethod.pinyin: Resource ID #0x0
W/ResourceType( 2362): No package identifier when getting value for resource number 0x00000000
W/PackageManager( 2362): Failure retrieving resources for com.android.inputmethod.pinyin: Resource ID #0x0
W/linker  ( 7450): [vdso]: unused DT entry: type 0x6ffffef5 arg 0x160
W/ResourceType( 2362): No package identifier when getting value for resource number 0x00000000
W/PackageManager( 2362): Failure retrieving resources for com.android.inputmethod.pinyin: Resource ID #0x0
W/ResourceType( 2362): No package identifier when getting value for resource number 0x00000000
W/PackageManager( 2362): Failure retrieving resources for com.android.inputmethod.pinyin: Resource ID #0x0
W/ResourceType( 2362): No package identifier when getting value for resource number 0x00000000
W/PackageManager( 2362): Failure retrieving resources for com.android.inputmethod.pinyin: Resource ID #0x0
W/ResourceType( 2362): No package identifier when getting value for resource number 0x00000000
W/PackageManager( 2362): Failure retrieving resources for com.android.inputmethod.pinyin: Resource ID #0x0
W/ResourceType( 2362): No package identifier when getting value for resource number 0x00000000
W/PackageManager( 2362): Failure retrieving resources for com.android.inputmethod.pinyin: Resource ID #0x0
W/ResourceType( 2362): No package identifier when getting value for resource number 0x00000000
W/PackageManager( 2362): Failure retrieving resources for com.android.inputmethod.pinyin: Resource ID #0x0
W/ResourceType( 2362): No package identifier when getting value for resource number 0x00000000
W/PackageManager( 2362): Failure retrieving resources for com.android.inputmethod.pinyin: Resource ID #0x0
W/ResourceType( 2362): No package identifier when getting value for resource number 0x00000000
W/PackageManager( 2362): Failure retrieving resources for com.android.inputmethod.pinyin: Resource ID #0x0
W/ResourceType( 2362): No package identifier when getting value for resource number 0x00000000
W/PackageManager( 2362): Failure retrieving resources for com.android.inputmethod.pinyin: Resource ID #0x0
W/linker  ( 7451): [vdso]: unused DT entry: type 0x6ffffef5 arg 0x160
W/ResourceType( 2362): No package identifier when getting value for resource number 0x00000000
W/PackageManager( 2362): Failure retrieving resources for com.android.inputmethod.pinyin: Resource ID #0x0
W/ResourceType( 2362): No package identifier when getting value for resource number 0x00000000
W/PackageManager( 2362): Failure retrieving resources for com.android.inputmethod.pinyin: Resource ID #0x0
W/ResourceType( 2362): No package identifier when getting value for resource number 0x00000000
W/PackageManager( 2362): Failure retrieving resources for com.android.inputmethod.pinyin: Resource ID #0x0
W/ResourceType( 2362): No package identifier when getting value for resource number 0x00000000
W/PackageManager( 2362): Failure retrieving resources for com.android.inputmethod.pinyin: Resource ID #0x0
W/ResourceType( 2362): No package identifier when getting value for resource number 0x00000000
W/PackageManager( 2362): Failure retrieving resources for com.android.inputmethod.pinyin: Resource ID #0x0
W/ResourceType( 2362): No package identifier when getting value for resource number 0x00000000
W/PackageManager( 2362): Failure retrieving resources for com.android.inputmethod.pinyin: Resource ID #0x0
W/ResourceType( 2362): No package identifier when getting value for resource number 0x00000000
W/PackageManager( 2362): Failure retrieving resources for com.android.inputmethod.pinyin: Resource ID #0x0
W/ResourceType( 2362): No package identifier when getting value for resource number 0x00000000
W/PackageManager( 2362): Failure retrieving resources for com.android.inputmethod.pinyin: Resource ID #0x0
W/ResourceType( 2362): No package identifier when getting value for resource number 0x00000000
W/PackageManager( 2362): Failure retrieving resources for com.android.inputmethod.pinyin: Resource ID #0x0
W/linker  ( 7452): [vdso]: unused DT entry: type 0x6ffffef5 arg 0x160
W/ResourceType( 2362): No package identifier when getting value for resource number 0x00000000
W/PackageManager( 2362): Failure retrieving resources for com.android.inputmethod.pinyin: Resource ID #0x0
