I/K2_ULS axbjw OfficeTelemetry_RuleProcessing( 4707): OTele_Rules_Result2 {"ETW_EventId": 197, "ETW_Keywords": 4, "RuleId": 630, "RuleVersion": 0, "TriggerTime": "2017-01-03T06:56:40.6910000Z", "Payloads": "P[0]=Office.Text.ResourceClient.ReadResourceMetaData\r\nP[1]=Office.System.Activity\r\nP[2]=0\r\nP[3]=1\r\nP[4]={\"Activity.CV\": \"YyI4mxlKTcG7ddjqZvs0Cw.735\", \"Activity.Duration\": 0, \"Activity.Count\": 1, \"Activity.AggMode\": 0, \"Activity.Success\": true}\r\nP[5]={\"zC.Activity\": \"Office.System.Activity\"}\r\nP[6]={\"zT.Activity.CV\": \"string\", \"zT.Activity.Duration\": \"uint64\", \"zT.Activity.Count\": \"uint64\", \"zT.Activity.AggMode\": \"uint8\", \"zT.Activity.Success\": \"bool\"}\r\nP[7]={\"zDC.Activity.CV\": \"SM\", \"zDC.Activity.Duration\": \"SM\", \"zDC.Activity.Count\": \"SM\", \"zDC.Activity.AggMode\": \"SM\", \"zDC.Activity.Success\": \"SM\"}\r\nP[8]=9c9dcb87a41b41bebea94330a23d828d-35611aa0-46ca-4351-98e0-5746b84e5be3-6973", "SessionId": "9B382263-4A19-C14D-BB75-D8EA66FB340B", "SequenceNumber": 1383, "IsSubrule": false}
I/K2_ULS axbjw OfficeTelemetry_RuleProcessing( 4707): OTele_ETW_TDC_SubmitPayload {"ETW_EventId": 122, "ETW_Keywords": 4, "DataCollector": 0, "RuleID": 630, "PayloadType": 2, "PayloadName": "Passthrough", "ResultTime": "2017-01-03T06:56:40Z"}
I/K2_ULS axbjw OfficeTelemetry_RuleProcessing( 4707): OTele_Rules_Result2 {"ETW_EventId": 197, "ETW_Keywords": 4, "RuleId": 630, "RuleVersion": 0, "TriggerTime": "2017-01-03T06:56:40.6920000Z", "Payloads": "P[0]=Office.Text.ResourceClient.WriteResourceMetaData\r\nP[1]=Office.System.Activity\r\nP[2]=0\r\nP[3]=1\r\nP[4]={\"Activity.CV\": \"YyI4mxlKTcG7ddjqZvs0Cw.736\", \"Activity.Duration\": 1000, \"Activity.Count\": 1, \"Activity.AggMode\": 0, \"Activity.Success\": true, \"Data.fontFolderPath\": \"/data/data/com.microsoft.office.excel/files/data/FontCache/2/FontCacheMetaData.xml\"}\r\nP[5]={\"zC.Activity\": \"Office.System.Activity\"}\r\nP[6]={\"zT.Activity.CV\": \"string\", \"zT.Activity.Duration\": \"uint64\", \"zT.Activity.Count\": \"uint64\", \"zT.Activity.AggMode\": \"uint8\", \"zT.Activity.Success\": \"bool\", \"zT.Data.fontFolderPath\": \"string\"}\r\nP[7]={\"zDC.Activity.CV\": \"SM\", \"zDC.Activity.Duration\": \"SM\", \"zDC.Activity.Count\": \"SM\", \"zDC.Activity.AggMode\": \"SM\", \"zDC.Activity.Success\": \"SM\", \"zDC.Data.fontFolderPath\": \"SM\"}\r\nP[8]=9c9dcb87a41b41bebea94330a23d828d-35611aa0-46ca-4351-98e0-5746b84e5be3-6973", "SessionId": "9B382263-4A19-C14D-BB75-D8EA66FB340B", "SequenceNumber": 1384, "IsSubrule": false}
I/K2_ULS axbjw OfficeTelemetry_RuleProcessing( 4707): OTele_ETW_TDC_SubmitPayload {"ETW_EventId": 122, "ETW_Keywords": 4, "DataCollector": 0, "RuleID": 630, "PayloadType": 2, "PayloadName": "Passthrough", "ResultTime": "2017-01-03T06:56:40Z"}
I/K2_ULS axbjw OfficeTelemetry_RuleProcessing( 4707): OTele_Rules_Result2 {"ETW_EventId": 197, "ETW_Keywords": 4, "RuleId": 120501, "RuleVersion": 15, "TriggerTime": "2017-01-03T06:56:40.6920000Z", "Payloads": "P[0]=2017-01-03T06:56:40.6920000Z\r\nP[1]=2.14206\r\nP[2]=4.58843\r\nP[3]=true\r\nP[5]=CXE.FontCollection.GetFontFamilyFullFilePath\r\nP[6]=18453155\r\nP[7]=1843\r\nP[8]=0", "SessionId": "9B382263-4A19-C14D-BB75-D8EA66FB340B", "SequenceNumber": 0, "IsSubrule": true}
I/K2_ULS axbjw OfficeTelemetry_RuleProcessing( 4707): OTele_Rules_Result2 {"ETW_EventId": 197, "ETW_Keywords": 4, "RuleId": 120502, "RuleVersion": 8, "TriggerTime": "2017-01-03T06:56:40.6920000Z", "Payloads": "P[0]=2017-01-03T06:56:36.0890000Z\r\nP[1]=2017-01-03T06:56:36.0890000Z\r\nP[2]=MsoDocs.BackstagePageControlUser.FDoAction.msotcidShareWithPeople\r\nP[3]=1\r\nP[4]=37.57854\r\nP[5]=6.13013\r\nP[6]=6\r\nP[7]=6\r\nP[8]=6616015\r\nP[9]=MsoDocs.LandingPage.UI.Backstage\r\nP[10]=7341191", "SessionId": "9B382263-4A19-C14D-BB75-D8EA66FB340B", "SequenceNumber": 1385, "IsSubrule": false}
I/K2_ULS axbjw OfficeTelemetry_RuleProcessing( 4707): OTele_ETW_TDC_SubmitPayload {"ETW_EventId": 122, "ETW_Keywords": 4, "DataCollector": 0, "RuleID": 120502, "PayloadType": 2, "PayloadName": "Passthrough", "ResultTime": "2017-01-03T06:56:40Z"}
I/K2_ULS axbjw OfficeTelemetry_RuleProcessing( 4707): OTele_Rules_Result2 {"ETW_EventId": 197, "ETW_Keywords": 4, "RuleId": 120501, "RuleVersion": 15, "TriggerTime": "2017-01-03T06:56:40.7050000Z", "Payloads": "P[0]=2017-01-03T06:56:40.7050000Z\r\nP[1]=0.11124\r\nP[2]=0.01237\r\nP[3]=true\r\nP[5]=MsoDocs.AppDocs.CsiDocument.GetLocation\r\nP[6]=17622939\r\nP[7]=1846\r\nP[8]=1845\r\nP[9]=MsoDocs.AppDocs.ProxyAndroid.GetCurrentDescriptor\r\nP[10]=17623001", "SessionId": "9B382263-4A19-C14D-BB75-D8EA66FB340B", "SequenceNumber": 0, "IsSubrule": true}
I/K2_ULS axbjw OfficeTelemetry_RuleProcessing( 4707): OTele_Rules_Result2 {"ETW_EventId": 197, "ETW_Keywords": 4, "RuleId": 120501, "RuleVersion": 15, "TriggerTime": "2017-01-03T06:56:40.7050000Z", "Payloads": "P[0]=2017-01-03T06:56:40.7050000Z\r\nP[1]=0.09341\r\nP[2]=0.00873\r\nP[3]=true\r\nP[5]=MsoDocs.AppDocs.CsiDocument.GetLocation\r\nP[6]=17622939\r\nP[7]=1847\r\nP[8]=1845\r\nP[9]=MsoDocs.AppDocs.ProxyAndroid.GetCurrentDescriptor\r\nP[10]=17623001", "SessionId": "9B382263-4A19-C14D-BB75-D8EA66FB340B", "SequenceNumber": 0, "IsSubrule": true}
I/K2_ULS axbjw OfficeTelemetry_RuleProcessing( 4707): OTele_Rules_Result2 {"ETW_EventId": 197, "ETW_Keywords": 4, "RuleId": 120501, "RuleVersion": 15, "TriggerTime": "2017-01-03T06:56:40.7060000Z", "Payloads": "P[0]=2017-01-03T06:56:40.7060000Z\r\nP[1]=0.09299\r\nP[2]=0.00865\r\nP[3]=true\r\nP[5]=MsoDocs.AppDocs.CsiDocument.GetFutureAccessToken\r\nP[6]=17622945\r\nP[7]=1848\r\nP[8]=1845\r\nP[9]=MsoDocs.AppDocs.ProxyAndroid.GetCurrentDescriptor\r\nP[10]=17623001", "SessionId": "9B382263-4A19-C14D-BB75-D8EA66FB340B", "SequenceNumber": 0, "IsSubrule": true}
I/K2_ULS axbjw OfficeTelemetry_RuleProcessing( 4707): OTele_Rules_Result2 {"ETW_EventId": 197, "ETW_Keywords": 4, "RuleId": 120501, "RuleVersion": 15, "TriggerTime": "2017-01-03T06:56:40.7090000Z", "Payloads": "P[0]=2017-01-03T06:56:40.7090000Z\r\nP[1]=2.44395\r\nP[2]=5.97289\r\nP[3]=true\r\nP[5]=MsoDocs.AppDocs.Proxy_Android.GetCurrentDescriptor\r\nP[6]=17880547\r\nP[7]=1849\r\nP[8]=1845\r\nP[9]=MsoDocs.AppDocs.ProxyAndroid.GetCurrentDescriptor\r\nP[10]=17623001", "SessionId": "9B382263-4A19-C14D-BB75-D8EA66FB340B", "SequenceNumber": 0, "IsSubrule": true}
I/K2_ULS axbjw OfficeTelemetry_RuleProcessing( 4707): OTele_Rules_Result2 {"ETW_EventId": 197, "ETW_Keywords": 4, "RuleId": 120501, "RuleVersion": 15, "TriggerTime": "2017-01-03T06:56:40.7090000Z", "Payloads": "P[0]=2017-01-03T06:56:40.7090000Z\r\nP[1]=4.64215\r\nP[2]=21.54954\r\nP[3]=true\r\nP[5]=MsoDocs.AppDocs.ProxyAndroid.GetCurrentDescriptor\r\nP[6]=17623001\r\nP[7]=1845\r\nP[8]=0", "SessionId": "9B382263-4A19-C14D-BB75-D8EA66FB340B", "SequenceNumber": 0, "IsSubrule": true}
I/K2_ULS axbjw OfficeTelemetry_RuleProcessing( 4707): OTele_Rules_Result2 {"ETW_EventId": 197, "ETW_Keywords": 4, "RuleId": 120501, "RuleVersion": 15, "TriggerTime": "2017-01-03T06:56:40.7110000Z", "Payloads": "P[0]=2017-01-03T06:56:40.7110000Z\r\nP[1]=0.29972\r\nP[2]=0.08983\r\nP[3]=true\r\nP[5]=MsoDocs.Sharing.SharedDocumentImpl.HrEnsureServiceInitialized\r\nP[6]=7194019\r\nP[7]=1851\r\nP[8]=0", "SessionId": "9B382263-4A19-C14D-BB75-D8EA66FB340B", "SequenceNumber": 0, "IsSubrule": true}
I/K2_ULS a1e9x Telemetry Rules Engine( 4707): Finished processing ULS events. {"NumberOfEventsProcessed": 32}
W/ResourceType( 2362): No package identifier when getting value for resource number 0x00000000
W/PackageManager( 2362): Failure retrieving resources for com.android.inputmethod.pinyin: Resource ID #0x0
W/ActivityManager( 2236): getRunningAppProcesses: caller 10056 does not hold REAL_GET_TASKS; limiting output
W/ResourceType( 2362): No package identifier when getting value for resource number 0x00000000
W/PackageManager( 2362): Failure retrieving resources for com.android.inputmethod.pinyin: Resource ID #0x0
W/ResourceType( 2362): No package identifier when getting value for resource number 0x00000000
W/PackageManager( 2362): Failure retrieving resources for com.android.inputmethod.pinyin: Resource ID #0x0
W/ResourceType( 2362): No package identifier when getting value for resource number 0x00000000
W/PackageManager( 2362): Failure retrieving resources for com.android.inputmethod.pinyin: Resource ID #0x0
I/MsoHttp ( 4707): request is aborted, try aborting the stream.
I/MsoHttp ( 4707): dispose - Aborting the current HttpRequest.
I/MsoHttp ( 4707): calling EofSensorInputStream.abortConnection
I/K2_ULS bof1w Scope( 4707): {"ScopeAction": "Stop", "ScopeInstance": 1855, "ScopeParentInstance": 1854, "TopActivityInstance": 1854}
I/K2_ULS bof1w Scope( 4707): {"ScopeAction": "Complete", "ScopeInstance": 1855, "ScopeParentInstance": 1854, "TopActivityInstance": 1854, "Success": true}
I/K2_ULS bof1w Scope Summary( 4707): {"ScopeName": "MsoDocs.Sharing.MsoSharingService.SetLinks", "StartTime": "2017-01-03T06:56:40Z", "DurationToCompleteInMilliseconds": 515, "DurationToCompleteInMillisecondsHighPrecision": 515.796345, "ParentScopeName": "MsoDocs.Sharing.CMsoSharingServiceHelper.SetLinks", "ParentScopeTag": 16851421, "ScopeInstance": 1855, "ScopeParentInstance": 1854, "TopActivityInstance": 1854, "Success": true}
I/K2_ULS bjtcw Activity( 4707): ActivityEnded {"Name": "Office.Docs.MsoSharing.MsoSharingServiceSetLinks", "CV": "YyI4mxlKTcG7ddjqZvs0Cw.740.1"}
I/K2_ULS biyhq Telemetry Event( 4707): SendEvent {"EventName": "Office.Docs.MsoSharing.MsoSharingServiceSetLinks", "Flags": 0, "Contract": "Office.System.Activity", "Activity.CV": "YyI4mxlKTcG7ddjqZvs0Cw.740.1", "Activity.Duration": 516000, "Activity.Count": 1, "Activity.AggMode": 0, "Activity.Success": true, "Activity.Result.Code": 0, "Activity.Result.Type": "HRESULT", "Activity.Result.Tag": 20469464, "Data.LinkPermissionType": 2, "Data.LinkAction": 1, "Data.StopwatchDuration": 515586}
I/K2_ULS biyh7 NexusTenantTokenDocs( 4707): SendEventForRuleTransport {"EventName": "Office.Docs.MsoSharing.MsoSharingServiceSetLinks", "EventContract": "Office.System.Activity", "EventFlags": 0, "EventData": "{\"Activity.CV\": \"YyI4mxlKTcG7ddjqZvs0Cw.740.1\", \"Activity.Duration\": 516000, \"Activity.Count\": 1, \"Activity.AggMode\": 0, \"Activity.Success\": true, \"Activity.Result.Code\": 0, \"Activity.Result.Type\": \"HRESULT\", \"Activity.Result.Tag\": 20469464, \"Data.LinkPermissionType\": 2, \"Data.LinkAction\": 1, \"Data.StopwatchDuration\": 515586}", "EventContractInfo": "{\"zC.Activity\": \"Office.System.Activity\", \"zC.Activity.Result\": \"Office.System.Result\"}", "EventTypeInfo": "{\"zT.Activity.CV\": \"string\", \"zT.Activity.Duration\": \"uint64\", \"zT.Activity.Count\": \"uint64\", \"zT.Activity.AggMode\": \"uint8\", \"zT.Activity.Success\": \"bool\", \"zT.Activity.Result.Code\": \"int32\", \"zT.Activity.Result.Type\": \"string\", \"zT.Activity.Result.Tag\": \"uint32\", \"zT.Data.LinkPermissionType\": \"int32\", \"zT.Data.LinkAction\": \"int32\", \"zT.Data.StopwatchDuration\": \"uint64\"}", "EventDataClassificationInfo": "{\"zDC.Activity.CV\": \"SM\", \"zDC.Activity.Duration\": \"SM\", \"zDC.Activity.Count\": \"SM\", \"zDC.Activity.AggMode\": \"SM\", \"zDC.Activity.Success\": \"SM\", \"zDC.Activity.Result.Code\": \"SM\", \"zDC.Activity.Result.Type\": \"SM\", \"zDC.Activity.Result.Tag\": \"SM\", \"zDC.Data.LinkPermissionType\": \"SM\", \"zDC.Data.LinkAction\": \"SM\", \"zDC.Data.StopwatchDuration\": \"SM\"}"}
I/K2_ULS bf6fh Telemetry Event( 4707): The following events were triggered while servicing this thread's previous event. {"cEventsDeferred": 0}
I/K2_ULS bof1y Mso Sharing( 4707): __Scrubbed__
I/K2_ULS bash3 Scope( 4707): {"ScopeAction": "Stop", "ScopeInstance": 1854, "ScopeParentInstance": 0, "TopActivityInstance": 1854}
I/K2_ULS bash3 Memory Resource Usage( 4707): CurrentProcessWideMemoryUsage {"ScopeInstance": 1854, "BytesUsedDelta": 102400, "BytesUsedAtComplete": 368001024}
I/K2_ULS bash3 Scope( 4707): {"ScopeAction": "Complete", "ScopeInstance": 1854, "ScopeParentInstance": 0, "TopActivityInstance": 1854, "Success": true}
I/K2_ULS bash3 Scope Summary( 4707): {"ScopeName": "MsoDocs.Sharing.CMsoSharingServiceHelper.SetLinks", "StartTime": "2017-01-03T06:56:40Z", "DurationToCompleteInMilliseconds": 518, "DurationToCompleteInMillisecondsHighPrecision": 518.268768, "ScopeInstance": 1854, "ScopeParentInstance": 0, "TopActivityInstance": 1854, "Success": true}
I/K2_ULS bjtcw Activity( 4707): ActivityEnded {"Name": "Office.Docs.MsoSharing.CMsoSharingServiceHelperSetLinks", "CV": "YyI4mxlKTcG7ddjqZvs0Cw.740"}
I/K2_ULS biyhq Telemetry Event( 4707): SendEvent {"EventName": "Office.Docs.MsoSharing.CMsoSharingServiceHelperSetLinks", "Flags": 0, "Contract": "Office.System.Activity", "Activity.CV": "YyI4mxlKTcG7ddjqZvs0Cw.740", "Activity.Duration": 519000, "Activity.Count": 1, "Activity.AggMode": 0, "Activity.Success": true, "Activity.Result.Code": 0, "Activity.Result.Type": "HRESULT", "Activity.Result.Tag": 19931268, "Data.StopwatchDuration": 518177}
I/K2_ULS biyh7 NexusTenantTokenDocs( 4707): SendEventForRuleTransport {"EventName": "Office.Docs.MsoSharing.CMsoSharingServiceHelperSetLinks", "EventContract": "Office.System.Activity", "EventFlags": 0, "EventData": "{\"Activity.CV\": \"YyI4mxlKTcG7ddjqZvs0Cw.740\", \"Activity.Duration\": 519000, \"Activity.Count\": 1, \"Activity.AggMode\": 0, \"Activity.Success\": true, \"Activity.Result.Code\": 0, \"Activity.Result.Type\": \"HRESULT\", \"Activity.Result.Tag\": 19931268, \"Data.StopwatchDuration\": 518177}", "EventContractInfo": "{\"zC.Activity\": \"Office.System.Activity\", \"zC.Activity.Result\": \"Office.System.Result\"}", "EventTypeInfo": "{\"zT.Activity.CV\": \"string\", \"zT.Activity.Duration\": \"uint64\", \"zT.Activity.Count\": \"uint64\", \"zT.Activity.AggMode\": \"uint8\", \"zT.Activity.Success\": \"bool\", \"zT.Activity.Result.Code\": \"int32\", \"zT.Activity.Result.Type\": \"string\", \"zT.Activity.Result.Tag\": \"uint32\", \"zT.Data.StopwatchDuration\": \"uint64\"}", "EventDataClassificationInfo": "{\"zDC.Activity.CV\": \"SM\", \"zDC.Activity.Duration\": \"SM\", \"zDC.Activity.Count\": \"SM\", \"zDC.Activity.AggMode\": \"SM\", \"zDC.Activity.Success\": \"SM\", \"zDC.Activity.Result.Code\": \"SM\", \"zDC.Activity.Result.Type\": \"SM\", \"zDC.Activity.Result.Tag\": \"SM\", \"zDC.Data.StopwatchDuration\": \"SM\"}"}
I/K2_ULS bf6fh Telemetry Event( 4707): The following events were triggered while servicing this thread's previous event. {"cEventsDeferred": 0}
I/K2_ULS bmcce Mso Sharing( 4707): __Scrubbed__
I/K2_ULS bjtct Activity( 4707): ActivityStarted {"Name": "Office.Docs.ModernSharing.SharedDocumentImplUpdateSharedWithList", "CV": "YyI4mxlKTcG7ddjqZvs0Cw.741"}
I/K2_ULS bjtcv Activity( 4707): ActivityDetached {"Name": "Office.Docs.ModernSharing.SharedDocumentImplUpdateSharedWithList", "CV": "YyI4mxlKTcG7ddjqZvs0Cw.741"}
I/K2_ULS a12ws Scope( 4707): {"ScopeAction": "Start", "ScopeName": "MsoDocs.Sharing.SharedDocumentImpl.UpdateSharedWithList", "ScopeInstance": 1856, "ScopeParentInstance": 0, "TopActivityInstance": 1856}
I/K2_ULS a12ws Scope( 4707): {"ScopeAction": "Stop", "ScopeInstance": 1856, "ScopeParentInstance": 0, "TopActivityInstance": 1856}
I/K2_ULS a12ws Modern Sharing( 4707): __Scrubbed__
I/K2_ULS bm4p2 WRTools:DLS:StringLoad( 4707): String Resource {"alias": 3348365189, "ids": 278995432}
I/K2_ULS bm4p2 WRTools:DLS:StringLoad( 4707): String Resource {"alias": 3348365189, "ids": 2756798613}
I/K2_ULS a12ws Memory Resource Usage( 4707): CurrentProcessWideMemoryUsage {"ScopeInstance": 1856, "BytesUsedDelta": 0, "BytesUsedAtComplete": 368001024}
I/K2_ULS a12ws Scope( 4707): {"ScopeAction": "Complete", "ScopeInstance": 1856, "ScopeParentInstance": 0, "TopActivityInstance": 1856, "Success": true}
I/K2_ULS a12ws Scope Summary( 4707): {"ScopeName": "MsoDocs.Sharing.SharedDocumentImpl.UpdateSharedWithList", "StartTime": "2017-01-03T06:56:41Z", "DurationToCompleteInMilliseconds": 0, "DurationToCompleteInMillisecondsHighPrecision": 0.935084, "ScopeInstance": 1856, "ScopeParentInstance": 0, "TopActivityInstance": 1856, "Success": true}
I/K2_ULS bjtcu Activity( 4707): ActivityAttached {"Name": "Office.Docs.ModernSharing.SharedDocumentImplUpdateSharedWithList", "CV": "YyI4mxlKTcG7ddjqZvs0Cw.741"}
I/K2_ULS bjtcw Activity( 4707): ActivityEnded {"Name": "Office.Docs.ModernSharing.SharedDocumentImplUpdateSharedWithList", "CV": "YyI4mxlKTcG7ddjqZvs0Cw.741"}
I/K2_ULS biyhq Telemetry Event( 4707): SendEvent {"EventName": "Office.Docs.ModernSharing.SharedDocumentImplUpdateSharedWithList", "Flags": 0, "Contract": "Office.System.Activity", "Activity.CV": "YyI4mxlKTcG7ddjqZvs0Cw.741", "Activity.Duration": 2000, "Activity.Count": 1, "Activity.AggMode": 0, "Activity.Success": true, "Activity.Result.Code": 0, "Activity.Result.Type": "HRESULT", "Activity.Result.Tag": 6897687, "Data.DetachedDuration": 1724, "Data.StopwatchDuration": 995}
I/K2_ULS biyh7 NexusTenantTokenDocs( 4707): SendEventForRuleTransport {"EventName": "Office.Docs.ModernSharing.SharedDocumentImplUpdateSharedWithList", "EventContract": "Office.System.Activity", "EventFlags": 0, "EventData": "{\"Activity.CV\": \"YyI4mxlKTcG7ddjqZvs0Cw.741\", \"Activity.Duration\": 2000, \"Activity.Count\": 1, \"Activity.AggMode\": 0, \"Activity.Success\": true, \"Activity.Result.Code\": 0, \"Activity.Result.Type\": \"HRESULT\", \"Activity.Result.Tag\": 6897687, \"Data.DetachedDuration\": 1724, \"Data.StopwatchDuration\": 995}", "EventContractInfo": "{\"zC.Activity\": \"Office.System.Activity\", \"zC.Activity.Result\": \"Office.System.Result\"}", "EventTypeInfo": "{\"zT.Activity.CV\": \"string\", \"zT.Activity.Duration\": \"uint64\", \"zT.Activity.Count\": \"uint64\", \"zT.Activity.AggMode\": \"uint8\", \"zT.Activity.Success\": \"bool\", \"zT.Activity.Result.Code\": \"int32\", \"zT.Activity.Result.Type\": \"string\", \"zT.Activity.Result.Tag\": \"uint32\", \"zT.Data.DetachedDuration\": \"uint64\", \"zT.Data.StopwatchDuration\": \"uint64\"}", "EventDataClassificationInfo": "{\"zDC.Activity.CV\": \"SM\", \"zDC.Activity.Duration\": \"SM\", \"zDC.Activity.Count\": \"SM\", \"zDC.Activity.AggMode\": \"SM\", \"zDC.Activity.Success\": \"SM\", \"zDC.Activity.Result.Code\": \"SM\", \"zDC.Activity.Result.Type\": \"SM\", \"zDC.Activity.Result.Tag\": \"SM\", \"zDC.Data.DetachedDuration\": \"SM\", \"zDC.Data.StopwatchDuration\": \"SM\"}"}
I/K2_ULS bf6fh Telemetry Event( 4707): The following events were triggered while servicing this thread's previous event. {"cEventsDeferred": 0}
I/K2_ULS a0uax Modern Sharing( 4707): __Scrubbed__
I/K2_ULS a12wa Memory Resource Usage( 4707): CurrentProcessWideMemoryUsage {"ScopeInstance": 1850, "BytesUsedDelta": 102400, "BytesUsedAtComplete": 368001024}
I/K2_ULS a12wa Scope( 4707): {"ScopeAction": "Complete", "ScopeInstance": 1850, "ScopeParentInstance": 0, "TopActivityInstance": 1850, "Success": true}
I/K2_ULS a12wa Scope Summary( 4707): {"ScopeName": "MsoDocs.Sharing.SharedDocumentImpl.SetLinks", "StartTime": "2017-01-03T06:56:40Z", "DurationToCompleteInMilliseconds": 526, "DurationToCompleteInMillisecondsHighPrecision": 526.995058, "ScopeInstance": 1850, "ScopeParentInstance": 0, "TopActivityInstance": 1850, "Success": true}
I/K2_ULS bjtcu Activity( 4707): ActivityAttached {"Name": "Office.Docs.ModernSharing.SharedDocumentImplSetLinks", "CV": "YyI4mxlKTcG7ddjqZvs0Cw.738"}
I/K2_ULS bjtcw Activity( 4707): ActivityEnded {"Name": "Office.Docs.ModernSharing.SharedDocumentImplSetLinks", "CV": "YyI4mxlKTcG7ddjqZvs0Cw.738"}
I/K2_ULS biyhq Telemetry Event( 4707): SendEvent {"EventName": "Office.Docs.ModernSharing.SharedDocumentImplSetLinks", "Flags": 0, "Contract": "Office.System.Activity", "Activity.CV": "YyI4mxlKTcG7ddjqZvs0Cw.738", "Activity.Duration": 528000, "Activity.Count": 1, "Activity.AggMode": 0, "Activity.Success": true, "Activity.Result.Code": 0, "Activity.Result.Type": "HRESULT", "Activity.Result.Tag": 7193988, "Data.DetachedDuration": 527902, "Data.StopwatchDuration": 526995}
I/K2_ULS biyh7 NexusTenantTokenDocs( 4707): SendEventForRuleTransport {"EventName": "Office.Docs.ModernSharing.SharedDocumentImplSetLinks", "EventContract": "Office.System.Activity", "EventFlags": 0, "EventData": "{\"Activity.CV\": \"YyI4mxlKTcG7ddjqZvs0Cw.738\", \"Activity.Duration\": 528000, \"Activity.Count\": 1, \"Activity.AggMode\": 0, \"Activity.Success\": true, \"Activity.Result.Code\": 0, \"Activity.Result.Type\": \"HRESULT\", \"Activity.Result.Tag\": 7193988, \"Data.DetachedDuration\": 527902, \"Data.StopwatchDuration\": 526995}", "EventContractInfo": "{\"zC.Activity\": \"Office.System.Activity\", \"zC.Activity.Result\": \"Office.System.Result\"}", "EventTypeInfo": "{\"zT.Activity.CV\": \"string\", \"zT.Activity.Duration\": \"uint64\", \"zT.Activity.Count\": \"uint64\", \"zT.Activity.AggMode\": \"uint8\", \"zT.Activity.Success\": \"bool\", \"zT.Activity.Result.Code\": \"int32\", \"zT.Activity.Result.Type\": \"string\", \"zT.Activity.Result.Tag\": \"uint32\", \"zT.Data.DetachedDuration\": \"uint64\", \"zT.Data.StopwatchDuration\": \"uint64\"}", "EventDataClassificationInfo": "{\"zDC.Activity.CV\": \"SM\", \"zDC.Activity.Duration\": \"SM\", \"zDC.Activity.Count\": \"SM\", \"zDC.Activity.AggMode\": \"SM\", \"zDC.Activity.Success\": \"SM\", \"zDC.Activity.Result.Code\": \"SM\", \"zDC.Activity.Result.Type\": \"SM\", \"zDC.Activity.Result.Tag\": \"SM\", \"zDC.Data.DetachedDuration\": \"SM\", \"zDC.Data.StopwatchDuration\": \"SM\"}"}
I/K2_ULS bf6fh Telemetry Event( 4707): The following events were triggered while servicing this thread's previous event. {"cEventsDeferred": 0}
I/K2_ULS a12we Modern Sharing( 4707): __Scrubbed__
I/K2_ULS bm4p2 WRTools:DLS:StringLoad( 4707): String Resource {"alias": 3348365189, "ids": 540935672}
I/K2_ULS bm4p2 WRTools:DLS:StringLoad( 4707): String Resource {"alias": 3348365189, "ids": 2491744477}
I/K2_ULS bm4p2 WRTools:DLS:StringLoad( 4707): String Resource {"alias": 3348365189, "ids": 3004601928}
I/K2_ULS bm4p2 WRTools:DLS:StringLoad( 4707): String Resource {"alias": 3348365189, "ids": 2399034098}
I/AppDocsOperationQueueHelper( 4707): Pause token popped in resume. PauseReason: BackstageDrillInDialog, Queue Size: 0
D/MSAppLauncher( 4707): ResolveInfo{46026b5 com.android.bluetooth/.opp.BluetoothOppLauncherActivity m=0x608000}
I/AppDocsOperationQueueHelper( 4707): AppDocs resumed now.
I/K2_ULS ayzch AppDocsTelemetry( 4707): __Scrubbed__
W/ResourceType( 4707): No package identifier when getting value for resource number 0x00000000
W/PackageManager( 4707): Failure retrieving resources for com.android.bluetooth: Resource ID #0x0
D/MSAppLauncher( 4707): ResolveInfo{1f1ed8bb jackpal.androidterm/.TermHere m=0x608000}
W/ResourceType( 4707): No package identifier when getting value for resource number 0x00000000
W/PackageManager( 4707): Failure retrieving resources for jackpal.androidterm: Resource ID #0x0
D/MSAppLauncher( 4707): ResolveInfo{2397931 org.mozilla.fennec_root/org.mozilla.gecko.overlays.ui.ShareDialog m=0x608000}
W/ResourceType( 4707): No package identifier when getting value for resource number 0x00000000
W/PackageManager( 4707): Failure retrieving resources for org.mozilla.fennec_root: Resource ID #0x0
D/MSAppLauncher( 4707): ResolveInfo{23584597 com.tencent.mobileqq/.activity.JumpActivity m=0x608000}
W/ResourceType( 4707): No package identifier when getting value for resource number 0x00000000
W/PackageManager( 4707): Failure retrieving resources for com.tencent.mobileqq: Resource ID #0x0
I/ShareFileController( 4707): OnPaneClosed Called
D/MSAppLauncher( 4707): ResolveInfo{32433fa2 com.tencent.mobileqq/.activity.qfileJumpActivity m=0x608000}
I/K2_ULS bc8q4 Scope( 4707): {"ScopeAction": "Start", "ScopeName": "Excel.ControlFontPicker::Update", "ScopeInstance": 1857, "ScopeParentInstance": 0, "TopActivityInstance": 1857}
I/K2_ULS a3sjl Scope( 4707): {"ScopeAction": "Start", "ScopeName": "XLN RangeGetFormat, CmdId=34 S", "ScopeInstance": 1858, "ScopeParentInstance": 1857, "TopActivityInstance": 1857}
I/K2_ULS awk8e Xl Command( 4707): {"Table": "CommandExecution", "Operation": 0, "CommandId": 34, "Result": 0, "ExecutionTime": 0, "ScopeHolderId": 1858}
I/K2_ULS awk8e Xl Command Abort Checks( 4707): {"Table": "AbortChecks", "CommandId": 34, "NumberOfChecks": 0, "TimeBetweenChecks": 0, "CommandDuration": 0}
I/K2_ULS a24qy Logging Liblet( 4707): The following traces were triggered while servicing this thread's previous trace. {"cTracesDeferred": 2}
I/K2_ULS axbjw OfficeTelemetry_PerfMetrics( 4707): UlsQueueSize {"ETW_EventId": 192, "ETW_Keywords": 128, "MaxSizeInBytes": 3145728, "EventCount": 12, "QueueSizeInBytes": 31461, "DisableRuleLimit": 2831155, "ExtraProcessingLimit": 1981808}
I/K2_ULS awk8e Xl Sheet( 4707): {"Table": "SingleCellReference", "Column": 1, "Row": 36, "ScopeHolderId": 1858}
I/K2_ULS awk8e Xl Command( 4707): {"Table": "CommandExecution", "Operation": 1, "CommandId": 34, "Result": 0, "ExecutionTime": 0, "ScopeHolderId": 1858}
I/K2_ULS a3sjl Scope( 4707): {"ScopeAction": "Stop", "ScopeInstance": 1858, "ScopeParentInstance": 1857, "TopActivityInstance": 1857}
I/K2_ULS axbjw OfficeTelemetry_RuleProcessing( 4707): OTele_Rules_Result2 {"ETW_EventId": 197, "ETW_Keywords": 4, "RuleId": 120501, "RuleVersion": 15, "TriggerTime": "2017-01-03T06:56:41.2280000Z", "Payloads": "P[0]=2017-01-03T06:56:41.2280000Z\r\nP[1]=515.79634\r\nP[2]=266045.86952\r\nP[3]=true\r\nP[5]=MsoDocs.Sharing.MsoSharingService.SetLinks\r\nP[6]=20469462\r\nP[7]=1855\r\nP[8]=1854\r\nP[9]=MsoDocs.Sharing.CMsoSharingServiceHelper.SetLinks\r\nP[10]=16851421", "SessionId": "9B382263-4A19-C14D-BB75-D8EA66FB340B", "SequenceNumber": 0, "IsSubrule": true}
I/K2_ULS a3sjl Scope( 4707): {"ScopeAction": "Complete", "ScopeInstance": 1858, "ScopeParentInstance": 1857, "TopActivityInstance": 1857, "Success": true}
I/K2_ULS a3sjl Scope Summary( 4707): {"ScopeName": "XLN RangeGetFormat, CmdId=34 S", "StartTime": "2017-01-03T06:56:41Z", "DurationToCompleteInMilliseconds": 0, "DurationToCompleteInMillisecondsHighPrecision": 0.715223, "ParentScopeName": "Excel.ControlFontPicker::Update", "ParentScopeTag": 17441822, "ScopeInstance": 1858, "ScopeParentInstance": 1857, "TopActivityInstance": 1857, "Success": true}
I/K2_ULS bc8q4 Scope( 4707): {"ScopeAction": "Stop", "ScopeInstance": 1857, "ScopeParentInstance": 0, "TopActivityInstance": 1857}
I/K2_ULS axbjw OfficeTelemetry_RuleProcessing( 4707): OTele_Rules_Result2 {"ETW_EventId": 197, "ETW_Keywords": 4, "RuleId": 120502, "RuleVersion": 8, "TriggerTime": "2017-01-03T06:56:41.2280000Z", "Payloads": "P[0]=2017-01-03T06:56:36.0920000Z\r\nP[1]=2017-01-03T06:56:36.0920000Z\r\nP[2]=MsoDocs.LandingPage.UI.Backstage\r\nP[3]=1\r\nP[4]=3303989.58537\r\nP[5]=1817.68798\r\nP[6]=1817\r\nP[7]=1817\r\nP[8]=7341191", "SessionId": "9B382263-4A19-C14D-BB75-D8EA66FB340B", "SequenceNumber": 1386, "IsSubrule": false}
I/K2_ULS bc8q4 Memory Resource Usage( 4707): CurrentProcessWideMemoryUsage {"ScopeInstance": 1857, "BytesUsedDelta": 0, "BytesUsedAtComplete": 371712000}
I/K2_ULS bc8q4 Scope( 4707): {"ScopeAction": "Complete", "ScopeInstance": 1857, "ScopeParentInstance": 0, "TopActivityInstance": 1857, "Success": true}
I/K2_ULS bc8q4 Scope Summary( 4707): {"ScopeName": "Excel.ControlFontPicker::Update", "StartTime": "2017-01-03T06:56:41Z", "DurationToCompleteInMilliseconds": 1, "DurationToCompleteInMillisecondsHighPrecision": 1.538030, "ScopeInstance": 1857, "ScopeParentInstance": 0, "TopActivityInstance": 1857, "Success": true}
I/K2_ULS axbjw OfficeTelemetry_RuleProcessing( 4707): OTele_ETW_TDC_SubmitPayload {"ETW_EventId": 122, "ETW_Keywords": 4, "DataCollector": 0, "RuleID": 120502, "PayloadType": 2, "PayloadName": "Passthrough", "ResultTime": "2017-01-03T06:56:41Z"}
I/K2_ULS axbjw OfficeTelemetry_RuleProcessing( 4707): OTele_Rules_Result2 {"ETW_EventId": 197, "ETW_Keywords": 4, "RuleId": 120501, "RuleVersion": 15, "TriggerTime": "2017-01-03T06:56:41.2300000Z", "Payloads": "P[0]=2017-01-03T06:56:41.2300000Z\r\nP[1]=518.26877\r\nP[2]=268602.51588\r\nP[3]=true\r\nP[5]=MsoDocs.Sharing.CMsoSharingServiceHelper.SetLinks\r\nP[6]=16851421\r\nP[7]=1854\r\nP[8]=0", "SessionId": "9B382263-4A19-C14D-BB75-D8EA66FB340B", "SequenceNumber": 0, "IsSubrule": true}
I/K2_ULS a3sjl Scope( 4707): {"ScopeAction": "Start", "ScopeName": "XLN RangeGetFormat, CmdId=34 T", "ScopeInstance": 1859, "ScopeParentInstance": 0, "TopActivityInstance": 1859}
I/K2_ULS awk8e Xl Command( 4707): {"Table": "CommandExecution", "Operation": 0, "CommandId": 34, "Result": 0, "ExecutionTime": 0, "ScopeHolderId": 1859}
I/K2_ULS awk8e Xl Command Abort Checks( 4707): {"Table": "AbortChecks", "CommandId": 34, "NumberOfChecks": 0, "TimeBetweenChecks": 0, "CommandDuration": 0}
I/K2_ULS axbjw OfficeTelemetry_RuleProcessing( 4707): OTele_Rules_Result2 {"ETW_EventId": 197, "ETW_Keywords": 4, "RuleId": 120502, "RuleVersion": 8, "TriggerTime": "2017-01-03T06:56:41.2300000Z", "Payloads": "P[0]=2017-01-03T06:56:36.0930000Z\r\nP[1]=2017-01-03T06:56:36.0930000Z\r\nP[2]=ExecuteActionBehavior.HandleClick\r\nP[3]=1\r\nP[4]=147.02368\r\nP[5]=12.12533\r\nP[6]=12\r\nP[7]=12\r\nP[8]=18405134", "SessionId": "9B382263-4A19-C14D-BB75-D8EA66FB340B", "SequenceNumber": 1387, "IsSubrule": false}
I/K2_ULS awk8e Xl Sheet( 4707): {"Table": "SingleCellReference", "Column": 1, "Row": 36, "ScopeHolderId": 1859}
I/K2_ULS awk8e Xl Command( 4707): {"Table": "CommandExecution", "Operation": 1, "CommandId": 34, "Result": 0, "ExecutionTime": 0, "ScopeHolderId": 1859}
I/K2_ULS axbjw OfficeTelemetry_RuleProcessing( 4707): OTele_ETW_TDC_SubmitPayload {"ETW_EventId": 122, "ETW_Keywords": 4, "DataCollector": 0, "RuleID": 120502, "PayloadType": 2, "PayloadName": "Passthrough", "ResultTime": "2017-01-03T06:56:41Z"}
I/K2_ULS a3sjl Scope( 4707): {"ScopeAction": "Stop", "ScopeInstance": 1859, "ScopeParentInstance": 0, "TopActivityInstance": 1859}
I/K2_ULS a3sjl Memory Resource Usage( 4707): CurrentProcessWideMemoryUsage {"ScopeInstance": 1859, "BytesUsedDelta": 0, "BytesUsedAtComplete": 371712000}
I/K2_ULS a3sjl Scope( 4707): {"ScopeAction": "Complete", "ScopeInstance": 1859, "ScopeParentInstance": 0, "TopActivityInstance": 1859, "Success": true}
I/K2_ULS axbjw OfficeTelemetry_RuleProcessing( 4707): OTele_Rules_Result2 {"ETW_EventId": 197, "ETW_Keywords": 4, "RuleId": 120501, "RuleVersion": 15, "TriggerTime": "2017-01-03T06:56:41.2340000Z", "Payloads": "P[0]=2017-01-03T06:56:41.2340000Z\r\nP[1]=0.93508\r\nP[2]=0.87438\r\nP[3]=true\r\nP[5]=MsoDocs.Sharing.SharedDocumentImpl.UpdateSharedWithList\r\nP[6]=7194002\r\nP[7]=1856\r\nP[8]=0", "SessionId": "9B382263-4A19-C14D-BB75-D8EA66FB340B", "SequenceNumber": 0, "IsSubrule": true}
I/K2_ULS a3sjl Scope Summary( 4707): {"ScopeName": "XLN RangeGetFormat, CmdId=34 T", "StartTime": "2017-01-03T06:56:41Z", "DurationToCompleteInMilliseconds": 0, "DurationToCompleteInMillisecondsHighPrecision": 0.550913, "ScopeInstance": 1859, "ScopeParentInstance": 0, "TopActivityInstance": 1859, "Success": true}
I/K2_ULS axbjw OfficeTelemetry_RuleProcessing( 4707): OTele_Rules_Result2 {"ETW_EventId": 197, "ETW_Keywords": 4, "RuleId": 120502, "RuleVersion": 8, "TriggerTime": "2017-01-03T06:56:41.2340000Z", "Payloads": "P[0]=2017-01-03T06:56:36.0950000Z\r\nP[1]=2017-01-03T06:56:36.0950000Z\r\nP[2]=MsoDocs.Sharing.CSharePaneManager.ShowSharePaneInUIContext.GetAccessMode\r\nP[3]=1\r\nP[4]=1.08066\r\nP[5]=1.03955\r\nP[6]=1\r\nP[7]=1\r\nP[8]=17944730\r\nP[9]=MsoDocs.Sharing.CSharePaneManager.ShowSharePaneInUIContextTcidShareWithPeople\r\nP[10]=5013771", "SessionId": "9B382263-4A19-C14D-BB75-D8EA66FB340B", "SequenceNumber": 1388, "IsSubrule": false}
I/K2_ULS a3sjl Scope( 4707): {"ScopeAction": "Start", "ScopeName": "XLN RangeGetFormat, CmdId=34 T", "ScopeInstance": 1860, "ScopeParentInstance": 0, "TopActivityInstance": 1860}
I/K2_ULS awk8e Xl Command( 4707): {"Table": "CommandExecution", "Operation": 0, "CommandId": 34, "Result": 0, "ExecutionTime": 0, "ScopeHolderId": 1860}
I/K2_ULS axbjw OfficeTelemetry_RuleProcessing( 4707): OTele_ETW_TDC_SubmitPayload {"ETW_EventId": 122, "ETW_Keywords": 4, "DataCollector": 0, "RuleID": 120502, "PayloadType": 2, "PayloadName": "Passthrough", "ResultTime": "2017-01-03T06:56:41Z"}
I/K2_ULS awk8e Xl Command Abort Checks( 4707): {"Table": "AbortChecks", "CommandId": 34, "NumberOfChecks": 0, "TimeBetweenChecks": 0, "CommandDuration": 0}
I/K2_ULS awk8e Xl Sheet( 4707): {"Table": "SingleCellReference", "Column": 1, "Row": 36, "ScopeHolderId": 1860}
I/K2_ULS awk8e Xl Command( 4707): {"Table": "CommandExecution", "Operation": 1, "CommandId": 34, "Result": 0, "ExecutionTime": 0, "ScopeHolderId": 1860}
I/K2_ULS axbjw OfficeTelemetry_RuleProcessing( 4707): OTele_Rules_Result2 {"ETW_EventId": 197, "ETW_Keywords": 4, "RuleId": 120501, "RuleVersion": 15, "TriggerTime": "2017-01-03T06:56:41.2380000Z", "Payloads": "P[0]=2017-01-03T06:56:41.2380000Z\r\nP[1]=526.99506\r\nP[2]=277723.79116\r\nP[3]=true\r\nP[5]=MsoDocs.Sharing.SharedDocumentImpl.SetLinks\r\nP[6]=7193984\r\nP[7]=1850\r\nP[8]=0", "SessionId": "9B382263-4A19-C14D-BB75-D8EA66FB340B", "SequenceNumber": 0, "IsSubrule": true}
I/K2_ULS a3sjl Scope( 4707): {"ScopeAction": "Stop", "ScopeInstance": 1860, "ScopeParentInstance": 0, "TopActivityInstance": 1860}
I/K2_ULS a3sjl Memory Resource Usage( 4707): CurrentProcessWideMemoryUsage {"ScopeInstance": 1860, "BytesUsedDelta": 0, "BytesUsedAtComplete": 371712000}
I/K2_ULS a3sjl Scope( 4707): {"ScopeAction": "Complete", "ScopeInstance": 1860, "ScopeParentInstance": 0, "TopActivityInstance": 1860, "Success": true}
I/K2_ULS axbjw OfficeTelemetry_RuleProcessing( 4707): OTele_Rules_Result2 {"ETW_EventId": 197, "ETW_Keywords": 4, "RuleId": 120502, "RuleVersion": 8, "TriggerTime": "2017-01-03T06:56:41.2380000Z", "Payloads": "P[0]=2017-01-03T06:56:36.0980000Z\r\nP[1]=2017-01-03T06:56:36.0980000Z\r\nP[2]=MsoDocs.AppDocs.CsiDocument.IsAutoSaveDisabled\r\nP[3]=1\r\nP[4]=0.1565\r\nP[5]=0.3956\r\nP[6]=0\r\nP[7]=0\r\nP[8]=17622985\r\nP[9]=MsoDocs.AppDocs.Descriptor.IsAutoSaveDisabledAndHasRecoveryData\r\nP[10]=17622995", "SessionId": "9B382263-4A19-C14D-BB75-D8EA66FB340B", "SequenceNumber": 1389, "IsSubrule": false}
I/K2_ULS a3sjl Scope Summary( 4707): {"ScopeName": "XLN RangeGetFormat, CmdId=34 T", "StartTime": "2017-01-03T06:56:41Z", "DurationToCompleteInMilliseconds": 0, "DurationToCompleteInMillisecondsHighPrecision": 0.545440, "ScopeInstance": 1860, "ScopeParentInstance": 0, "TopActivityInstance": 1860, "Success": true}
I/K2_ULS axbjw OfficeTelemetry_RuleProcessing( 4707): OTele_ETW_TDC_SubmitPayload {"ETW_EventId": 122, "ETW_Keywords": 4, "DataCollector": 0, "RuleID": 120502, "PayloadType": 2, "PayloadName": "Passthrough", "ResultTime": "2017-01-03T06:56:41Z"}
I/K2_ULS axbjw OfficeTelemetry_RuleProcessing( 4707): OTele_Rules_Result2 {"ETW_EventId": 197, "ETW_Keywords": 4, "RuleId": 180000, "RuleVersion": 2, "TriggerTime": "2017-01-03T06:56:41.2720000Z", "Payloads": "P[0]=2017-01-03T06:56:41.2720000Z\r\nP[1]={1299A703-2812-2D49-B03B-4F3914DFACA9}\r\nP[2]=0\r\nP[3]=34\r\nP[4]=0\r\nP[5]=0\r\nP[6]=1858", "SessionId": "9B382263-4A19-C14D-BB75-D8EA66FB340B", "SequenceNumber": 1390, "IsSubrule": false}
I/K2_ULS axbjw OfficeTelemetry_RuleProcessing( 4707): OTele_ETW_TDC_SubmitPayload {"ETW_EventId": 122, "ETW_Keywords": 4, "DataCollector": 0, "RuleID": 180000, "PayloadType": 2, "PayloadName": "Passthrough", "ResultTime": "2017-01-03T06:56:41Z"}
I/K2_ULS axbjw OfficeTelemetry_RuleProcessing( 4707): OTele_Rules_Result2 {"ETW_EventId": 197, "ETW_Keywords": 4, "RuleId": 180005, "RuleVersion": 0, "TriggerTime": "2017-01-03T06:56:41.2720000Z", "Payloads": "P[0]=2017-01-03T06:56:41.2720000Z\r\nP[1]={1299A703-2812-2D49-B03B-4F3914DFACA9}\r\nP[2]=34\r\nP[3]=0\r\nP[4]=0\r\nP[5]=0", "SessionId": "9B382263-4A19-C14D-BB75-D8EA66FB340B", "SequenceNumber": 1391, "IsSubrule": false}
I/K2_ULS axbjw OfficeTelemetry_RuleProcessing( 4707): OTele_ETW_TDC_SubmitPayload {"ETW_EventId": 122, "ETW_Keywords": 4, "DataCollector": 0, "RuleID": 180005, "PayloadType": 2, "PayloadName": "Passthrough", "ResultTime": "2017-01-03T06:56:41Z"}
I/K2_ULS a1e9x Telemetry Rules Engine( 4707): Finished processing ULS events. {"NumberOfEventsProcessed": 13}
I/K2_ULS bc8q3 Scope( 4707): {"ScopeAction": "Start", "ScopeName": "Excel.ControlCellStyleGallery::Update", "ScopeInstance": 1861, "ScopeParentInstance": 0, "TopActivityInstance": 1861}
I/K2_ULS bc8q3 Scope( 4707): {"ScopeAction": "Stop", "ScopeInstance": 1861, "ScopeParentInstance": 0, "TopActivityInstance": 1861}
I/K2_ULS bc8q3 Memory Resource Usage( 4707): CurrentProcessWideMemoryUsage {"ScopeInstance": 1861, "BytesUsedDelta": 0, "BytesUsedAtComplete": 371957760}
I/K2_ULS bc8q3 Scope( 4707): {"ScopeAction": "Complete", "ScopeInstance": 1861, "ScopeParentInstance": 0, "TopActivityInstance": 1861, "Success": true}
I/K2_ULS bc8q3 Scope Summary( 4707): {"ScopeName": "Excel.ControlCellStyleGallery::Update", "StartTime": "2017-01-03T06:56:41Z", "DurationToCompleteInMilliseconds": 0, "DurationToCompleteInMillisecondsHighPrecision": 0.351268, "ScopeInstance": 1861, "ScopeParentInstance": 0, "TopActivityInstance": 1861, "Success": true}
E/SpannableStringBuilder( 4707): SPAN_EXCLUSIVE_EXCLUSIVE spans cannot have a zero length
E/SpannableStringBuilder( 4707): SPAN_EXCLUSIVE_EXCLUSIVE spans cannot have a zero length
W/K2_ULS bnzcu Xl Accessibility( 4707): {"Message": "TextAppBridge::FValidate - Element is invalid", "ScopeId": 0}
V/FM      ( 4707): GalleryDataProvider.Event event
W/ResourceType( 2362): No package identifier when getting value for resource number 0x00000000
W/PackageManager( 2362): Failure retrieving resources for com.android.inputmethod.pinyin: Resource ID #0x0
D/MSAppLauncher( 4707): ResolveInfo{35600f1c com.tencent.mobileqq/cooperation.qqfav.widget.QfavJumpActivity m=0x608000}
D/MSAppLauncher( 4707): ResolveInfo{91120fa com.tencent.mm/.ui.tools.ShareImgUI m=0x608000}
D/MSAppLauncher( 4707): ResolveInfo{2bed0108 com.tencent.mm/.ui.tools.AddFavoriteUI m=0x608000}
D/MSAppLauncher( 4707): ResolveInfo{21c052c6 com.kingsoft.email/.activity.ComposeActivityEmail m=0x608000}
W/ResourceType( 4707): No package identifier when getting value for resource number 0x00000000
W/PackageManager( 4707): Failure retrieving resources for com.kingsoft.email: Resource ID #0x0
D/MSAppLauncher( 4707): ResolveInfo{ad525b4 com.microsoft.office.onenote/.ui.clipper.ShareReceiverActivity m=0x608000}
W/ResourceType( 4707): No package identifier when getting value for resource number 0x00000000
W/PackageManager( 4707): Failure retrieving resources for com.microsoft.office.onenote: Resource ID #0x0
D/MSAppLauncher( 4707): ResolveInfo{1ded552 com.microsoft.office.outlook/com.acompli.acompli.ComposeActivity m=0x608000}
W/ResourceType( 4707): No package identifier when getting value for resource number 0x00000000
W/PackageManager( 4707): Failure retrieving resources for com.microsoft.office.outlook: Resource ID #0x0
D/MSAppLauncher( 4707): ResolveInfo{678e920 com.seafile.seadroid2/.ui.activity.ShareToSeafileActivity m=0x608000}
W/ResourceType( 4707): No package identifier when getting value for resource number 0x00000000
W/PackageManager( 4707): Failure retrieving resources for com.seafile.seadroid2: Resource ID #0x0
D/MSAppLauncher( 4707): mMSApps size = 1
V/WindowManager( 2236): not Base app: Adding window Window{33a77b66 u0 com.microsoft.office.excel/com.microsoft.office.excel.excelMainActivity} at 17 of 21
V/WindowManager( 2236): ++++xiej, 04-13,7:26, getOrientationFromAppTokensLocked
V/WindowManager( 2236): ++++xiej, 04-13,7:26, getOrientationFromAppTokensLocked
W/ResourceType( 2362): No package identifier when getting value for resource number 0x00000000
W/PackageManager( 2362): Failure retrieving resources for com.android.inputmethod.pinyin: Resource ID #0x0
W/ResourceType( 2362): No package identifier when getting value for resource number 0x00000000
W/PackageManager( 2362): Failure retrieving resources for com.android.inputmethod.pinyin: Resource ID #0x0
W/linker  ( 7407): [vdso]: unused DT entry: type 0x6ffffef5 arg 0x160
W/ResourceType( 2362): No package identifier when getting value for resource number 0x00000000
W/PackageManager( 2362): Failure retrieving resources for com.android.inputmethod.pinyin: Resource ID #0x0
W/ResourceType( 2362): No package identifier when getting value for resource number 0x00000000
W/PackageManager( 2362): Failure retrieving resources for com.android.inputmethod.pinyin: Resource ID #0x0
W/ResourceType( 2362): No package identifier when getting value for resource number 0x00000000
W/PackageManager( 2362): Failure retrieving resources for com.android.inputmethod.pinyin: Resource ID #0x0
I/K2_ULS bdbib Accessibility through FastAcc( 4707): Element does not support Text Pattern
W/ResourceType( 2362): No package identifier when getting value for resource number 0x00000000
W/PackageManager( 2362): Failure retrieving resources for com.android.inputmethod.pinyin: Resource ID #0x0
I/HockeyExceptionHandler( 4707): 2 second timeout set for capturing logs
I/HockeyExceptionHandler( 4707): Dump path: /data/data/com.microsoft.office.excel/files/4c9c8ba4-a9f5-8965-060e6a19-1669cbef.dmp
W/linker  ( 7409): [vdso]: unused DT entry: type 0x6ffffef5 arg 0x160
W/linker  ( 7409): [vdso]: unused DT entry: type 0x6ffffef5 arg 0x160
W/ResourceType( 2362): No package identifier when getting value for resource number 0x00000000
W/PackageManager( 2362): Failure retrieving resources for com.android.inputmethod.pinyin: Resource ID #0x0
I/HockeyExceptionHandler( 4707): GetEnv JNI_OK
I/HockeyExceptionHandler( 4707): thread JNI_EDETACHED attaching now ...
W/ResourceType( 2362): No package identifier when getting value for resource number 0x00000000
W/PackageManager( 2362): Failure retrieving resources for com.android.inputmethod.pinyin: Resource ID #0x0
W/ResourceType( 2362): No package identifier when getting value for resource number 0x00000000
W/PackageManager( 2362): Failure retrieving resources for com.android.inputmethod.pinyin: Resource ID #0x0
W/ResourceType( 2362): No package identifier when getting value for resource number 0x00000000
W/PackageManager( 2362): Failure retrieving resources for com.android.inputmethod.pinyin: Resource ID #0x0
W/ResourceType( 2362): No package identifier when getting value for resource number 0x00000000
W/PackageManager( 2362): Failure retrieving resources for com.android.inputmethod.pinyin: Resource ID #0x0
I/K2_ULS axbjw OfficeTelemetry_RuleProcessing( 4707): OTele_Rules_Result2 {"ETW_EventId": 197, "ETW_Keywords": 4, "RuleId": 120307, "RuleVersion": 0, "TriggerTime": "2017-01-03T06:56:42.4500000Z", "Payloads": "P[0]=2017-01-03T06:56:24.3750000Z\r\nP[1]=Assert Reporting\r\nP[2]=19714396\r\nP[3]=1\r\nP[4]=2017-01-03T06:56:24.3750000Z", "SessionId": "9B382263-4A19-C14D-BB75-D8EA66FB340B", "SequenceNumber": 1392, "IsSubrule": false}
I/K2_ULS axbjw OfficeTelemetry_RuleProcessing( 4707): OTele_Rules_Result2 {"ETW_EventId": 197, "ETW_Keywords": 4, "RuleId": 120307, "RuleVersion": 0, "TriggerTime": "2017-01-03T06:56:42.4500000Z", "Payloads": "P[0]=2017-01-03T06:56:30.7200000Z\r\nP[1]=Assert Reporting\r\nP[2]=17392993\r\nP[3]=10\r\nP[4]=2017-01-03T06:56:30.7120000Z", "SessionId": "9B382263-4A19-C14D-BB75-D8EA66FB340B", "SequenceNumber": 1393, "IsSubrule": false}
I/K2_ULS axbjw OfficeTelemetry_RuleProcessing( 4707): OTele_Rules_Result2 {"ETW_EventId": 197, "ETW_Keywords": 4, "RuleId": 120503, "RuleVersion": 6, "TriggerTime": "2017-01-03T06:56:42.4500000Z", "Payloads": "P[0]=2017-01-03T06:56:23.1760000Z\r\nP[1]=2017-01-03T06:56:23.1760000Z\r\nP[2]=MsoDocs.LandingPageManager.LandingPage.OnSyncStateRenamed\r\nP[3]=19773135\r\nP[4]=1\r\nP[5]=-2131096134\r\nP[6]=6.85753\r\nP[7]=2.61869\r\nP[8]=2\r\nP[9]=2\r\nP[10]=MsoDocs.LandingPageManager.LandingPage.OnSyncStateRenamed\r\nP[11]=19773125", "SessionId": "9B382263-4A19-C14D-BB75-D8EA66FB340B", "SequenceNumber": 1394, "IsSubrule": false}
I/K2_ULS axbjw OfficeTelemetry_RuleProcessing( 4707): OTele_Rules_Result2 {"ETW_EventId": 197, "ETW_Keywords": 4, "RuleId": 120503, "RuleVersion": 6, "TriggerTime": "2017-01-03T06:56:42.4500000Z", "Payloads": "P[0]=2017-01-03T06:56:23.5210000Z\r\nP[1]=2017-01-03T06:56:23.5210000Z\r\nP[2]=CsiLoadFileScopeForDocsTrigger\r\nP[3]=7161361\r\nP[4]=1\r\nP[6]=27161305.15559\r\nP[7]=5211.65091\r\nP[8]=5211\r\nP[9]=5211", "SessionId": "9B382263-4A19-C14D-BB75-D8EA66FB340B", "SequenceNumber": 1395, "IsSubrule": false}
I/K2_ULS axbjw OfficeTelemetry_RuleProcessing( 4707): OTele_Rules_Result2 {"ETW_EventId": 197, "ETW_Keywords": 4, "RuleId": 120503, "RuleVersion": 6, "TriggerTime": "2017-01-03T06:56:42.4500000Z", "Payloads": "P[0]=2017-01-03T06:56:29.5920000Z\r\nP[1]=2017-01-03T06:56:36.0930000Z\r\nP[2]=OfficeSpace.DataSourceReplicator.QueueSetValueToPeer\r\nP[3]=18379468\r\nP[4]=2\r\nP[6]=0.24469\r\nP[7]=0.49457\r\nP[8]=0\r\nP[9]=0\r\nP[10]=ExecuteActionBehavior.HandleClick\r\nP[11]=18405134", "SessionId": "9B382263-4A19-C14D-BB75-D8EA66FB340B", "SequenceNumber": 1396, "IsSubrule": false}
I/K2_ULS axbjw OfficeTelemetry_RuleProcessing( 4707): OTele_Rules_Result2 {"ETW_EventId": 197, "ETW_Keywords": 4, "RuleId": 180019, "RuleVersion": 1, "TriggerTime": "2017-01-03T06:56:42.4500000Z", "Payloads": "P[0]=2017-01-03T06:56:23.1770000Z\r\nP[1]={6098DBFB-6A76-6642-94A1-ADBBC8B85B9B}\r\nP[2]=LandingPage\r\nP[3]=Unexpected\r\nP[4]=bl11q\r\nP[5]=1", "SessionId": "9B382263-4A19-C14D-BB75-D8EA66FB340B", "SequenceNumber": 1397, "IsSubrule": false}
I/K2_ULS axbjw OfficeTelemetry_RuleProcessing( 4707): OTele_Rules_Result2 {"ETW_EventId": 197, "ETW_Keywords": 4, "RuleId": 180019, "RuleVersion": 1, "TriggerTime": "2017-01-03T06:56:42.4500000Z", "Payloads": "P[0]=2017-01-03T06:56:24.3750000Z\r\nP[1]={00000000-0000-0000-0000-000000000000}\r\nP[2]=Assert Reporting\r\nP[3]=Assert\r\nP[4]=blnf2\r\nP[5]=1", "SessionId": "9B382263-4A19-C14D-BB75-D8EA66FB340B", "SequenceNumber": 1398, "IsSubrule": false}
I/K2_ULS axbjw OfficeTelemetry_RuleProcessing( 4707): OTele_Rules_Result2 {"ETW_EventId": 197, "ETW_Keywords": 4, "RuleId": 180019, "RuleVersion": 1, "TriggerTime": "2017-01-03T06:56:42.4500000Z", "Payloads": "P[0]=2017-01-03T06:56:30.7120000Z\r\nP[1]={00000000-0000-0000-0000-000000000000}\r\nP[2]=Assert Reporting\r\nP[3]=Assert\r\nP[4]=bcwv7\r\nP[5]=10", "SessionId": "9B382263-4A19-C14D-BB75-D8EA66FB340B", "SequenceNumber": 1399, "IsSubrule": false}
I/K2_ULS axbjw OfficeTelemetry_RuleProcessing( 4707): OTele_ETW_TDC_SubmitPayload {"ETW_EventId": 122, "ETW_Keywords": 4, "DataCollector": 0, "RuleID": 120307, "PayloadType": 2, "PayloadName": "Passthrough", "ResultTime": "2017-01-03T06:56:42Z"}
I/K2_ULS axbjw OfficeTelemetry_RuleProcessing( 4707): OTele_ETW_TDC_SubmitPayload {"ETW_EventId": 122, "ETW_Keywords": 4, "DataCollector": 0, "RuleID": 120307, "PayloadType": 2, "PayloadName": "Passthrough", "ResultTime": "2017-01-03T06:56:42Z"}
I/K2_ULS axbjw OfficeTelemetry_RuleProcessing( 4707): OTele_ETW_TDC_SubmitPayload {"ETW_EventId": 122, "ETW_Keywords": 4, "DataCollector": 0, "RuleID": 120503, "PayloadType": 2, "PayloadName": "Passthrough", "ResultTime": "2017-01-03T06:56:42Z"}
I/K2_ULS axbjw OfficeTelemetry_RuleProcessing( 4707): OTele_ETW_TDC_SubmitPayload {"ETW_EventId": 122, "ETW_Keywords": 4, "DataCollector": 0, "RuleID": 120503, "PayloadType": 2, "PayloadName": "Passthrough", "ResultTime": "2017-01-03T06:56:42Z"}
I/K2_ULS axbjw OfficeTelemetry_RuleProcessing( 4707): OTele_ETW_TDC_SubmitPayload {"ETW_EventId": 122, "ETW_Keywords": 4, "DataCollector": 0, "RuleID": 120503, "PayloadType": 2, "PayloadName": "Passthrough", "ResultTime": "2017-01-03T06:56:42Z"}
I/K2_ULS axbjw OfficeTelemetry_RuleProcessing( 4707): OTele_ETW_TDC_SubmitPayload {"ETW_EventId": 122, "ETW_Keywords": 4, "DataCollector": 0, "RuleID": 180019, "PayloadType": 2, "PayloadName": "Passthrough", "ResultTime": "2017-01-03T06:56:42Z"}
I/K2_ULS axbjw OfficeTelemetry_RuleProcessing( 4707): OTele_ETW_TDC_SubmitPayload {"ETW_EventId": 122, "ETW_Keywords": 4, "DataCollector": 0, "RuleID": 180019, "PayloadType": 2, "PayloadName": "Passthrough", "ResultTime": "2017-01-03T06:56:42Z"}
I/K2_ULS axbjw OfficeTelemetry_RuleProcessing( 4707): OTele_ETW_TDC_SubmitPayload {"ETW_EventId": 122, "ETW_Keywords": 4, "DataCollector": 0, "RuleID": 180019, "PayloadType": 2, "PayloadName": "Passthrough", "ResultTime": "2017-01-03T06:56:42Z"}
W/ResourceType( 2362): No package identifier when getting value for resource number 0x00000000
W/PackageManager( 2362): Failure retrieving resources for com.android.inputmethod.pinyin: Resource ID #0x0
W/linker  ( 7412): [vdso]: unused DT entry: type 0x6ffffef5 arg 0x160
W/ResourceType( 2362): No package identifier when getting value for resource number 0x00000000
W/PackageManager( 2362): Failure retrieving resources for com.android.inputmethod.pinyin: Resource ID #0x0
W/ResourceType( 2362): No package identifier when getting value for resource number 0x00000000
W/PackageManager( 2362): Failure retrieving resources for com.android.inputmethod.pinyin: Resource ID #0x0
W/ResourceType( 2362): No package identifier when getting value for resource number 0x00000000
W/PackageManager( 2362): Failure retrieving resources for com.android.inputmethod.pinyin: Resource ID #0x0
W/ResourceType( 2362): No package identifier when getting value for resource number 0x00000000
W/PackageManager( 2362): Failure retrieving resources for com.android.inputmethod.pinyin: Resource ID #0x0
W/ResourceType( 2362): No package identifier when getting value for resource number 0x00000000
W/PackageManager( 2362): Failure retrieving resources for com.android.inputmethod.pinyin: Resource ID #0x0
W/ResourceType( 2362): No package identifier when getting value for resource number 0x00000000
W/PackageManager( 2362): Failure retrieving resources for com.android.inputmethod.pinyin: Resource ID #0x0
W/ResourceType( 2362): No package identifier when getting value for resource number 0x00000000
